<html>
<body>
<pre>
<h1>µVision Build Log</h1>
<h2>Tool Versions:</h2>
IDE-Version: ¦ÌVision V5.34.0.0
Copyright (C) 2021 ARM Ltd and ARM Germany GmbH. All rights reserved.
License Information: 1 Secret, 1, LIC=----
 
Tool Versions:
Toolchain:       MDK-Lite  Version: 5.34.0.0
Toolchain Path:  C:\Keil_v5\ARM\ARMCC\Bin
C Compiler:      Armcc.exe V5.06 update 7 (build 960)
Assembler:       Armasm.exe V5.06 update 7 (build 960)
Linker/Locator:  ArmLink.exe V5.06 update 7 (build 960)
Library Manager: ArmAr.exe V5.06 update 7 (build 960)
Hex Converter:   FromElf.exe V5.06 update 7 (build 960)
CPU DLL:         SARMCM3.DLL V5.34.0.0
Dialog DLL:      DCM.DLL V1.17.3.0
Target DLL:      STLink\ST-LINKIII-KEIL_SWO.dll V3.0.8.0
Dialog DLL:      TCM.DLL V1.48.0.0
 
<h2>Project:</h2>
E:\project\bms\BMS_PRO\BMS_Rebuild_add_freertos\Projects\MDK-ARM\BMS_Rebuild_add_freertos.uvprojx
Project File Date:  06/06/2026

<h2>Output:</h2>
*** Using Compiler 'V5.06 update 7 (build 960)', folder: 'C:\Keil_v5\ARM\ARMCC\Bin'
Rebuild target 'Template'
assembling startup_stm32f103xb.s...
compiling can_drv.c...
compiling bq76940_app.c...
compiling io_ctrl.c...
compiling bq76200_exec.c...
compiling bq76940_alarm.c...
compiling bq76200_exec_port.c...
compiling system_stm32f1xx.c...
compiling bq76940_protect.c...
compiling bq76940_print.c...
compiling list.c...
compiling soft_i2c1.c...
compiling led.c...
compiling tasks.c...
compiling queue.c...
compiling heap_4.c...
compiling bq76940_drv.c...
compiling port.c...
compiling main.c...
compiling stm32f1xx_it.c...
compiling bms_tasks.c...
compiling stm32f1xx_hal_rcc_ex.c...
compiling stm32f1xx_hal_cortex.c...
compiling stm32f1xx_hal_dma.c...
compiling stm32f1xx_hal_gpio_ex.c...
compiling sys.c...
compiling stm32f1xx_hal_rcc.c...
compiling stm32f1xx_hal.c...
compiling stm32f1xx_hal_usart.c...
compiling uart1.c...
compiling stm32f1xx_hal_gpio.c...
compiling delay.c...
compiling stm32f1xx_hal_can.c...
compiling stm32f1xx_hal_uart.c...
linking...
Program Size: Code=27032 RO-data=700 RW-data=124 ZI-data=9788  
FromELF: creating hex file...
"..\..\Output\stm32f103.axf" - 0 Error(s), 0 Warning(s).

<h2>Software Packages used:</h2>

Package Vendor: Keil
                http://www.keil.com/pack/Keil.STM32F1xx_DFP.2.4.0.pack
                Keil.STM32F1xx_DFP.2.4.0
                STMicroelectronics STM32F1 Series Device Support, Drivers and Examples

<h2>Collection of Component include folders:</h2>
  E:\software_tools\keil5\Keil\STM32F1xx_DFP\2.4.0\Device\Include

<h2>Collection of Component Files used:</h2>
Build Time Elapsed:  00:00:07
</pre>
</body>
</html>
