<!doctype html public "-//w3c//dtd html 4.0 transitional//en">
<html><head>
<title>Static Call Graph - [..\..\Output\stm32f103.axf]</title></head>
<body><HR>
<H1>Static Call Graph for image ..\..\Output\stm32f103.axf</H1><HR>
<BR><P>#&#060CALLGRAPH&#062# ARM Linker, 5060960: Last Updated: Sat Jun 06 14:10:48 2026
<BR><P>
<H3>Maximum Stack Usage =        244 bytes + Unknown(Cycles, Untraceable Function Pointers)</H3><H3>
Call chain for Maximum Stack Depth:</H3>
BMS_CoreTask &rArr; BQ76940_AppRunCycle &rArr; BQ76940_ReadAllMappedCellVoltages9_mV &rArr; BQ76940_ReadMappedCellVoltage9_mV &rArr; BQ76940_ReadCellVoltageRaw &rArr; BQ76940_ReadReg &rArr; SoftI2C1_ReadReg &rArr; SoftI2C1_ReadByte &rArr; SoftI2C1_NAck &rArr; SoftI2C1_SDA_Out &rArr; HAL_GPIO_Init
<P>
<H3>
Mutually Recursive functions
</H3> <LI><a href="#[1c]">ADC1_2_IRQHandler</a>&nbsp;&nbsp;&nbsp;&rArr;&nbsp;&nbsp;&nbsp;<a href="#[1c]">ADC1_2_IRQHandler</a><BR>
</UL>
<P>
<H3>
Function Pointers
</H3><UL>
 <LI><a href="#[1c]">ADC1_2_IRQHandler</a> from startup_stm32f103xb.o(.text) referenced from startup_stm32f103xb.o(RESET)
 <LI><a href="#[38]">BMS_CoreTask</a> from bms_tasks.o(i.BMS_CoreTask) referenced from bms_tasks.o(i.BMS_TasksCreate)
 <LI><a href="#[4]">BusFault_Handler</a> from stm32f1xx_it.o(i.BusFault_Handler) referenced from startup_stm32f103xb.o(RESET)
 <LI><a href="#[1f]">CAN1_RX1_IRQHandler</a> from startup_stm32f103xb.o(.text) referenced from startup_stm32f103xb.o(RESET)
 <LI><a href="#[20]">CAN1_SCE_IRQHandler</a> from startup_stm32f103xb.o(.text) referenced from startup_stm32f103xb.o(RESET)
 <LI><a href="#[15]">DMA1_Channel1_IRQHandler</a> from startup_stm32f103xb.o(.text) referenced from startup_stm32f103xb.o(RESET)
 <LI><a href="#[16]">DMA1_Channel2_IRQHandler</a> from startup_stm32f103xb.o(.text) referenced from startup_stm32f103xb.o(RESET)
 <LI><a href="#[17]">DMA1_Channel3_IRQHandler</a> from startup_stm32f103xb.o(.text) referenced from startup_stm32f103xb.o(RESET)
 <LI><a href="#[18]">DMA1_Channel4_IRQHandler</a> from startup_stm32f103xb.o(.text) referenced from startup_stm32f103xb.o(RESET)
 <LI><a href="#[19]">DMA1_Channel5_IRQHandler</a> from startup_stm32f103xb.o(.text) referenced from startup_stm32f103xb.o(RESET)
 <LI><a href="#[1a]">DMA1_Channel6_IRQHandler</a> from startup_stm32f103xb.o(.text) referenced from startup_stm32f103xb.o(RESET)
 <LI><a href="#[1b]">DMA1_Channel7_IRQHandler</a> from startup_stm32f103xb.o(.text) referenced from startup_stm32f103xb.o(RESET)
 <LI><a href="#[7]">DebugMon_Handler</a> from stm32f1xx_it.o(i.DebugMon_Handler) referenced from startup_stm32f103xb.o(RESET)
 <LI><a href="#[10]">EXTI0_IRQHandler</a> from startup_stm32f103xb.o(.text) referenced from startup_stm32f103xb.o(RESET)
 <LI><a href="#[32]">EXTI15_10_IRQHandler</a> from startup_stm32f103xb.o(.text) referenced from startup_stm32f103xb.o(RESET)
 <LI><a href="#[11]">EXTI1_IRQHandler</a> from startup_stm32f103xb.o(.text) referenced from startup_stm32f103xb.o(RESET)
 <LI><a href="#[12]">EXTI2_IRQHandler</a> from startup_stm32f103xb.o(.text) referenced from startup_stm32f103xb.o(RESET)
 <LI><a href="#[13]">EXTI3_IRQHandler</a> from startup_stm32f103xb.o(.text) referenced from startup_stm32f103xb.o(RESET)
 <LI><a href="#[14]">EXTI4_IRQHandler</a> from startup_stm32f103xb.o(.text) referenced from startup_stm32f103xb.o(RESET)
 <LI><a href="#[21]">EXTI9_5_IRQHandler</a> from startup_stm32f103xb.o(.text) referenced from startup_stm32f103xb.o(RESET)
 <LI><a href="#[e]">FLASH_IRQHandler</a> from startup_stm32f103xb.o(.text) referenced from startup_stm32f103xb.o(RESET)
 <LI><a href="#[2]">HardFault_Handler</a> from stm32f1xx_it.o(i.HardFault_Handler) referenced from startup_stm32f103xb.o(RESET)
 <LI><a href="#[2a]">I2C1_ER_IRQHandler</a> from startup_stm32f103xb.o(.text) referenced from startup_stm32f103xb.o(RESET)
 <LI><a href="#[29]">I2C1_EV_IRQHandler</a> from startup_stm32f103xb.o(.text) referenced from startup_stm32f103xb.o(RESET)
 <LI><a href="#[2c]">I2C2_ER_IRQHandler</a> from startup_stm32f103xb.o(.text) referenced from startup_stm32f103xb.o(RESET)
 <LI><a href="#[2b]">I2C2_EV_IRQHandler</a> from startup_stm32f103xb.o(.text) referenced from startup_stm32f103xb.o(RESET)
 <LI><a href="#[39]">LED_Task</a> from bms_tasks.o(i.LED_Task) referenced from bms_tasks.o(i.BMS_TasksCreate)
 <LI><a href="#[3]">MemManage_Handler</a> from stm32f1xx_it.o(i.MemManage_Handler) referenced from startup_stm32f103xb.o(RESET)
 <LI><a href="#[1]">NMI_Handler</a> from stm32f1xx_it.o(i.NMI_Handler) referenced from startup_stm32f103xb.o(RESET)
 <LI><a href="#[b]">PVD_IRQHandler</a> from startup_stm32f103xb.o(.text) referenced from startup_stm32f103xb.o(RESET)
 <LI><a href="#[8]">PendSV_Handler</a> from port.o(.emb_text) referenced from startup_stm32f103xb.o(RESET)
 <LI><a href="#[f]">RCC_IRQHandler</a> from startup_stm32f103xb.o(.text) referenced from startup_stm32f103xb.o(RESET)
 <LI><a href="#[33]">RTC_Alarm_IRQHandler</a> from startup_stm32f103xb.o(.text) referenced from startup_stm32f103xb.o(RESET)
 <LI><a href="#[d]">RTC_IRQHandler</a> from startup_stm32f103xb.o(.text) referenced from startup_stm32f103xb.o(RESET)
 <LI><a href="#[0]">Reset_Handler</a> from startup_stm32f103xb.o(.text) referenced from startup_stm32f103xb.o(RESET)
 <LI><a href="#[2d]">SPI1_IRQHandler</a> from startup_stm32f103xb.o(.text) referenced from startup_stm32f103xb.o(RESET)
 <LI><a href="#[2e]">SPI2_IRQHandler</a> from startup_stm32f103xb.o(.text) referenced from startup_stm32f103xb.o(RESET)
 <LI><a href="#[6]">SVC_Handler</a> from port.o(.emb_text) referenced from startup_stm32f103xb.o(RESET)
 <LI><a href="#[9]">SysTick_Handler</a> from stm32f1xx_it.o(i.SysTick_Handler) referenced from startup_stm32f103xb.o(RESET)
 <LI><a href="#[36]">SystemInit</a> from system_stm32f1xx.o(i.SystemInit) referenced from startup_stm32f103xb.o(.text)
 <LI><a href="#[c]">TAMPER_IRQHandler</a> from startup_stm32f103xb.o(.text) referenced from startup_stm32f103xb.o(RESET)
 <LI><a href="#[22]">TIM1_BRK_IRQHandler</a> from startup_stm32f103xb.o(.text) referenced from startup_stm32f103xb.o(RESET)
 <LI><a href="#[25]">TIM1_CC_IRQHandler</a> from startup_stm32f103xb.o(.text) referenced from startup_stm32f103xb.o(RESET)
 <LI><a href="#[24]">TIM1_TRG_COM_IRQHandler</a> from startup_stm32f103xb.o(.text) referenced from startup_stm32f103xb.o(RESET)
 <LI><a href="#[23]">TIM1_UP_IRQHandler</a> from startup_stm32f103xb.o(.text) referenced from startup_stm32f103xb.o(RESET)
 <LI><a href="#[26]">TIM2_IRQHandler</a> from startup_stm32f103xb.o(.text) referenced from startup_stm32f103xb.o(RESET)
 <LI><a href="#[27]">TIM3_IRQHandler</a> from startup_stm32f103xb.o(.text) referenced from startup_stm32f103xb.o(RESET)
 <LI><a href="#[28]">TIM4_IRQHandler</a> from startup_stm32f103xb.o(.text) referenced from startup_stm32f103xb.o(RESET)
 <LI><a href="#[2f]">USART1_IRQHandler</a> from uart1.o(i.USART1_IRQHandler) referenced from startup_stm32f103xb.o(RESET)
 <LI><a href="#[30]">USART2_IRQHandler</a> from startup_stm32f103xb.o(.text) referenced from startup_stm32f103xb.o(RESET)
 <LI><a href="#[31]">USART3_IRQHandler</a> from startup_stm32f103xb.o(.text) referenced from startup_stm32f103xb.o(RESET)
 <LI><a href="#[34]">USBWakeUp_IRQHandler</a> from startup_stm32f103xb.o(.text) referenced from startup_stm32f103xb.o(RESET)
 <LI><a href="#[1d]">USB_HP_CAN1_TX_IRQHandler</a> from startup_stm32f103xb.o(.text) referenced from startup_stm32f103xb.o(RESET)
 <LI><a href="#[1e]">USB_LP_CAN1_RX0_IRQHandler</a> from startup_stm32f103xb.o(.text) referenced from startup_stm32f103xb.o(RESET)
 <LI><a href="#[5]">UsageFault_Handler</a> from stm32f1xx_it.o(i.UsageFault_Handler) referenced from startup_stm32f103xb.o(RESET)
 <LI><a href="#[a]">WWDG_IRQHandler</a> from startup_stm32f103xb.o(.text) referenced from startup_stm32f103xb.o(RESET)
 <LI><a href="#[37]">__main</a> from entry.o(.ARM.Collect$$$$00000000) referenced from startup_stm32f103xb.o(.text)
 <LI><a href="#[3a]">fputc</a> from uart1.o(i.fputc) referenced from printf8.o(i.__0printf$8)
 <LI><a href="#[35]">main</a> from main.o(i.main) referenced from entry9a.o(.ARM.Collect$$$$0000000B)
 <LI><a href="#[3c]">prvIdleTask</a> from tasks.o(i.prvIdleTask) referenced from tasks.o(i.vTaskStartScheduler)
 <LI><a href="#[3b]">prvTaskExitError</a> from port.o(i.prvTaskExitError) referenced from port.o(i.pxPortInitialiseStack)
</UL>
<P>
<H3>
Global Symbols
</H3>
<P><STRONG><a name="[37]"></a>__main</STRONG> (Thumb, 0 bytes, Stack size unknown bytes, entry.o(.ARM.Collect$$$$00000000))
<BR>[Address Reference Count : 1]<UL><LI> startup_stm32f103xb.o(.text)
</UL>
<P><STRONG><a name="[11b]"></a>_main_stk</STRONG> (Thumb, 0 bytes, Stack size unknown bytes, entry2.o(.ARM.Collect$$$$00000001))

<P><STRONG><a name="[3d]"></a>_main_scatterload</STRONG> (Thumb, 0 bytes, Stack size unknown bytes, entry5.o(.ARM.Collect$$$$00000004))
<BR><BR>[Calls]<UL><LI><a href="#[3e]">&gt;&gt;</a>&nbsp;&nbsp;&nbsp;__scatterload
</UL>

<P><STRONG><a name="[4e]"></a>__main_after_scatterload</STRONG> (Thumb, 0 bytes, Stack size unknown bytes, entry5.o(.ARM.Collect$$$$00000004))
<BR><BR>[Called By]<UL><LI><a href="#[3e]">&gt;&gt;</a>&nbsp;&nbsp;&nbsp;__scatterload
</UL>

<P><STRONG><a name="[11c]"></a>_main_clock</STRONG> (Thumb, 0 bytes, Stack size unknown bytes, entry7b.o(.ARM.Collect$$$$00000008))

<P><STRONG><a name="[11d]"></a>_main_cpp_init</STRONG> (Thumb, 0 bytes, Stack size unknown bytes, entry8b.o(.ARM.Collect$$$$0000000A))

<P><STRONG><a name="[11e]"></a>_main_init</STRONG> (Thumb, 0 bytes, Stack size unknown bytes, entry9a.o(.ARM.Collect$$$$0000000B))

<P><STRONG><a name="[11f]"></a>__rt_lib_shutdown_fini</STRONG> (Thumb, 0 bytes, Stack size unknown bytes, entry12b.o(.ARM.Collect$$$$0000000E))

<P><STRONG><a name="[120]"></a>__rt_final_cpp</STRONG> (Thumb, 0 bytes, Stack size unknown bytes, entry10a.o(.ARM.Collect$$$$0000000F))

<P><STRONG><a name="[121]"></a>__rt_final_exit</STRONG> (Thumb, 0 bytes, Stack size unknown bytes, entry11a.o(.ARM.Collect$$$$00000011))

<P><STRONG><a name="[6]"></a>SVC_Handler</STRONG> (Thumb, 32 bytes, Stack size 0 bytes, port.o(.emb_text))
<BR>[Address Reference Count : 1]<UL><LI> startup_stm32f103xb.o(RESET)
</UL>
<P><STRONG><a name="[118]"></a>__asm___6_port_c_39a90d8d__prvStartFirstTask</STRONG> (Thumb, 28 bytes, Stack size 0 bytes, port.o(.emb_text))
<BR><BR>[Called By]<UL><LI><a href="#[116]">&gt;&gt;</a>&nbsp;&nbsp;&nbsp;xPortStartScheduler
</UL>

<P><STRONG><a name="[8]"></a>PendSV_Handler</STRONG> (Thumb, 72 bytes, Stack size 0 bytes, port.o(.emb_text))
<BR><BR>[Stack]<UL><LI>Max Depth = 40<LI>Call Chain = PendSV_Handler &rArr; vTaskSwitchContext &rArr; vApplicationStackOverflowHook &rArr; __2printf
</UL>
<BR>[Calls]<UL><LI><a href="#[3f]">&gt;&gt;</a>&nbsp;&nbsp;&nbsp;vTaskSwitchContext
</UL>
<BR>[Address Reference Count : 1]<UL><LI> startup_stm32f103xb.o(RESET)
</UL>
<P><STRONG><a name="[122]"></a>vPortGetIPSR</STRONG> (Thumb, 6 bytes, Stack size 0 bytes, port.o(.emb_text), UNUSED)

<P><STRONG><a name="[0]"></a>Reset_Handler</STRONG> (Thumb, 8 bytes, Stack size 0 bytes, startup_stm32f103xb.o(.text))
<BR>[Address Reference Count : 1]<UL><LI> startup_stm32f103xb.o(RESET)
</UL>
<P><STRONG><a name="[1c]"></a>ADC1_2_IRQHandler</STRONG> (Thumb, 0 bytes, Stack size 0 bytes, startup_stm32f103xb.o(.text))
<BR><BR>[Calls]<UL><LI><a href="#[1c]">&gt;&gt;</a>&nbsp;&nbsp;&nbsp;ADC1_2_IRQHandler
</UL>
<BR>[Called By]<UL><LI><a href="#[1c]">&gt;&gt;</a>&nbsp;&nbsp;&nbsp;ADC1_2_IRQHandler
</UL>
<BR>[Address Reference Count : 1]<UL><LI> startup_stm32f103xb.o(RESET)
</UL>
<P><STRONG><a name="[1f]"></a>CAN1_RX1_IRQHandler</STRONG> (Thumb, 0 bytes, Stack size 0 bytes, startup_stm32f103xb.o(.text))
<BR>[Address Reference Count : 1]<UL><LI> startup_stm32f103xb.o(RESET)
</UL>
<P><STRONG><a name="[20]"></a>CAN1_SCE_IRQHandler</STRONG> (Thumb, 0 bytes, Stack size 0 bytes, startup_stm32f103xb.o(.text))
<BR>[Address Reference Count : 1]<UL><LI> startup_stm32f103xb.o(RESET)
</UL>
<P><STRONG><a name="[15]"></a>DMA1_Channel1_IRQHandler</STRONG> (Thumb, 0 bytes, Stack size 0 bytes, startup_stm32f103xb.o(.text))
<BR>[Address Reference Count : 1]<UL><LI> startup_stm32f103xb.o(RESET)
</UL>
<P><STRONG><a name="[16]"></a>DMA1_Channel2_IRQHandler</STRONG> (Thumb, 0 bytes, Stack size 0 bytes, startup_stm32f103xb.o(.text))
<BR>[Address Reference Count : 1]<UL><LI> startup_stm32f103xb.o(RESET)
</UL>
<P><STRONG><a name="[17]"></a>DMA1_Channel3_IRQHandler</STRONG> (Thumb, 0 bytes, Stack size 0 bytes, startup_stm32f103xb.o(.text))
<BR>[Address Reference Count : 1]<UL><LI> startup_stm32f103xb.o(RESET)
</UL>
<P><STRONG><a name="[18]"></a>DMA1_Channel4_IRQHandler</STRONG> (Thumb, 0 bytes, Stack size 0 bytes, startup_stm32f103xb.o(.text))
<BR>[Address Reference Count : 1]<UL><LI> startup_stm32f103xb.o(RESET)
</UL>
<P><STRONG><a name="[19]"></a>DMA1_Channel5_IRQHandler</STRONG> (Thumb, 0 bytes, Stack size 0 bytes, startup_stm32f103xb.o(.text))
<BR>[Address Reference Count : 1]<UL><LI> startup_stm32f103xb.o(RESET)
</UL>
<P><STRONG><a name="[1a]"></a>DMA1_Channel6_IRQHandler</STRONG> (Thumb, 0 bytes, Stack size 0 bytes, startup_stm32f103xb.o(.text))
<BR>[Address Reference Count : 1]<UL><LI> startup_stm32f103xb.o(RESET)
</UL>
<P><STRONG><a name="[1b]"></a>DMA1_Channel7_IRQHandler</STRONG> (Thumb, 0 bytes, Stack size 0 bytes, startup_stm32f103xb.o(.text))
<BR>[Address Reference Count : 1]<UL><LI> startup_stm32f103xb.o(RESET)
</UL>
<P><STRONG><a name="[10]"></a>EXTI0_IRQHandler</STRONG> (Thumb, 0 bytes, Stack size 0 bytes, startup_stm32f103xb.o(.text))
<BR>[Address Reference Count : 1]<UL><LI> startup_stm32f103xb.o(RESET)
</UL>
<P><STRONG><a name="[32]"></a>EXTI15_10_IRQHandler</STRONG> (Thumb, 0 bytes, Stack size 0 bytes, startup_stm32f103xb.o(.text))
<BR>[Address Reference Count : 1]<UL><LI> startup_stm32f103xb.o(RESET)
</UL>
<P><STRONG><a name="[11]"></a>EXTI1_IRQHandler</STRONG> (Thumb, 0 bytes, Stack size 0 bytes, startup_stm32f103xb.o(.text))
<BR>[Address Reference Count : 1]<UL><LI> startup_stm32f103xb.o(RESET)
</UL>
<P><STRONG><a name="[12]"></a>EXTI2_IRQHandler</STRONG> (Thumb, 0 bytes, Stack size 0 bytes, startup_stm32f103xb.o(.text))
<BR>[Address Reference Count : 1]<UL><LI> startup_stm32f103xb.o(RESET)
</UL>
<P><STRONG><a name="[13]"></a>EXTI3_IRQHandler</STRONG> (Thumb, 0 bytes, Stack size 0 bytes, startup_stm32f103xb.o(.text))
<BR>[Address Reference Count : 1]<UL><LI> startup_stm32f103xb.o(RESET)
</UL>
<P><STRONG><a name="[14]"></a>EXTI4_IRQHandler</STRONG> (Thumb, 0 bytes, Stack size 0 bytes, startup_stm32f103xb.o(.text))
<BR>[Address Reference Count : 1]<UL><LI> startup_stm32f103xb.o(RESET)
</UL>
<P><STRONG><a name="[21]"></a>EXTI9_5_IRQHandler</STRONG> (Thumb, 0 bytes, Stack size 0 bytes, startup_stm32f103xb.o(.text))
<BR>[Address Reference Count : 1]<UL><LI> startup_stm32f103xb.o(RESET)
</UL>
<P><STRONG><a name="[e]"></a>FLASH_IRQHandler</STRONG> (Thumb, 0 bytes, Stack size 0 bytes, startup_stm32f103xb.o(.text))
<BR>[Address Reference Count : 1]<UL><LI> startup_stm32f103xb.o(RESET)
</UL>
<P><STRONG><a name="[2a]"></a>I2C1_ER_IRQHandler</STRONG> (Thumb, 0 bytes, Stack size 0 bytes, startup_stm32f103xb.o(.text))
<BR>[Address Reference Count : 1]<UL><LI> startup_stm32f103xb.o(RESET)
</UL>
<P><STRONG><a name="[29]"></a>I2C1_EV_IRQHandler</STRONG> (Thumb, 0 bytes, Stack size 0 bytes, startup_stm32f103xb.o(.text))
<BR>[Address Reference Count : 1]<UL><LI> startup_stm32f103xb.o(RESET)
</UL>
<P><STRONG><a name="[2c]"></a>I2C2_ER_IRQHandler</STRONG> (Thumb, 0 bytes, Stack size 0 bytes, startup_stm32f103xb.o(.text))
<BR>[Address Reference Count : 1]<UL><LI> startup_stm32f103xb.o(RESET)
</UL>
<P><STRONG><a name="[2b]"></a>I2C2_EV_IRQHandler</STRONG> (Thumb, 0 bytes, Stack size 0 bytes, startup_stm32f103xb.o(.text))
<BR>[Address Reference Count : 1]<UL><LI> startup_stm32f103xb.o(RESET)
</UL>
<P><STRONG><a name="[b]"></a>PVD_IRQHandler</STRONG> (Thumb, 0 bytes, Stack size 0 bytes, startup_stm32f103xb.o(.text))
<BR>[Address Reference Count : 1]<UL><LI> startup_stm32f103xb.o(RESET)
</UL>
<P><STRONG><a name="[f]"></a>RCC_IRQHandler</STRONG> (Thumb, 0 bytes, Stack size 0 bytes, startup_stm32f103xb.o(.text))
<BR>[Address Reference Count : 1]<UL><LI> startup_stm32f103xb.o(RESET)
</UL>
<P><STRONG><a name="[33]"></a>RTC_Alarm_IRQHandler</STRONG> (Thumb, 0 bytes, Stack size 0 bytes, startup_stm32f103xb.o(.text))
<BR>[Address Reference Count : 1]<UL><LI> startup_stm32f103xb.o(RESET)
</UL>
<P><STRONG><a name="[d]"></a>RTC_IRQHandler</STRONG> (Thumb, 0 bytes, Stack size 0 bytes, startup_stm32f103xb.o(.text))
<BR>[Address Reference Count : 1]<UL><LI> startup_stm32f103xb.o(RESET)
</UL>
<P><STRONG><a name="[2d]"></a>SPI1_IRQHandler</STRONG> (Thumb, 0 bytes, Stack size 0 bytes, startup_stm32f103xb.o(.text))
<BR>[Address Reference Count : 1]<UL><LI> startup_stm32f103xb.o(RESET)
</UL>
<P><STRONG><a name="[2e]"></a>SPI2_IRQHandler</STRONG> (Thumb, 0 bytes, Stack size 0 bytes, startup_stm32f103xb.o(.text))
<BR>[Address Reference Count : 1]<UL><LI> startup_stm32f103xb.o(RESET)
</UL>
<P><STRONG><a name="[c]"></a>TAMPER_IRQHandler</STRONG> (Thumb, 0 bytes, Stack size 0 bytes, startup_stm32f103xb.o(.text))
<BR>[Address Reference Count : 1]<UL><LI> startup_stm32f103xb.o(RESET)
</UL>
<P><STRONG><a name="[22]"></a>TIM1_BRK_IRQHandler</STRONG> (Thumb, 0 bytes, Stack size 0 bytes, startup_stm32f103xb.o(.text))
<BR>[Address Reference Count : 1]<UL><LI> startup_stm32f103xb.o(RESET)
</UL>
<P><STRONG><a name="[25]"></a>TIM1_CC_IRQHandler</STRONG> (Thumb, 0 bytes, Stack size 0 bytes, startup_stm32f103xb.o(.text))
<BR>[Address Reference Count : 1]<UL><LI> startup_stm32f103xb.o(RESET)
</UL>
<P><STRONG><a name="[24]"></a>TIM1_TRG_COM_IRQHandler</STRONG> (Thumb, 0 bytes, Stack size 0 bytes, startup_stm32f103xb.o(.text))
<BR>[Address Reference Count : 1]<UL><LI> startup_stm32f103xb.o(RESET)
</UL>
<P><STRONG><a name="[23]"></a>TIM1_UP_IRQHandler</STRONG> (Thumb, 0 bytes, Stack size 0 bytes, startup_stm32f103xb.o(.text))
<BR>[Address Reference Count : 1]<UL><LI> startup_stm32f103xb.o(RESET)
</UL>
<P><STRONG><a name="[26]"></a>TIM2_IRQHandler</STRONG> (Thumb, 0 bytes, Stack size 0 bytes, startup_stm32f103xb.o(.text))
<BR>[Address Reference Count : 1]<UL><LI> startup_stm32f103xb.o(RESET)
</UL>
<P><STRONG><a name="[27]"></a>TIM3_IRQHandler</STRONG> (Thumb, 0 bytes, Stack size 0 bytes, startup_stm32f103xb.o(.text))
<BR>[Address Reference Count : 1]<UL><LI> startup_stm32f103xb.o(RESET)
</UL>
<P><STRONG><a name="[28]"></a>TIM4_IRQHandler</STRONG> (Thumb, 0 bytes, Stack size 0 bytes, startup_stm32f103xb.o(.text))
<BR>[Address Reference Count : 1]<UL><LI> startup_stm32f103xb.o(RESET)
</UL>
<P><STRONG><a name="[30]"></a>USART2_IRQHandler</STRONG> (Thumb, 0 bytes, Stack size 0 bytes, startup_stm32f103xb.o(.text))
<BR>[Address Reference Count : 1]<UL><LI> startup_stm32f103xb.o(RESET)
</UL>
<P><STRONG><a name="[31]"></a>USART3_IRQHandler</STRONG> (Thumb, 0 bytes, Stack size 0 bytes, startup_stm32f103xb.o(.text))
<BR>[Address Reference Count : 1]<UL><LI> startup_stm32f103xb.o(RESET)
</UL>
<P><STRONG><a name="[34]"></a>USBWakeUp_IRQHandler</STRONG> (Thumb, 0 bytes, Stack size 0 bytes, startup_stm32f103xb.o(.text))
<BR>[Address Reference Count : 1]<UL><LI> startup_stm32f103xb.o(RESET)
</UL>
<P><STRONG><a name="[1d]"></a>USB_HP_CAN1_TX_IRQHandler</STRONG> (Thumb, 0 bytes, Stack size 0 bytes, startup_stm32f103xb.o(.text))
<BR>[Address Reference Count : 1]<UL><LI> startup_stm32f103xb.o(RESET)
</UL>
<P><STRONG><a name="[1e]"></a>USB_LP_CAN1_RX0_IRQHandler</STRONG> (Thumb, 0 bytes, Stack size 0 bytes, startup_stm32f103xb.o(.text))
<BR>[Address Reference Count : 1]<UL><LI> startup_stm32f103xb.o(RESET)
</UL>
<P><STRONG><a name="[a]"></a>WWDG_IRQHandler</STRONG> (Thumb, 0 bytes, Stack size 0 bytes, startup_stm32f103xb.o(.text))
<BR>[Address Reference Count : 1]<UL><LI> startup_stm32f103xb.o(RESET)
</UL>
<P><STRONG><a name="[41]"></a>__aeabi_memset</STRONG> (Thumb, 14 bytes, Stack size 0 bytes, memseta.o(.text))
<BR><BR>[Called By]<UL><LI><a href="#[10a]">&gt;&gt;</a>&nbsp;&nbsp;&nbsp;prvInitialiseNewTask
<LI><a href="#[42]">&gt;&gt;</a>&nbsp;&nbsp;&nbsp;_memset$wrapper
<LI><a href="#[40]">&gt;&gt;</a>&nbsp;&nbsp;&nbsp;__aeabi_memclr
</UL>

<P><STRONG><a name="[123]"></a>__aeabi_memset4</STRONG> (Thumb, 0 bytes, Stack size 0 bytes, memseta.o(.text), UNUSED)

<P><STRONG><a name="[124]"></a>__aeabi_memset8</STRONG> (Thumb, 0 bytes, Stack size 0 bytes, memseta.o(.text), UNUSED)

<P><STRONG><a name="[40]"></a>__aeabi_memclr</STRONG> (Thumb, 4 bytes, Stack size 0 bytes, memseta.o(.text), UNUSED)
<BR><BR>[Calls]<UL><LI><a href="#[41]">&gt;&gt;</a>&nbsp;&nbsp;&nbsp;__aeabi_memset
</UL>

<P><STRONG><a name="[7a]"></a>__aeabi_memclr4</STRONG> (Thumb, 0 bytes, Stack size 0 bytes, memseta.o(.text))
<BR><BR>[Called By]<UL><LI><a href="#[fe]">&gt;&gt;</a>&nbsp;&nbsp;&nbsp;stm32_clock_init
<LI><a href="#[79]">&gt;&gt;</a>&nbsp;&nbsp;&nbsp;BQ76940_AppInitDefaultConfig
<LI><a href="#[ef]">&gt;&gt;</a>&nbsp;&nbsp;&nbsp;uart1_rx_clear
</UL>

<P><STRONG><a name="[125]"></a>__aeabi_memclr8</STRONG> (Thumb, 0 bytes, Stack size 0 bytes, memseta.o(.text), UNUSED)

<P><STRONG><a name="[42]"></a>_memset$wrapper</STRONG> (Thumb, 18 bytes, Stack size 8 bytes, memseta.o(.text), UNUSED)
<BR><BR>[Calls]<UL><LI><a href="#[41]">&gt;&gt;</a>&nbsp;&nbsp;&nbsp;__aeabi_memset
</UL>

<P><STRONG><a name="[43]"></a>__aeabi_fadd</STRONG> (Thumb, 164 bytes, Stack size 16 bytes, fadd.o(.text))
<BR><BR>[Stack]<UL><LI>Max Depth = 20<LI>Call Chain = __aeabi_fadd &rArr; _float_epilogue
</UL>
<BR>[Calls]<UL><LI><a href="#[45]">&gt;&gt;</a>&nbsp;&nbsp;&nbsp;_float_round
<LI><a href="#[44]">&gt;&gt;</a>&nbsp;&nbsp;&nbsp;_float_epilogue
</UL>
<BR>[Called By]<UL><LI><a href="#[89]">&gt;&gt;</a>&nbsp;&nbsp;&nbsp;BQ76940_ConvertTS1Temp_dC
<LI><a href="#[46]">&gt;&gt;</a>&nbsp;&nbsp;&nbsp;__aeabi_fsub
<LI><a href="#[a6]">&gt;&gt;</a>&nbsp;&nbsp;&nbsp;logf
<LI><a href="#[47]">&gt;&gt;</a>&nbsp;&nbsp;&nbsp;__aeabi_frsub
</UL>

<P><STRONG><a name="[46]"></a>__aeabi_fsub</STRONG> (Thumb, 6 bytes, Stack size 0 bytes, fadd.o(.text))
<BR><BR>[Stack]<UL><LI>Max Depth = 20<LI>Call Chain = __aeabi_fsub &rArr; __aeabi_fadd &rArr; _float_epilogue
</UL>
<BR>[Calls]<UL><LI><a href="#[43]">&gt;&gt;</a>&nbsp;&nbsp;&nbsp;__aeabi_fadd
</UL>
<BR>[Called By]<UL><LI><a href="#[89]">&gt;&gt;</a>&nbsp;&nbsp;&nbsp;BQ76940_ConvertTS1Temp_dC
<LI><a href="#[a6]">&gt;&gt;</a>&nbsp;&nbsp;&nbsp;logf
</UL>

<P><STRONG><a name="[47]"></a>__aeabi_frsub</STRONG> (Thumb, 6 bytes, Stack size 0 bytes, fadd.o(.text), UNUSED)
<BR><BR>[Calls]<UL><LI><a href="#[43]">&gt;&gt;</a>&nbsp;&nbsp;&nbsp;__aeabi_fadd
</UL>

<P><STRONG><a name="[a4]"></a>__aeabi_fmul</STRONG> (Thumb, 100 bytes, Stack size 8 bytes, fmul.o(.text))
<BR><BR>[Stack]<UL><LI>Max Depth = 8<LI>Call Chain = __aeabi_fmul
</UL>
<BR>[Called By]<UL><LI><a href="#[89]">&gt;&gt;</a>&nbsp;&nbsp;&nbsp;BQ76940_ConvertTS1Temp_dC
<LI><a href="#[a6]">&gt;&gt;</a>&nbsp;&nbsp;&nbsp;logf
</UL>

<P><STRONG><a name="[48]"></a>__aeabi_fdiv</STRONG> (Thumb, 124 bytes, Stack size 8 bytes, fdiv.o(.text))
<BR><BR>[Stack]<UL><LI>Max Depth = 8<LI>Call Chain = __aeabi_fdiv
</UL>
<BR>[Calls]<UL><LI><a href="#[45]">&gt;&gt;</a>&nbsp;&nbsp;&nbsp;_float_round
</UL>
<BR>[Called By]<UL><LI><a href="#[89]">&gt;&gt;</a>&nbsp;&nbsp;&nbsp;BQ76940_ConvertTS1Temp_dC
<LI><a href="#[a6]">&gt;&gt;</a>&nbsp;&nbsp;&nbsp;logf
<LI><a href="#[f5]">&gt;&gt;</a>&nbsp;&nbsp;&nbsp;__mathlib_flt_invalid
<LI><a href="#[f2]">&gt;&gt;</a>&nbsp;&nbsp;&nbsp;__mathlib_flt_divzero
</UL>

<P><STRONG><a name="[49]"></a>__aeabi_ui2f</STRONG> (Thumb, 10 bytes, Stack size 0 bytes, ffltui.o(.text))
<BR><BR>[Stack]<UL><LI>Max Depth = 4<LI>Call Chain = __aeabi_ui2f &rArr; _float_epilogue
</UL>
<BR>[Calls]<UL><LI><a href="#[44]">&gt;&gt;</a>&nbsp;&nbsp;&nbsp;_float_epilogue
</UL>
<BR>[Called By]<UL><LI><a href="#[89]">&gt;&gt;</a>&nbsp;&nbsp;&nbsp;BQ76940_ConvertTS1Temp_dC
</UL>

<P><STRONG><a name="[a8]"></a>__aeabi_f2iz</STRONG> (Thumb, 50 bytes, Stack size 0 bytes, ffixi.o(.text))
<BR><BR>[Called By]<UL><LI><a href="#[89]">&gt;&gt;</a>&nbsp;&nbsp;&nbsp;BQ76940_ConvertTS1Temp_dC
</UL>

<P><STRONG><a name="[126]"></a>__aeabi_cfcmpeq</STRONG> (Thumb, 0 bytes, Stack size 0 bytes, cfcmple.o(.text), UNUSED)

<P><STRONG><a name="[a5]"></a>__aeabi_cfcmple</STRONG> (Thumb, 20 bytes, Stack size 0 bytes, cfcmple.o(.text))
<BR><BR>[Called By]<UL><LI><a href="#[89]">&gt;&gt;</a>&nbsp;&nbsp;&nbsp;BQ76940_ConvertTS1Temp_dC
</UL>

<P><STRONG><a name="[a7]"></a>__aeabi_cfrcmple</STRONG> (Thumb, 20 bytes, Stack size 0 bytes, cfrcmple.o(.text))
<BR><BR>[Called By]<UL><LI><a href="#[89]">&gt;&gt;</a>&nbsp;&nbsp;&nbsp;BQ76940_ConvertTS1Temp_dC
</UL>

<P><STRONG><a name="[4a]"></a>__aeabi_uldivmod</STRONG> (Thumb, 98 bytes, Stack size 40 bytes, uldiv.o(.text), UNUSED)
<BR><BR>[Calls]<UL><LI><a href="#[4b]">&gt;&gt;</a>&nbsp;&nbsp;&nbsp;__aeabi_llsr
<LI><a href="#[4c]">&gt;&gt;</a>&nbsp;&nbsp;&nbsp;__aeabi_llsl
</UL>
<BR>[Called By]<UL><LI><a href="#[f1]">&gt;&gt;</a>&nbsp;&nbsp;&nbsp;_printf_core
</UL>

<P><STRONG><a name="[127]"></a>__I$use$fp</STRONG> (Thumb, 0 bytes, Stack size 0 bytes, iusefp.o(.text), UNUSED)

<P><STRONG><a name="[45]"></a>_float_round</STRONG> (Thumb, 18 bytes, Stack size 0 bytes, fepilogue.o(.text))
<BR><BR>[Called By]<UL><LI><a href="#[48]">&gt;&gt;</a>&nbsp;&nbsp;&nbsp;__aeabi_fdiv
<LI><a href="#[43]">&gt;&gt;</a>&nbsp;&nbsp;&nbsp;__aeabi_fadd
</UL>

<P><STRONG><a name="[44]"></a>_float_epilogue</STRONG> (Thumb, 92 bytes, Stack size 4 bytes, fepilogue.o(.text))
<BR><BR>[Stack]<UL><LI>Max Depth = 4<LI>Call Chain = _float_epilogue
</UL>
<BR>[Called By]<UL><LI><a href="#[49]">&gt;&gt;</a>&nbsp;&nbsp;&nbsp;__aeabi_ui2f
<LI><a href="#[43]">&gt;&gt;</a>&nbsp;&nbsp;&nbsp;__aeabi_fadd
<LI><a href="#[4d]">&gt;&gt;</a>&nbsp;&nbsp;&nbsp;__aeabi_i2f
</UL>

<P><STRONG><a name="[f4]"></a>__ARM_scalbnf</STRONG> (Thumb, 24 bytes, Stack size 0 bytes, fscalb.o(.text))
<BR><BR>[Called By]<UL><LI><a href="#[a6]">&gt;&gt;</a>&nbsp;&nbsp;&nbsp;logf
<LI><a href="#[f3]">&gt;&gt;</a>&nbsp;&nbsp;&nbsp;__mathlib_flt_infnan
</UL>

<P><STRONG><a name="[128]"></a>scalbnf</STRONG> (Thumb, 0 bytes, Stack size 0 bytes, fscalb.o(.text), UNUSED)

<P><STRONG><a name="[4d]"></a>__aeabi_i2f</STRONG> (Thumb, 18 bytes, Stack size 0 bytes, fflti.o(.text))
<BR><BR>[Stack]<UL><LI>Max Depth = 4<LI>Call Chain = __aeabi_i2f &rArr; _float_epilogue
</UL>
<BR>[Calls]<UL><LI><a href="#[44]">&gt;&gt;</a>&nbsp;&nbsp;&nbsp;_float_epilogue
</UL>
<BR>[Called By]<UL><LI><a href="#[a6]">&gt;&gt;</a>&nbsp;&nbsp;&nbsp;logf
</UL>

<P><STRONG><a name="[3e]"></a>__scatterload</STRONG> (Thumb, 28 bytes, Stack size 0 bytes, init.o(.text))
<BR><BR>[Calls]<UL><LI><a href="#[4e]">&gt;&gt;</a>&nbsp;&nbsp;&nbsp;__main_after_scatterload
</UL>
<BR>[Called By]<UL><LI><a href="#[3d]">&gt;&gt;</a>&nbsp;&nbsp;&nbsp;_main_scatterload
</UL>

<P><STRONG><a name="[129]"></a>__scatterload_rt2</STRONG> (Thumb, 0 bytes, Stack size 0 bytes, init.o(.text), UNUSED)

<P><STRONG><a name="[4c]"></a>__aeabi_llsl</STRONG> (Thumb, 30 bytes, Stack size 0 bytes, llshl.o(.text), UNUSED)
<BR><BR>[Called By]<UL><LI><a href="#[4a]">&gt;&gt;</a>&nbsp;&nbsp;&nbsp;__aeabi_uldivmod
</UL>

<P><STRONG><a name="[12a]"></a>_ll_shift_l</STRONG> (Thumb, 0 bytes, Stack size 0 bytes, llshl.o(.text), UNUSED)

<P><STRONG><a name="[4b]"></a>__aeabi_llsr</STRONG> (Thumb, 32 bytes, Stack size 0 bytes, llushr.o(.text), UNUSED)
<BR><BR>[Called By]<UL><LI><a href="#[4a]">&gt;&gt;</a>&nbsp;&nbsp;&nbsp;__aeabi_uldivmod
</UL>

<P><STRONG><a name="[12b]"></a>_ll_ushift_r</STRONG> (Thumb, 0 bytes, Stack size 0 bytes, llushr.o(.text), UNUSED)

<P><STRONG><a name="[52]"></a>BMS_TasksCreate</STRONG> (Thumb, 60 bytes, Stack size 24 bytes, bms_tasks.o(i.BMS_TasksCreate))
<BR><BR>[Stack]<UL><LI>Max Depth = 160<LI>Call Chain = BMS_TasksCreate &rArr; xTaskCreate &rArr; pvPortMalloc &rArr; xTaskResumeAll &rArr; xTaskIncrementTick
</UL>
<BR>[Calls]<UL><LI><a href="#[53]">&gt;&gt;</a>&nbsp;&nbsp;&nbsp;xTaskCreate
</UL>
<BR>[Called By]<UL><LI><a href="#[35]">&gt;&gt;</a>&nbsp;&nbsp;&nbsp;main
</UL>

<P><STRONG><a name="[54]"></a>BQ76200_CHG_EN_ReadBack</STRONG> (Thumb, 22 bytes, Stack size 8 bytes, bq76200_exec_port.o(i.BQ76200_CHG_EN_ReadBack))
<BR><BR>[Stack]<UL><LI>Max Depth = 8<LI>Call Chain = BQ76200_CHG_EN_ReadBack
</UL>
<BR>[Calls]<UL><LI><a href="#[55]">&gt;&gt;</a>&nbsp;&nbsp;&nbsp;HAL_GPIO_ReadPin
</UL>
<BR>[Called By]<UL><LI><a href="#[60]">&gt;&gt;</a>&nbsp;&nbsp;&nbsp;BQ76200_ExecPrintState
</UL>

<P><STRONG><a name="[56]"></a>BQ76200_CHG_EN_Write</STRONG> (Thumb, 26 bytes, Stack size 8 bytes, bq76200_exec_port.o(i.BQ76200_CHG_EN_Write))
<BR><BR>[Stack]<UL><LI>Max Depth = 8<LI>Call Chain = BQ76200_CHG_EN_Write
</UL>
<BR>[Calls]<UL><LI><a href="#[57]">&gt;&gt;</a>&nbsp;&nbsp;&nbsp;HAL_GPIO_WritePin
</UL>
<BR>[Called By]<UL><LI><a href="#[5c]">&gt;&gt;</a>&nbsp;&nbsp;&nbsp;BQ76200_ExecApplyState
</UL>

<P><STRONG><a name="[58]"></a>BQ76200_CP_EN_ReadBack</STRONG> (Thumb, 22 bytes, Stack size 8 bytes, bq76200_exec_port.o(i.BQ76200_CP_EN_ReadBack))
<BR><BR>[Stack]<UL><LI>Max Depth = 8<LI>Call Chain = BQ76200_CP_EN_ReadBack
</UL>
<BR>[Calls]<UL><LI><a href="#[55]">&gt;&gt;</a>&nbsp;&nbsp;&nbsp;HAL_GPIO_ReadPin
</UL>
<BR>[Called By]<UL><LI><a href="#[60]">&gt;&gt;</a>&nbsp;&nbsp;&nbsp;BQ76200_ExecPrintState
</UL>

<P><STRONG><a name="[59]"></a>BQ76200_CP_EN_Write</STRONG> (Thumb, 26 bytes, Stack size 8 bytes, bq76200_exec_port.o(i.BQ76200_CP_EN_Write))
<BR><BR>[Stack]<UL><LI>Max Depth = 8<LI>Call Chain = BQ76200_CP_EN_Write
</UL>
<BR>[Calls]<UL><LI><a href="#[57]">&gt;&gt;</a>&nbsp;&nbsp;&nbsp;HAL_GPIO_WritePin
</UL>
<BR>[Called By]<UL><LI><a href="#[5c]">&gt;&gt;</a>&nbsp;&nbsp;&nbsp;BQ76200_ExecApplyState
</UL>

<P><STRONG><a name="[5a]"></a>BQ76200_DSG_EN_ReadBack</STRONG> (Thumb, 22 bytes, Stack size 8 bytes, bq76200_exec_port.o(i.BQ76200_DSG_EN_ReadBack))
<BR><BR>[Stack]<UL><LI>Max Depth = 8<LI>Call Chain = BQ76200_DSG_EN_ReadBack
</UL>
<BR>[Calls]<UL><LI><a href="#[55]">&gt;&gt;</a>&nbsp;&nbsp;&nbsp;HAL_GPIO_ReadPin
</UL>
<BR>[Called By]<UL><LI><a href="#[60]">&gt;&gt;</a>&nbsp;&nbsp;&nbsp;BQ76200_ExecPrintState
</UL>

<P><STRONG><a name="[5b]"></a>BQ76200_DSG_EN_Write</STRONG> (Thumb, 26 bytes, Stack size 8 bytes, bq76200_exec_port.o(i.BQ76200_DSG_EN_Write))
<BR><BR>[Stack]<UL><LI>Max Depth = 8<LI>Call Chain = BQ76200_DSG_EN_Write
</UL>
<BR>[Calls]<UL><LI><a href="#[57]">&gt;&gt;</a>&nbsp;&nbsp;&nbsp;HAL_GPIO_WritePin
</UL>
<BR>[Called By]<UL><LI><a href="#[5c]">&gt;&gt;</a>&nbsp;&nbsp;&nbsp;BQ76200_ExecApplyState
</UL>

<P><STRONG><a name="[5e]"></a>BQ76200_ExecInit</STRONG> (Thumb, 28 bytes, Stack size 8 bytes, bq76200_exec.o(i.BQ76200_ExecInit))
<BR><BR>[Stack]<UL><LI>Max Depth = 68<LI>Call Chain = BQ76200_ExecInit &rArr; BQ76200_PortInit &rArr; HAL_GPIO_Init
</UL>
<BR>[Calls]<UL><LI><a href="#[5f]">&gt;&gt;</a>&nbsp;&nbsp;&nbsp;BQ76200_PortInit
<LI><a href="#[5c]">&gt;&gt;</a>&nbsp;&nbsp;&nbsp;BQ76200_ExecApplyState
</UL>
<BR>[Called By]<UL><LI><a href="#[79]">&gt;&gt;</a>&nbsp;&nbsp;&nbsp;BQ76940_AppInitDefaultConfig
</UL>

<P><STRONG><a name="[60]"></a>BQ76200_ExecPrintState</STRONG> (Thumb, 106 bytes, Stack size 16 bytes, bq76200_exec.o(i.BQ76200_ExecPrintState))
<BR><BR>[Stack]<UL><LI>Max Depth = 40<LI>Call Chain = BQ76200_ExecPrintState &rArr; __2printf
</UL>
<BR>[Calls]<UL><LI><a href="#[62]">&gt;&gt;</a>&nbsp;&nbsp;&nbsp;BQ76200_PCHG_EN_ReadBack
<LI><a href="#[5a]">&gt;&gt;</a>&nbsp;&nbsp;&nbsp;BQ76200_DSG_EN_ReadBack
<LI><a href="#[58]">&gt;&gt;</a>&nbsp;&nbsp;&nbsp;BQ76200_CP_EN_ReadBack
<LI><a href="#[54]">&gt;&gt;</a>&nbsp;&nbsp;&nbsp;BQ76200_CHG_EN_ReadBack
<LI><a href="#[61]">&gt;&gt;</a>&nbsp;&nbsp;&nbsp;BQ76200_ExecStateToString
<LI><a href="#[50]">&gt;&gt;</a>&nbsp;&nbsp;&nbsp;__2printf
</UL>
<BR>[Called By]<UL><LI><a href="#[4f]">&gt;&gt;</a>&nbsp;&nbsp;&nbsp;BQ76940_AppRunCycle
</UL>

<P><STRONG><a name="[61]"></a>BQ76200_ExecStateToString</STRONG> (Thumb, 44 bytes, Stack size 0 bytes, bq76200_exec.o(i.BQ76200_ExecStateToString))
<BR><BR>[Called By]<UL><LI><a href="#[60]">&gt;&gt;</a>&nbsp;&nbsp;&nbsp;BQ76200_ExecPrintState
</UL>

<P><STRONG><a name="[63]"></a>BQ76200_ExecUpdate</STRONG> (Thumb, 74 bytes, Stack size 16 bytes, bq76200_exec.o(i.BQ76200_ExecUpdate))
<BR><BR>[Stack]<UL><LI>Max Depth = 32<LI>Call Chain = BQ76200_ExecUpdate &rArr; BQ76200_ExecApplyState &rArr; BQ76200_PCHG_EN_Write
</UL>
<BR>[Calls]<UL><LI><a href="#[5c]">&gt;&gt;</a>&nbsp;&nbsp;&nbsp;BQ76200_ExecApplyState
</UL>
<BR>[Called By]<UL><LI><a href="#[4f]">&gt;&gt;</a>&nbsp;&nbsp;&nbsp;BQ76940_AppRunCycle
</UL>

<P><STRONG><a name="[62]"></a>BQ76200_PCHG_EN_ReadBack</STRONG> (Thumb, 22 bytes, Stack size 8 bytes, bq76200_exec_port.o(i.BQ76200_PCHG_EN_ReadBack))
<BR><BR>[Stack]<UL><LI>Max Depth = 8<LI>Call Chain = BQ76200_PCHG_EN_ReadBack
</UL>
<BR>[Calls]<UL><LI><a href="#[55]">&gt;&gt;</a>&nbsp;&nbsp;&nbsp;HAL_GPIO_ReadPin
</UL>
<BR>[Called By]<UL><LI><a href="#[60]">&gt;&gt;</a>&nbsp;&nbsp;&nbsp;BQ76200_ExecPrintState
</UL>

<P><STRONG><a name="[5d]"></a>BQ76200_PCHG_EN_Write</STRONG> (Thumb, 26 bytes, Stack size 8 bytes, bq76200_exec_port.o(i.BQ76200_PCHG_EN_Write))
<BR><BR>[Stack]<UL><LI>Max Depth = 8<LI>Call Chain = BQ76200_PCHG_EN_Write
</UL>
<BR>[Calls]<UL><LI><a href="#[57]">&gt;&gt;</a>&nbsp;&nbsp;&nbsp;HAL_GPIO_WritePin
</UL>
<BR>[Called By]<UL><LI><a href="#[5c]">&gt;&gt;</a>&nbsp;&nbsp;&nbsp;BQ76200_ExecApplyState
</UL>

<P><STRONG><a name="[5f]"></a>BQ76200_PortInit</STRONG> (Thumb, 120 bytes, Stack size 24 bytes, bq76200_exec_port.o(i.BQ76200_PortInit))
<BR><BR>[Stack]<UL><LI>Max Depth = 60<LI>Call Chain = BQ76200_PortInit &rArr; HAL_GPIO_Init
</UL>
<BR>[Calls]<UL><LI><a href="#[57]">&gt;&gt;</a>&nbsp;&nbsp;&nbsp;HAL_GPIO_WritePin
<LI><a href="#[64]">&gt;&gt;</a>&nbsp;&nbsp;&nbsp;HAL_GPIO_Init
</UL>
<BR>[Called By]<UL><LI><a href="#[5e]">&gt;&gt;</a>&nbsp;&nbsp;&nbsp;BQ76200_ExecInit
</UL>

<P><STRONG><a name="[81]"></a>BQ76940_AnalyzeCellVoltages9</STRONG> (Thumb, 92 bytes, Stack size 16 bytes, bq76940_drv.o(i.BQ76940_AnalyzeCellVoltages9))
<BR><BR>[Stack]<UL><LI>Max Depth = 16<LI>Call Chain = BQ76940_AnalyzeCellVoltages9
</UL>
<BR>[Called By]<UL><LI><a href="#[4f]">&gt;&gt;</a>&nbsp;&nbsp;&nbsp;BQ76940_AppRunCycle
</UL>

<P><STRONG><a name="[65]"></a>BQ76940_AppBringUpAndSelfTest</STRONG> (Thumb, 210 bytes, Stack size 16 bytes, bq76940_app.o(i.BQ76940_AppBringUpAndSelfTest))
<BR><BR>[Stack]<UL><LI>Max Depth = 188<LI>Call Chain = BQ76940_AppBringUpAndSelfTest &rArr; BQ76940_ProtectLoadConfig &rArr; BQ76940_LoadProtectionParams &rArr; BQ76940_ReadReg &rArr; SoftI2C1_ReadReg &rArr; SoftI2C1_ReadByte &rArr; SoftI2C1_NAck &rArr; SoftI2C1_SDA_Out &rArr; HAL_GPIO_Init
</UL>
<BR>[Calls]<UL><LI><a href="#[67]">&gt;&gt;</a>&nbsp;&nbsp;&nbsp;BQ_WAKE_Pulse
<LI><a href="#[6b]">&gt;&gt;</a>&nbsp;&nbsp;&nbsp;BQ76940_ProtectReadStatus
<LI><a href="#[6d]">&gt;&gt;</a>&nbsp;&nbsp;&nbsp;BQ76940_ProtectPrintStatus
<LI><a href="#[6c]">&gt;&gt;</a>&nbsp;&nbsp;&nbsp;BQ76940_ProtectLoadOcdScd
<LI><a href="#[6a]">&gt;&gt;</a>&nbsp;&nbsp;&nbsp;BQ76940_ProtectLoadConfig
<LI><a href="#[68]">&gt;&gt;</a>&nbsp;&nbsp;&nbsp;BQ76940_ProtectBringUp
<LI><a href="#[69]">&gt;&gt;</a>&nbsp;&nbsp;&nbsp;BQ76940_PrintBasicRegs
<LI><a href="#[66]">&gt;&gt;</a>&nbsp;&nbsp;&nbsp;BQ76940_PrintAlarmThresholds9
<LI><a href="#[50]">&gt;&gt;</a>&nbsp;&nbsp;&nbsp;__2printf
</UL>
<BR>[Called By]<UL><LI><a href="#[35]">&gt;&gt;</a>&nbsp;&nbsp;&nbsp;main
</UL>

<P><STRONG><a name="[79]"></a>BQ76940_AppInitDefaultConfig</STRONG> (Thumb, 266 bytes, Stack size 8 bytes, bq76940_app.o(i.BQ76940_AppInitDefaultConfig))
<BR><BR>[Stack]<UL><LI>Max Depth = 76<LI>Call Chain = BQ76940_AppInitDefaultConfig &rArr; BQ76200_ExecInit &rArr; BQ76200_PortInit &rArr; HAL_GPIO_Init
</UL>
<BR>[Calls]<UL><LI><a href="#[7b]">&gt;&gt;</a>&nbsp;&nbsp;&nbsp;BQ76940_ClearCellBalRegs
<LI><a href="#[5e]">&gt;&gt;</a>&nbsp;&nbsp;&nbsp;BQ76200_ExecInit
<LI><a href="#[7a]">&gt;&gt;</a>&nbsp;&nbsp;&nbsp;__aeabi_memclr4
</UL>
<BR>[Called By]<UL><LI><a href="#[35]">&gt;&gt;</a>&nbsp;&nbsp;&nbsp;main
</UL>

<P><STRONG><a name="[4f]"></a>BQ76940_AppRunCycle</STRONG> (Thumb, 686 bytes, Stack size 48 bytes, bq76940_app.o(i.BQ76940_AppRunCycle))
<BR><BR>[Stack]<UL><LI>Max Depth = 244<LI>Call Chain = BQ76940_AppRunCycle &rArr; BQ76940_ReadAllMappedCellVoltages9_mV &rArr; BQ76940_ReadMappedCellVoltage9_mV &rArr; BQ76940_ReadCellVoltageRaw &rArr; BQ76940_ReadReg &rArr; SoftI2C1_ReadReg &rArr; SoftI2C1_ReadByte &rArr; SoftI2C1_NAck &rArr; SoftI2C1_SDA_Out &rArr; HAL_GPIO_Init
</UL>
<BR>[Calls]<UL><LI><a href="#[8a]">&gt;&gt;</a>&nbsp;&nbsp;&nbsp;BQ76940_UpdateTempAlarmTs1
<LI><a href="#[8b]">&gt;&gt;</a>&nbsp;&nbsp;&nbsp;BQ76940_UpdateLowTempAlarmTs1
<LI><a href="#[82]">&gt;&gt;</a>&nbsp;&nbsp;&nbsp;BQ76940_UpdateAlarmState9
<LI><a href="#[88]">&gt;&gt;</a>&nbsp;&nbsp;&nbsp;BQ76940_ReadTS1Raw
<LI><a href="#[7f]">&gt;&gt;</a>&nbsp;&nbsp;&nbsp;BQ76940_ReadAllMappedCellVoltages9_mV
<LI><a href="#[8c]">&gt;&gt;</a>&nbsp;&nbsp;&nbsp;BQ76940_ProtectReadFaultStatus
<LI><a href="#[96]">&gt;&gt;</a>&nbsp;&nbsp;&nbsp;BQ76940_ProtectPrintFaultStatus
<LI><a href="#[8d]">&gt;&gt;</a>&nbsp;&nbsp;&nbsp;BQ76940_ProtectGetActiveFaultMask
<LI><a href="#[94]">&gt;&gt;</a>&nbsp;&nbsp;&nbsp;BQ76940_PrintTempAlarmTs1
<LI><a href="#[93]">&gt;&gt;</a>&nbsp;&nbsp;&nbsp;BQ76940_PrintTS1Temp
<LI><a href="#[91]">&gt;&gt;</a>&nbsp;&nbsp;&nbsp;BQ76940_PrintPackCurrent
<LI><a href="#[95]">&gt;&gt;</a>&nbsp;&nbsp;&nbsp;BQ76940_PrintLowTempAlarmTs1
<LI><a href="#[92]">&gt;&gt;</a>&nbsp;&nbsp;&nbsp;BQ76940_PrintCycleSummary9
<LI><a href="#[8f]">&gt;&gt;</a>&nbsp;&nbsp;&nbsp;BQ76940_PrintCellStats9
<LI><a href="#[97]">&gt;&gt;</a>&nbsp;&nbsp;&nbsp;BQ76940_PrintBalanceAutoState
<LI><a href="#[8e]">&gt;&gt;</a>&nbsp;&nbsp;&nbsp;BQ76940_PrintAllMappedCellVoltages9
<LI><a href="#[90]">&gt;&gt;</a>&nbsp;&nbsp;&nbsp;BQ76940_PrintAlarmFlags9
<LI><a href="#[89]">&gt;&gt;</a>&nbsp;&nbsp;&nbsp;BQ76940_ConvertTS1Temp_dC
<LI><a href="#[80]">&gt;&gt;</a>&nbsp;&nbsp;&nbsp;BQ76940_CalcPackVoltage9_mV
<LI><a href="#[84]">&gt;&gt;</a>&nbsp;&nbsp;&nbsp;BQ76940_CC_WaitReady
<LI><a href="#[83]">&gt;&gt;</a>&nbsp;&nbsp;&nbsp;BQ76940_CC_StartOneShot
<LI><a href="#[85]">&gt;&gt;</a>&nbsp;&nbsp;&nbsp;BQ76940_CC_ReadRaw
<LI><a href="#[86]">&gt;&gt;</a>&nbsp;&nbsp;&nbsp;BQ76940_CC_ConvertToCurrent_mA
<LI><a href="#[81]">&gt;&gt;</a>&nbsp;&nbsp;&nbsp;BQ76940_AnalyzeCellVoltages9
<LI><a href="#[63]">&gt;&gt;</a>&nbsp;&nbsp;&nbsp;BQ76200_ExecUpdate
<LI><a href="#[60]">&gt;&gt;</a>&nbsp;&nbsp;&nbsp;BQ76200_ExecPrintState
<LI><a href="#[98]">&gt;&gt;</a>&nbsp;&nbsp;&nbsp;BQ76940_AppSendCanTelemetry
<LI><a href="#[87]">&gt;&gt;</a>&nbsp;&nbsp;&nbsp;BQ76940_AppJudgeCurrentDir
<LI><a href="#[77]">&gt;&gt;</a>&nbsp;&nbsp;&nbsp;BQ76940_AppHandleTempProtect
<LI><a href="#[75]">&gt;&gt;</a>&nbsp;&nbsp;&nbsp;BQ76940_AppHandleOcdScdProtect
<LI><a href="#[72]">&gt;&gt;</a>&nbsp;&nbsp;&nbsp;BQ76940_AppHandleLowTempProtect
<LI><a href="#[6e]">&gt;&gt;</a>&nbsp;&nbsp;&nbsp;BQ76940_AppHandleAutoBalance
<LI><a href="#[50]">&gt;&gt;</a>&nbsp;&nbsp;&nbsp;__2printf
</UL>
<BR>[Called By]<UL><LI><a href="#[38]">&gt;&gt;</a>&nbsp;&nbsp;&nbsp;BMS_CoreTask
</UL>

<P><STRONG><a name="[9e]"></a>BQ76940_BuildSingleCellBalMask</STRONG> (Thumb, 80 bytes, Stack size 4 bytes, bq76940_drv.o(i.BQ76940_BuildSingleCellBalMask))
<BR><BR>[Stack]<UL><LI>Max Depth = 4<LI>Call Chain = BQ76940_BuildSingleCellBalMask
</UL>
<BR>[Calls]<UL><LI><a href="#[7b]">&gt;&gt;</a>&nbsp;&nbsp;&nbsp;BQ76940_ClearCellBalRegs
</UL>
<BR>[Called By]<UL><LI><a href="#[71]">&gt;&gt;</a>&nbsp;&nbsp;&nbsp;BQ76940_AppStartBalance
</UL>

<P><STRONG><a name="[86]"></a>BQ76940_CC_ConvertToCurrent_mA</STRONG> (Thumb, 28 bytes, Stack size 8 bytes, bq76940_drv.o(i.BQ76940_CC_ConvertToCurrent_mA))
<BR><BR>[Stack]<UL><LI>Max Depth = 8<LI>Call Chain = BQ76940_CC_ConvertToCurrent_mA
</UL>
<BR>[Called By]<UL><LI><a href="#[4f]">&gt;&gt;</a>&nbsp;&nbsp;&nbsp;BQ76940_AppRunCycle
</UL>

<P><STRONG><a name="[85]"></a>BQ76940_CC_ReadRaw</STRONG> (Thumb, 112 bytes, Stack size 16 bytes, bq76940_drv.o(i.BQ76940_CC_ReadRaw))
<BR><BR>[Stack]<UL><LI>Max Depth = 132<LI>Call Chain = BQ76940_CC_ReadRaw &rArr; BQ76940_ReadReg &rArr; SoftI2C1_ReadReg &rArr; SoftI2C1_ReadByte &rArr; SoftI2C1_NAck &rArr; SoftI2C1_SDA_Out &rArr; HAL_GPIO_Init
</UL>
<BR>[Calls]<UL><LI><a href="#[7e]">&gt;&gt;</a>&nbsp;&nbsp;&nbsp;BQ76940_ReadReg
<LI><a href="#[a1]">&gt;&gt;</a>&nbsp;&nbsp;&nbsp;BQ76940_WriteReg_CRC
<LI><a href="#[50]">&gt;&gt;</a>&nbsp;&nbsp;&nbsp;__2printf
</UL>
<BR>[Called By]<UL><LI><a href="#[4f]">&gt;&gt;</a>&nbsp;&nbsp;&nbsp;BQ76940_AppRunCycle
</UL>

<P><STRONG><a name="[83]"></a>BQ76940_CC_StartOneShot</STRONG> (Thumb, 112 bytes, Stack size 8 bytes, bq76940_drv.o(i.BQ76940_CC_StartOneShot))
<BR><BR>[Stack]<UL><LI>Max Depth = 124<LI>Call Chain = BQ76940_CC_StartOneShot &rArr; BQ76940_ReadReg &rArr; SoftI2C1_ReadReg &rArr; SoftI2C1_ReadByte &rArr; SoftI2C1_NAck &rArr; SoftI2C1_SDA_Out &rArr; HAL_GPIO_Init
</UL>
<BR>[Calls]<UL><LI><a href="#[7e]">&gt;&gt;</a>&nbsp;&nbsp;&nbsp;BQ76940_ReadReg
<LI><a href="#[a1]">&gt;&gt;</a>&nbsp;&nbsp;&nbsp;BQ76940_WriteReg_CRC
<LI><a href="#[a2]">&gt;&gt;</a>&nbsp;&nbsp;&nbsp;BQ76940_ClearSysStatBits
</UL>
<BR>[Called By]<UL><LI><a href="#[4f]">&gt;&gt;</a>&nbsp;&nbsp;&nbsp;BQ76940_AppRunCycle
</UL>

<P><STRONG><a name="[84]"></a>BQ76940_CC_WaitReady</STRONG> (Thumb, 56 bytes, Stack size 16 bytes, bq76940_drv.o(i.BQ76940_CC_WaitReady))
<BR><BR>[Stack]<UL><LI>Max Depth = 132<LI>Call Chain = BQ76940_CC_WaitReady &rArr; BQ76940_ReadReg &rArr; SoftI2C1_ReadReg &rArr; SoftI2C1_ReadByte &rArr; SoftI2C1_NAck &rArr; SoftI2C1_SDA_Out &rArr; HAL_GPIO_Init
</UL>
<BR>[Calls]<UL><LI><a href="#[7e]">&gt;&gt;</a>&nbsp;&nbsp;&nbsp;BQ76940_ReadReg
<LI><a href="#[a3]">&gt;&gt;</a>&nbsp;&nbsp;&nbsp;delay_ms
</UL>
<BR>[Called By]<UL><LI><a href="#[4f]">&gt;&gt;</a>&nbsp;&nbsp;&nbsp;BQ76940_AppRunCycle
</UL>

<P><STRONG><a name="[b0]"></a>BQ76940_CalcOvTripFrommV</STRONG> (Thumb, 22 bytes, Stack size 12 bytes, bq76940_protect.o(i.BQ76940_CalcOvTripFrommV))
<BR><BR>[Stack]<UL><LI>Max Depth = 12<LI>Call Chain = BQ76940_CalcOvTripFrommV
</UL>
<BR>[Called By]<UL><LI><a href="#[6a]">&gt;&gt;</a>&nbsp;&nbsp;&nbsp;BQ76940_ProtectLoadConfig
</UL>

<P><STRONG><a name="[80]"></a>BQ76940_CalcPackVoltage9_mV</STRONG> (Thumb, 32 bytes, Stack size 0 bytes, bq76940_drv.o(i.BQ76940_CalcPackVoltage9_mV))
<BR><BR>[Called By]<UL><LI><a href="#[4f]">&gt;&gt;</a>&nbsp;&nbsp;&nbsp;BQ76940_AppRunCycle
</UL>

<P><STRONG><a name="[b1]"></a>BQ76940_CalcUvTripFrommV</STRONG> (Thumb, 22 bytes, Stack size 12 bytes, bq76940_protect.o(i.BQ76940_CalcUvTripFrommV))
<BR><BR>[Stack]<UL><LI>Max Depth = 12<LI>Call Chain = BQ76940_CalcUvTripFrommV
</UL>
<BR>[Called By]<UL><LI><a href="#[6a]">&gt;&gt;</a>&nbsp;&nbsp;&nbsp;BQ76940_ProtectLoadConfig
</UL>

<P><STRONG><a name="[7b]"></a>BQ76940_ClearCellBalRegs</STRONG> (Thumb, 16 bytes, Stack size 0 bytes, bq76940_drv.o(i.BQ76940_ClearCellBalRegs))
<BR><BR>[Called By]<UL><LI><a href="#[9e]">&gt;&gt;</a>&nbsp;&nbsp;&nbsp;BQ76940_BuildSingleCellBalMask
<LI><a href="#[70]">&gt;&gt;</a>&nbsp;&nbsp;&nbsp;BQ76940_AppStopBalance
<LI><a href="#[79]">&gt;&gt;</a>&nbsp;&nbsp;&nbsp;BQ76940_AppInitDefaultConfig
</UL>

<P><STRONG><a name="[a2]"></a>BQ76940_ClearSysStatBits</STRONG> (Thumb, 14 bytes, Stack size 8 bytes, bq76940_drv.o(i.BQ76940_ClearSysStatBits))
<BR><BR>[Stack]<UL><LI>Max Depth = 100<LI>Call Chain = BQ76940_ClearSysStatBits &rArr; BQ76940_WriteReg_CRC &rArr; SoftI2C1_WaitAck &rArr; SoftI2C1_Stop &rArr; SoftI2C1_SDA_Out &rArr; HAL_GPIO_Init
</UL>
<BR>[Calls]<UL><LI><a href="#[a1]">&gt;&gt;</a>&nbsp;&nbsp;&nbsp;BQ76940_WriteReg_CRC
</UL>
<BR>[Called By]<UL><LI><a href="#[83]">&gt;&gt;</a>&nbsp;&nbsp;&nbsp;BQ76940_CC_StartOneShot
</UL>

<P><STRONG><a name="[b7]"></a>BQ76940_ConvertCellVoltage_mV</STRONG> (Thumb, 58 bytes, Stack size 12 bytes, bq76940_drv.o(i.BQ76940_ConvertCellVoltage_mV))
<BR><BR>[Stack]<UL><LI>Max Depth = 12<LI>Call Chain = BQ76940_ConvertCellVoltage_mV
</UL>
<BR>[Called By]<UL><LI><a href="#[b4]">&gt;&gt;</a>&nbsp;&nbsp;&nbsp;BQ76940_ReadMappedCellVoltage9_mV
</UL>

<P><STRONG><a name="[89]"></a>BQ76940_ConvertTS1Temp_dC</STRONG> (Thumb, 230 bytes, Stack size 64 bytes, bq76940_drv.o(i.BQ76940_ConvertTS1Temp_dC))
<BR><BR>[Stack]<UL><LI>Max Depth = 108<LI>Call Chain = BQ76940_ConvertTS1Temp_dC &rArr; logf &rArr; __aeabi_fsub &rArr; __aeabi_fadd &rArr; _float_epilogue
</UL>
<BR>[Calls]<UL><LI><a href="#[49]">&gt;&gt;</a>&nbsp;&nbsp;&nbsp;__aeabi_ui2f
<LI><a href="#[46]">&gt;&gt;</a>&nbsp;&nbsp;&nbsp;__aeabi_fsub
<LI><a href="#[a4]">&gt;&gt;</a>&nbsp;&nbsp;&nbsp;__aeabi_fmul
<LI><a href="#[48]">&gt;&gt;</a>&nbsp;&nbsp;&nbsp;__aeabi_fdiv
<LI><a href="#[43]">&gt;&gt;</a>&nbsp;&nbsp;&nbsp;__aeabi_fadd
<LI><a href="#[a8]">&gt;&gt;</a>&nbsp;&nbsp;&nbsp;__aeabi_f2iz
<LI><a href="#[a7]">&gt;&gt;</a>&nbsp;&nbsp;&nbsp;__aeabi_cfrcmple
<LI><a href="#[a5]">&gt;&gt;</a>&nbsp;&nbsp;&nbsp;__aeabi_cfcmple
<LI><a href="#[a6]">&gt;&gt;</a>&nbsp;&nbsp;&nbsp;logf
</UL>
<BR>[Called By]<UL><LI><a href="#[4f]">&gt;&gt;</a>&nbsp;&nbsp;&nbsp;BQ76940_AppRunCycle
</UL>

<P><STRONG><a name="[a9]"></a>BQ76940_GetAdcCalib</STRONG> (Thumb, 98 bytes, Stack size 24 bytes, bq76940_drv.o(i.BQ76940_GetAdcCalib))
<BR><BR>[Stack]<UL><LI>Max Depth = 140<LI>Call Chain = BQ76940_GetAdcCalib &rArr; BQ76940_ReadReg &rArr; SoftI2C1_ReadReg &rArr; SoftI2C1_ReadByte &rArr; SoftI2C1_NAck &rArr; SoftI2C1_SDA_Out &rArr; HAL_GPIO_Init
</UL>
<BR>[Calls]<UL><LI><a href="#[7e]">&gt;&gt;</a>&nbsp;&nbsp;&nbsp;BQ76940_ReadReg
</UL>
<BR>[Called By]<UL><LI><a href="#[68]">&gt;&gt;</a>&nbsp;&nbsp;&nbsp;BQ76940_ProtectBringUp
</UL>

<P><STRONG><a name="[aa]"></a>BQ76940_InitForBringUp</STRONG> (Thumb, 44 bytes, Stack size 16 bytes, bq76940_drv.o(i.BQ76940_InitForBringUp))
<BR><BR>[Stack]<UL><LI>Max Depth = 108<LI>Call Chain = BQ76940_InitForBringUp &rArr; BQ76940_WriteReg_CRC &rArr; SoftI2C1_WaitAck &rArr; SoftI2C1_Stop &rArr; SoftI2C1_SDA_Out &rArr; HAL_GPIO_Init
</UL>
<BR>[Calls]<UL><LI><a href="#[a1]">&gt;&gt;</a>&nbsp;&nbsp;&nbsp;BQ76940_WriteReg_CRC
</UL>
<BR>[Called By]<UL><LI><a href="#[68]">&gt;&gt;</a>&nbsp;&nbsp;&nbsp;BQ76940_ProtectBringUp
</UL>

<P><STRONG><a name="[ab]"></a>BQ76940_LoadProtectionParams</STRONG> (Thumb, 162 bytes, Stack size 24 bytes, bq76940_protect.o(i.BQ76940_LoadProtectionParams))
<BR><BR>[Stack]<UL><LI>Max Depth = 140<LI>Call Chain = BQ76940_LoadProtectionParams &rArr; BQ76940_ReadReg &rArr; SoftI2C1_ReadReg &rArr; SoftI2C1_ReadByte &rArr; SoftI2C1_NAck &rArr; SoftI2C1_SDA_Out &rArr; HAL_GPIO_Init
</UL>
<BR>[Calls]<UL><LI><a href="#[7e]">&gt;&gt;</a>&nbsp;&nbsp;&nbsp;BQ76940_ReadReg
<LI><a href="#[a3]">&gt;&gt;</a>&nbsp;&nbsp;&nbsp;delay_ms
<LI><a href="#[a1]">&gt;&gt;</a>&nbsp;&nbsp;&nbsp;BQ76940_WriteReg_CRC
</UL>
<BR>[Called By]<UL><LI><a href="#[6a]">&gt;&gt;</a>&nbsp;&nbsp;&nbsp;BQ76940_ProtectLoadConfig
</UL>

<P><STRONG><a name="[90]"></a>BQ76940_PrintAlarmFlags9</STRONG> (Thumb, 98 bytes, Stack size 8 bytes, bq76940_print.o(i.BQ76940_PrintAlarmFlags9))
<BR><BR>[Stack]<UL><LI>Max Depth = 32<LI>Call Chain = BQ76940_PrintAlarmFlags9 &rArr; __2printf
</UL>
<BR>[Calls]<UL><LI><a href="#[50]">&gt;&gt;</a>&nbsp;&nbsp;&nbsp;__2printf
</UL>
<BR>[Called By]<UL><LI><a href="#[4f]">&gt;&gt;</a>&nbsp;&nbsp;&nbsp;BQ76940_AppRunCycle
</UL>

<P><STRONG><a name="[66]"></a>BQ76940_PrintAlarmThresholds9</STRONG> (Thumb, 60 bytes, Stack size 8 bytes, bq76940_print.o(i.BQ76940_PrintAlarmThresholds9))
<BR><BR>[Stack]<UL><LI>Max Depth = 32<LI>Call Chain = BQ76940_PrintAlarmThresholds9 &rArr; __2printf
</UL>
<BR>[Calls]<UL><LI><a href="#[50]">&gt;&gt;</a>&nbsp;&nbsp;&nbsp;__2printf
</UL>
<BR>[Called By]<UL><LI><a href="#[65]">&gt;&gt;</a>&nbsp;&nbsp;&nbsp;BQ76940_AppBringUpAndSelfTest
</UL>

<P><STRONG><a name="[8e]"></a>BQ76940_PrintAllMappedCellVoltages9</STRONG> (Thumb, 58 bytes, Stack size 24 bytes, bq76940_print.o(i.BQ76940_PrintAllMappedCellVoltages9))
<BR><BR>[Stack]<UL><LI>Max Depth = 48<LI>Call Chain = BQ76940_PrintAllMappedCellVoltages9 &rArr; __2printf
</UL>
<BR>[Calls]<UL><LI><a href="#[50]">&gt;&gt;</a>&nbsp;&nbsp;&nbsp;__2printf
</UL>
<BR>[Called By]<UL><LI><a href="#[4f]">&gt;&gt;</a>&nbsp;&nbsp;&nbsp;BQ76940_AppRunCycle
</UL>

<P><STRONG><a name="[97]"></a>BQ76940_PrintBalanceAutoState</STRONG> (Thumb, 62 bytes, Stack size 16 bytes, bq76940_print.o(i.BQ76940_PrintBalanceAutoState))
<BR><BR>[Stack]<UL><LI>Max Depth = 40<LI>Call Chain = BQ76940_PrintBalanceAutoState &rArr; __2printf
</UL>
<BR>[Calls]<UL><LI><a href="#[50]">&gt;&gt;</a>&nbsp;&nbsp;&nbsp;__2printf
</UL>
<BR>[Called By]<UL><LI><a href="#[4f]">&gt;&gt;</a>&nbsp;&nbsp;&nbsp;BQ76940_AppRunCycle
</UL>

<P><STRONG><a name="[69]"></a>BQ76940_PrintBasicRegs</STRONG> (Thumb, 84 bytes, Stack size 8 bytes, bq76940_print.o(i.BQ76940_PrintBasicRegs))
<BR><BR>[Stack]<UL><LI>Max Depth = 32<LI>Call Chain = BQ76940_PrintBasicRegs &rArr; __2printf
</UL>
<BR>[Calls]<UL><LI><a href="#[50]">&gt;&gt;</a>&nbsp;&nbsp;&nbsp;__2printf
</UL>
<BR>[Called By]<UL><LI><a href="#[65]">&gt;&gt;</a>&nbsp;&nbsp;&nbsp;BQ76940_AppBringUpAndSelfTest
</UL>

<P><STRONG><a name="[8f]"></a>BQ76940_PrintCellStats9</STRONG> (Thumb, 62 bytes, Stack size 16 bytes, bq76940_print.o(i.BQ76940_PrintCellStats9))
<BR><BR>[Stack]<UL><LI>Max Depth = 40<LI>Call Chain = BQ76940_PrintCellStats9 &rArr; __2printf
</UL>
<BR>[Calls]<UL><LI><a href="#[50]">&gt;&gt;</a>&nbsp;&nbsp;&nbsp;__2printf
</UL>
<BR>[Called By]<UL><LI><a href="#[4f]">&gt;&gt;</a>&nbsp;&nbsp;&nbsp;BQ76940_AppRunCycle
</UL>

<P><STRONG><a name="[92]"></a>BQ76940_PrintCycleSummary9</STRONG> (Thumb, 314 bytes, Stack size 48 bytes, bq76940_print.o(i.BQ76940_PrintCycleSummary9))
<BR><BR>[Stack]<UL><LI>Max Depth = 72<LI>Call Chain = BQ76940_PrintCycleSummary9 &rArr; __2printf
</UL>
<BR>[Calls]<UL><LI><a href="#[50]">&gt;&gt;</a>&nbsp;&nbsp;&nbsp;__2printf
</UL>
<BR>[Called By]<UL><LI><a href="#[4f]">&gt;&gt;</a>&nbsp;&nbsp;&nbsp;BQ76940_AppRunCycle
</UL>

<P><STRONG><a name="[95]"></a>BQ76940_PrintLowTempAlarmTs1</STRONG> (Thumb, 98 bytes, Stack size 24 bytes, bq76940_print.o(i.BQ76940_PrintLowTempAlarmTs1))
<BR><BR>[Stack]<UL><LI>Max Depth = 48<LI>Call Chain = BQ76940_PrintLowTempAlarmTs1 &rArr; __2printf
</UL>
<BR>[Calls]<UL><LI><a href="#[50]">&gt;&gt;</a>&nbsp;&nbsp;&nbsp;__2printf
</UL>
<BR>[Called By]<UL><LI><a href="#[4f]">&gt;&gt;</a>&nbsp;&nbsp;&nbsp;BQ76940_AppRunCycle
</UL>

<P><STRONG><a name="[91]"></a>BQ76940_PrintPackCurrent</STRONG> (Thumb, 174 bytes, Stack size 32 bytes, bq76940_print.o(i.BQ76940_PrintPackCurrent))
<BR><BR>[Stack]<UL><LI>Max Depth = 56<LI>Call Chain = BQ76940_PrintPackCurrent &rArr; __2printf
</UL>
<BR>[Calls]<UL><LI><a href="#[50]">&gt;&gt;</a>&nbsp;&nbsp;&nbsp;__2printf
</UL>
<BR>[Called By]<UL><LI><a href="#[4f]">&gt;&gt;</a>&nbsp;&nbsp;&nbsp;BQ76940_AppRunCycle
</UL>

<P><STRONG><a name="[ad]"></a>BQ76940_PrintSysCtrl2</STRONG> (Thumb, 18 bytes, Stack size 8 bytes, bq76940_drv.o(i.BQ76940_PrintSysCtrl2))
<BR><BR>[Stack]<UL><LI>Max Depth = 56<LI>Call Chain = BQ76940_PrintSysCtrl2 &rArr; BQ76940_PrintRegBits &rArr; __2printf
</UL>
<BR>[Calls]<UL><LI><a href="#[ac]">&gt;&gt;</a>&nbsp;&nbsp;&nbsp;BQ76940_PrintRegBits
</UL>
<BR>[Called By]<UL><LI><a href="#[6d]">&gt;&gt;</a>&nbsp;&nbsp;&nbsp;BQ76940_ProtectPrintStatus
</UL>

<P><STRONG><a name="[ae]"></a>BQ76940_PrintSysStat</STRONG> (Thumb, 18 bytes, Stack size 8 bytes, bq76940_drv.o(i.BQ76940_PrintSysStat))
<BR><BR>[Stack]<UL><LI>Max Depth = 56<LI>Call Chain = BQ76940_PrintSysStat &rArr; BQ76940_PrintRegBits &rArr; __2printf
</UL>
<BR>[Calls]<UL><LI><a href="#[ac]">&gt;&gt;</a>&nbsp;&nbsp;&nbsp;BQ76940_PrintRegBits
</UL>
<BR>[Called By]<UL><LI><a href="#[6d]">&gt;&gt;</a>&nbsp;&nbsp;&nbsp;BQ76940_ProtectPrintStatus
</UL>

<P><STRONG><a name="[93]"></a>BQ76940_PrintTS1Temp</STRONG> (Thumb, 98 bytes, Stack size 24 bytes, bq76940_print.o(i.BQ76940_PrintTS1Temp))
<BR><BR>[Stack]<UL><LI>Max Depth = 48<LI>Call Chain = BQ76940_PrintTS1Temp &rArr; __2printf
</UL>
<BR>[Calls]<UL><LI><a href="#[50]">&gt;&gt;</a>&nbsp;&nbsp;&nbsp;__2printf
</UL>
<BR>[Called By]<UL><LI><a href="#[4f]">&gt;&gt;</a>&nbsp;&nbsp;&nbsp;BQ76940_AppRunCycle
</UL>

<P><STRONG><a name="[94]"></a>BQ76940_PrintTempAlarmTs1</STRONG> (Thumb, 98 bytes, Stack size 24 bytes, bq76940_print.o(i.BQ76940_PrintTempAlarmTs1))
<BR><BR>[Stack]<UL><LI>Max Depth = 48<LI>Call Chain = BQ76940_PrintTempAlarmTs1 &rArr; __2printf
</UL>
<BR>[Calls]<UL><LI><a href="#[50]">&gt;&gt;</a>&nbsp;&nbsp;&nbsp;__2printf
</UL>
<BR>[Called By]<UL><LI><a href="#[4f]">&gt;&gt;</a>&nbsp;&nbsp;&nbsp;BQ76940_AppRunCycle
</UL>

<P><STRONG><a name="[68]"></a>BQ76940_ProtectBringUp</STRONG> (Thumb, 58 bytes, Stack size 16 bytes, bq76940_protect.o(i.BQ76940_ProtectBringUp))
<BR><BR>[Stack]<UL><LI>Max Depth = 156<LI>Call Chain = BQ76940_ProtectBringUp &rArr; BQ76940_GetAdcCalib &rArr; BQ76940_ReadReg &rArr; SoftI2C1_ReadReg &rArr; SoftI2C1_ReadByte &rArr; SoftI2C1_NAck &rArr; SoftI2C1_SDA_Out &rArr; HAL_GPIO_Init
</UL>
<BR>[Calls]<UL><LI><a href="#[af]">&gt;&gt;</a>&nbsp;&nbsp;&nbsp;BQ76940_ReadBasicRegs
<LI><a href="#[aa]">&gt;&gt;</a>&nbsp;&nbsp;&nbsp;BQ76940_InitForBringUp
<LI><a href="#[a9]">&gt;&gt;</a>&nbsp;&nbsp;&nbsp;BQ76940_GetAdcCalib
</UL>
<BR>[Called By]<UL><LI><a href="#[65]">&gt;&gt;</a>&nbsp;&nbsp;&nbsp;BQ76940_AppBringUpAndSelfTest
</UL>

<P><STRONG><a name="[8d]"></a>BQ76940_ProtectGetActiveFaultMask</STRONG> (Thumb, 18 bytes, Stack size 0 bytes, bq76940_protect.o(i.BQ76940_ProtectGetActiveFaultMask))
<BR><BR>[Called By]<UL><LI><a href="#[4f]">&gt;&gt;</a>&nbsp;&nbsp;&nbsp;BQ76940_AppRunCycle
</UL>

<P><STRONG><a name="[6a]"></a>BQ76940_ProtectLoadConfig</STRONG> (Thumb, 130 bytes, Stack size 32 bytes, bq76940_protect.o(i.BQ76940_ProtectLoadConfig))
<BR><BR>[Stack]<UL><LI>Max Depth = 172<LI>Call Chain = BQ76940_ProtectLoadConfig &rArr; BQ76940_LoadProtectionParams &rArr; BQ76940_ReadReg &rArr; SoftI2C1_ReadReg &rArr; SoftI2C1_ReadByte &rArr; SoftI2C1_NAck &rArr; SoftI2C1_SDA_Out &rArr; HAL_GPIO_Init
</UL>
<BR>[Calls]<UL><LI><a href="#[a3]">&gt;&gt;</a>&nbsp;&nbsp;&nbsp;delay_ms
<LI><a href="#[ab]">&gt;&gt;</a>&nbsp;&nbsp;&nbsp;BQ76940_LoadProtectionParams
<LI><a href="#[b1]">&gt;&gt;</a>&nbsp;&nbsp;&nbsp;BQ76940_CalcUvTripFrommV
<LI><a href="#[b0]">&gt;&gt;</a>&nbsp;&nbsp;&nbsp;BQ76940_CalcOvTripFrommV
<LI><a href="#[af]">&gt;&gt;</a>&nbsp;&nbsp;&nbsp;BQ76940_ReadBasicRegs
<LI><a href="#[50]">&gt;&gt;</a>&nbsp;&nbsp;&nbsp;__2printf
</UL>
<BR>[Called By]<UL><LI><a href="#[65]">&gt;&gt;</a>&nbsp;&nbsp;&nbsp;BQ76940_AppBringUpAndSelfTest
</UL>

<P><STRONG><a name="[6c]"></a>BQ76940_ProtectLoadOcdScd</STRONG> (Thumb, 78 bytes, Stack size 24 bytes, bq76940_protect.o(i.BQ76940_ProtectLoadOcdScd))
<BR><BR>[Stack]<UL><LI>Max Depth = 116<LI>Call Chain = BQ76940_ProtectLoadOcdScd &rArr; BQ76940_WriteReg_CRC &rArr; SoftI2C1_WaitAck &rArr; SoftI2C1_Stop &rArr; SoftI2C1_SDA_Out &rArr; HAL_GPIO_Init
</UL>
<BR>[Calls]<UL><LI><a href="#[a1]">&gt;&gt;</a>&nbsp;&nbsp;&nbsp;BQ76940_WriteReg_CRC
</UL>
<BR>[Called By]<UL><LI><a href="#[65]">&gt;&gt;</a>&nbsp;&nbsp;&nbsp;BQ76940_AppBringUpAndSelfTest
</UL>

<P><STRONG><a name="[96]"></a>BQ76940_ProtectPrintFaultStatus</STRONG> (Thumb, 60 bytes, Stack size 8 bytes, bq76940_protect.o(i.BQ76940_ProtectPrintFaultStatus))
<BR><BR>[Stack]<UL><LI>Max Depth = 32<LI>Call Chain = BQ76940_ProtectPrintFaultStatus &rArr; __2printf
</UL>
<BR>[Calls]<UL><LI><a href="#[50]">&gt;&gt;</a>&nbsp;&nbsp;&nbsp;__2printf
</UL>
<BR>[Called By]<UL><LI><a href="#[4f]">&gt;&gt;</a>&nbsp;&nbsp;&nbsp;BQ76940_AppRunCycle
</UL>

<P><STRONG><a name="[6d]"></a>BQ76940_ProtectPrintStatus</STRONG> (Thumb, 20 bytes, Stack size 16 bytes, bq76940_protect.o(i.BQ76940_ProtectPrintStatus))
<BR><BR>[Stack]<UL><LI>Max Depth = 72<LI>Call Chain = BQ76940_ProtectPrintStatus &rArr; BQ76940_PrintSysStat &rArr; BQ76940_PrintRegBits &rArr; __2printf
</UL>
<BR>[Calls]<UL><LI><a href="#[ae]">&gt;&gt;</a>&nbsp;&nbsp;&nbsp;BQ76940_PrintSysStat
<LI><a href="#[ad]">&gt;&gt;</a>&nbsp;&nbsp;&nbsp;BQ76940_PrintSysCtrl2
</UL>
<BR>[Called By]<UL><LI><a href="#[65]">&gt;&gt;</a>&nbsp;&nbsp;&nbsp;BQ76940_AppBringUpAndSelfTest
</UL>

<P><STRONG><a name="[8c]"></a>BQ76940_ProtectReadFaultStatus</STRONG> (Thumb, 28 bytes, Stack size 8 bytes, bq76940_protect.o(i.BQ76940_ProtectReadFaultStatus))
<BR><BR>[Stack]<UL><LI>Max Depth = 124<LI>Call Chain = BQ76940_ProtectReadFaultStatus &rArr; BQ76940_ReadReg &rArr; SoftI2C1_ReadReg &rArr; SoftI2C1_ReadByte &rArr; SoftI2C1_NAck &rArr; SoftI2C1_SDA_Out &rArr; HAL_GPIO_Init
</UL>
<BR>[Calls]<UL><LI><a href="#[7e]">&gt;&gt;</a>&nbsp;&nbsp;&nbsp;BQ76940_ReadReg
</UL>
<BR>[Called By]<UL><LI><a href="#[4f]">&gt;&gt;</a>&nbsp;&nbsp;&nbsp;BQ76940_AppRunCycle
</UL>

<P><STRONG><a name="[6b]"></a>BQ76940_ProtectReadStatus</STRONG> (Thumb, 46 bytes, Stack size 16 bytes, bq76940_protect.o(i.BQ76940_ProtectReadStatus))
<BR><BR>[Stack]<UL><LI>Max Depth = 156<LI>Call Chain = BQ76940_ProtectReadStatus &rArr; BQ76940_ReadSysStat &rArr; BQ76940_ReadByteReg &rArr; BQ76940_ReadReg &rArr; SoftI2C1_ReadReg &rArr; SoftI2C1_ReadByte &rArr; SoftI2C1_NAck &rArr; SoftI2C1_SDA_Out &rArr; HAL_GPIO_Init
</UL>
<BR>[Calls]<UL><LI><a href="#[b2]">&gt;&gt;</a>&nbsp;&nbsp;&nbsp;BQ76940_ReadSysStat
<LI><a href="#[b3]">&gt;&gt;</a>&nbsp;&nbsp;&nbsp;BQ76940_ReadSysCtrl2
</UL>
<BR>[Called By]<UL><LI><a href="#[65]">&gt;&gt;</a>&nbsp;&nbsp;&nbsp;BQ76940_AppBringUpAndSelfTest
</UL>

<P><STRONG><a name="[7f]"></a>BQ76940_ReadAllMappedCellVoltages9_mV</STRONG> (Thumb, 76 bytes, Stack size 24 bytes, bq76940_drv.o(i.BQ76940_ReadAllMappedCellVoltages9_mV))
<BR><BR>[Stack]<UL><LI>Max Depth = 196<LI>Call Chain = BQ76940_ReadAllMappedCellVoltages9_mV &rArr; BQ76940_ReadMappedCellVoltage9_mV &rArr; BQ76940_ReadCellVoltageRaw &rArr; BQ76940_ReadReg &rArr; SoftI2C1_ReadReg &rArr; SoftI2C1_ReadByte &rArr; SoftI2C1_NAck &rArr; SoftI2C1_SDA_Out &rArr; HAL_GPIO_Init
</UL>
<BR>[Calls]<UL><LI><a href="#[b4]">&gt;&gt;</a>&nbsp;&nbsp;&nbsp;BQ76940_ReadMappedCellVoltage9_mV
</UL>
<BR>[Called By]<UL><LI><a href="#[4f]">&gt;&gt;</a>&nbsp;&nbsp;&nbsp;BQ76940_AppRunCycle
</UL>

<P><STRONG><a name="[af]"></a>BQ76940_ReadBasicRegs</STRONG> (Thumb, 142 bytes, Stack size 8 bytes, bq76940_drv.o(i.BQ76940_ReadBasicRegs))
<BR><BR>[Stack]<UL><LI>Max Depth = 124<LI>Call Chain = BQ76940_ReadBasicRegs &rArr; BQ76940_ReadReg &rArr; SoftI2C1_ReadReg &rArr; SoftI2C1_ReadByte &rArr; SoftI2C1_NAck &rArr; SoftI2C1_SDA_Out &rArr; HAL_GPIO_Init
</UL>
<BR>[Calls]<UL><LI><a href="#[7e]">&gt;&gt;</a>&nbsp;&nbsp;&nbsp;BQ76940_ReadReg
</UL>
<BR>[Called By]<UL><LI><a href="#[6a]">&gt;&gt;</a>&nbsp;&nbsp;&nbsp;BQ76940_ProtectLoadConfig
<LI><a href="#[68]">&gt;&gt;</a>&nbsp;&nbsp;&nbsp;BQ76940_ProtectBringUp
</UL>

<P><STRONG><a name="[a0]"></a>BQ76940_ReadCellBalRegs</STRONG> (Thumb, 56 bytes, Stack size 8 bytes, bq76940_drv.o(i.BQ76940_ReadCellBalRegs))
<BR><BR>[Stack]<UL><LI>Max Depth = 124<LI>Call Chain = BQ76940_ReadCellBalRegs &rArr; BQ76940_ReadReg &rArr; SoftI2C1_ReadReg &rArr; SoftI2C1_ReadByte &rArr; SoftI2C1_NAck &rArr; SoftI2C1_SDA_Out &rArr; HAL_GPIO_Init
</UL>
<BR>[Calls]<UL><LI><a href="#[7e]">&gt;&gt;</a>&nbsp;&nbsp;&nbsp;BQ76940_ReadReg
</UL>
<BR>[Called By]<UL><LI><a href="#[70]">&gt;&gt;</a>&nbsp;&nbsp;&nbsp;BQ76940_AppStopBalance
<LI><a href="#[71]">&gt;&gt;</a>&nbsp;&nbsp;&nbsp;BQ76940_AppStartBalance
</UL>

<P><STRONG><a name="[b6]"></a>BQ76940_ReadCellVoltageRaw</STRONG> (Thumb, 66 bytes, Stack size 24 bytes, bq76940_drv.o(i.BQ76940_ReadCellVoltageRaw))
<BR><BR>[Stack]<UL><LI>Max Depth = 140<LI>Call Chain = BQ76940_ReadCellVoltageRaw &rArr; BQ76940_ReadReg &rArr; SoftI2C1_ReadReg &rArr; SoftI2C1_ReadByte &rArr; SoftI2C1_NAck &rArr; SoftI2C1_SDA_Out &rArr; HAL_GPIO_Init
</UL>
<BR>[Calls]<UL><LI><a href="#[7e]">&gt;&gt;</a>&nbsp;&nbsp;&nbsp;BQ76940_ReadReg
</UL>
<BR>[Called By]<UL><LI><a href="#[b4]">&gt;&gt;</a>&nbsp;&nbsp;&nbsp;BQ76940_ReadMappedCellVoltage9_mV
</UL>

<P><STRONG><a name="[b4]"></a>BQ76940_ReadMappedCellVoltage9_mV</STRONG> (Thumb, 106 bytes, Stack size 32 bytes, bq76940_drv.o(i.BQ76940_ReadMappedCellVoltage9_mV))
<BR><BR>[Stack]<UL><LI>Max Depth = 172<LI>Call Chain = BQ76940_ReadMappedCellVoltage9_mV &rArr; BQ76940_ReadCellVoltageRaw &rArr; BQ76940_ReadReg &rArr; SoftI2C1_ReadReg &rArr; SoftI2C1_ReadByte &rArr; SoftI2C1_NAck &rArr; SoftI2C1_SDA_Out &rArr; HAL_GPIO_Init
</UL>
<BR>[Calls]<UL><LI><a href="#[b6]">&gt;&gt;</a>&nbsp;&nbsp;&nbsp;BQ76940_ReadCellVoltageRaw
<LI><a href="#[b7]">&gt;&gt;</a>&nbsp;&nbsp;&nbsp;BQ76940_ConvertCellVoltage_mV
</UL>
<BR>[Called By]<UL><LI><a href="#[7f]">&gt;&gt;</a>&nbsp;&nbsp;&nbsp;BQ76940_ReadAllMappedCellVoltages9_mV
</UL>

<P><STRONG><a name="[7e]"></a>BQ76940_ReadReg</STRONG> (Thumb, 24 bytes, Stack size 16 bytes, bq76940_drv.o(i.BQ76940_ReadReg))
<BR><BR>[Stack]<UL><LI>Max Depth = 116<LI>Call Chain = BQ76940_ReadReg &rArr; SoftI2C1_ReadReg &rArr; SoftI2C1_ReadByte &rArr; SoftI2C1_NAck &rArr; SoftI2C1_SDA_Out &rArr; HAL_GPIO_Init
</UL>
<BR>[Calls]<UL><LI><a href="#[b8]">&gt;&gt;</a>&nbsp;&nbsp;&nbsp;SoftI2C1_ReadReg
</UL>
<BR>[Called By]<UL><LI><a href="#[78]">&gt;&gt;</a>&nbsp;&nbsp;&nbsp;BQ76940_SetFETState
<LI><a href="#[76]">&gt;&gt;</a>&nbsp;&nbsp;&nbsp;BQ76940_SetDSGState
<LI><a href="#[73]">&gt;&gt;</a>&nbsp;&nbsp;&nbsp;BQ76940_SetCHGState
<LI><a href="#[88]">&gt;&gt;</a>&nbsp;&nbsp;&nbsp;BQ76940_ReadTS1Raw
<LI><a href="#[a0]">&gt;&gt;</a>&nbsp;&nbsp;&nbsp;BQ76940_ReadCellBalRegs
<LI><a href="#[8c]">&gt;&gt;</a>&nbsp;&nbsp;&nbsp;BQ76940_ProtectReadFaultStatus
<LI><a href="#[84]">&gt;&gt;</a>&nbsp;&nbsp;&nbsp;BQ76940_CC_WaitReady
<LI><a href="#[83]">&gt;&gt;</a>&nbsp;&nbsp;&nbsp;BQ76940_CC_StartOneShot
<LI><a href="#[85]">&gt;&gt;</a>&nbsp;&nbsp;&nbsp;BQ76940_CC_ReadRaw
<LI><a href="#[74]">&gt;&gt;</a>&nbsp;&nbsp;&nbsp;BQ76940_AppPrintSysCtrl2Readback
<LI><a href="#[ab]">&gt;&gt;</a>&nbsp;&nbsp;&nbsp;BQ76940_LoadProtectionParams
<LI><a href="#[b6]">&gt;&gt;</a>&nbsp;&nbsp;&nbsp;BQ76940_ReadCellVoltageRaw
<LI><a href="#[af]">&gt;&gt;</a>&nbsp;&nbsp;&nbsp;BQ76940_ReadBasicRegs
<LI><a href="#[a9]">&gt;&gt;</a>&nbsp;&nbsp;&nbsp;BQ76940_GetAdcCalib
<LI><a href="#[b5]">&gt;&gt;</a>&nbsp;&nbsp;&nbsp;BQ76940_ReadByteReg
</UL>

<P><STRONG><a name="[b3]"></a>BQ76940_ReadSysCtrl2</STRONG> (Thumb, 14 bytes, Stack size 8 bytes, bq76940_drv.o(i.BQ76940_ReadSysCtrl2))
<BR><BR>[Stack]<UL><LI>Max Depth = 140<LI>Call Chain = BQ76940_ReadSysCtrl2 &rArr; BQ76940_ReadByteReg &rArr; BQ76940_ReadReg &rArr; SoftI2C1_ReadReg &rArr; SoftI2C1_ReadByte &rArr; SoftI2C1_NAck &rArr; SoftI2C1_SDA_Out &rArr; HAL_GPIO_Init
</UL>
<BR>[Calls]<UL><LI><a href="#[b5]">&gt;&gt;</a>&nbsp;&nbsp;&nbsp;BQ76940_ReadByteReg
</UL>
<BR>[Called By]<UL><LI><a href="#[6b]">&gt;&gt;</a>&nbsp;&nbsp;&nbsp;BQ76940_ProtectReadStatus
</UL>

<P><STRONG><a name="[b2]"></a>BQ76940_ReadSysStat</STRONG> (Thumb, 14 bytes, Stack size 8 bytes, bq76940_drv.o(i.BQ76940_ReadSysStat))
<BR><BR>[Stack]<UL><LI>Max Depth = 140<LI>Call Chain = BQ76940_ReadSysStat &rArr; BQ76940_ReadByteReg &rArr; BQ76940_ReadReg &rArr; SoftI2C1_ReadReg &rArr; SoftI2C1_ReadByte &rArr; SoftI2C1_NAck &rArr; SoftI2C1_SDA_Out &rArr; HAL_GPIO_Init
</UL>
<BR>[Calls]<UL><LI><a href="#[b5]">&gt;&gt;</a>&nbsp;&nbsp;&nbsp;BQ76940_ReadByteReg
</UL>
<BR>[Called By]<UL><LI><a href="#[6b]">&gt;&gt;</a>&nbsp;&nbsp;&nbsp;BQ76940_ProtectReadStatus
</UL>

<P><STRONG><a name="[88]"></a>BQ76940_ReadTS1Raw</STRONG> (Thumb, 62 bytes, Stack size 16 bytes, bq76940_drv.o(i.BQ76940_ReadTS1Raw))
<BR><BR>[Stack]<UL><LI>Max Depth = 132<LI>Call Chain = BQ76940_ReadTS1Raw &rArr; BQ76940_ReadReg &rArr; SoftI2C1_ReadReg &rArr; SoftI2C1_ReadByte &rArr; SoftI2C1_NAck &rArr; SoftI2C1_SDA_Out &rArr; HAL_GPIO_Init
</UL>
<BR>[Calls]<UL><LI><a href="#[7e]">&gt;&gt;</a>&nbsp;&nbsp;&nbsp;BQ76940_ReadReg
</UL>
<BR>[Called By]<UL><LI><a href="#[4f]">&gt;&gt;</a>&nbsp;&nbsp;&nbsp;BQ76940_AppRunCycle
</UL>

<P><STRONG><a name="[73]"></a>BQ76940_SetCHGState</STRONG> (Thumb, 70 bytes, Stack size 16 bytes, bq76940_drv.o(i.BQ76940_SetCHGState))
<BR><BR>[Stack]<UL><LI>Max Depth = 132<LI>Call Chain = BQ76940_SetCHGState &rArr; BQ76940_ReadReg &rArr; SoftI2C1_ReadReg &rArr; SoftI2C1_ReadByte &rArr; SoftI2C1_NAck &rArr; SoftI2C1_SDA_Out &rArr; HAL_GPIO_Init
</UL>
<BR>[Calls]<UL><LI><a href="#[7e]">&gt;&gt;</a>&nbsp;&nbsp;&nbsp;BQ76940_ReadReg
<LI><a href="#[a1]">&gt;&gt;</a>&nbsp;&nbsp;&nbsp;BQ76940_WriteReg_CRC
</UL>
<BR>[Called By]<UL><LI><a href="#[72]">&gt;&gt;</a>&nbsp;&nbsp;&nbsp;BQ76940_AppHandleLowTempProtect
</UL>

<P><STRONG><a name="[76]"></a>BQ76940_SetDSGState</STRONG> (Thumb, 70 bytes, Stack size 16 bytes, bq76940_drv.o(i.BQ76940_SetDSGState))
<BR><BR>[Stack]<UL><LI>Max Depth = 132<LI>Call Chain = BQ76940_SetDSGState &rArr; BQ76940_ReadReg &rArr; SoftI2C1_ReadReg &rArr; SoftI2C1_ReadByte &rArr; SoftI2C1_NAck &rArr; SoftI2C1_SDA_Out &rArr; HAL_GPIO_Init
</UL>
<BR>[Calls]<UL><LI><a href="#[7e]">&gt;&gt;</a>&nbsp;&nbsp;&nbsp;BQ76940_ReadReg
<LI><a href="#[a1]">&gt;&gt;</a>&nbsp;&nbsp;&nbsp;BQ76940_WriteReg_CRC
</UL>
<BR>[Called By]<UL><LI><a href="#[75]">&gt;&gt;</a>&nbsp;&nbsp;&nbsp;BQ76940_AppHandleOcdScdProtect
</UL>

<P><STRONG><a name="[78]"></a>BQ76940_SetFETState</STRONG> (Thumb, 100 bytes, Stack size 16 bytes, bq76940_drv.o(i.BQ76940_SetFETState))
<BR><BR>[Stack]<UL><LI>Max Depth = 132<LI>Call Chain = BQ76940_SetFETState &rArr; BQ76940_ReadReg &rArr; SoftI2C1_ReadReg &rArr; SoftI2C1_ReadByte &rArr; SoftI2C1_NAck &rArr; SoftI2C1_SDA_Out &rArr; HAL_GPIO_Init
</UL>
<BR>[Calls]<UL><LI><a href="#[7e]">&gt;&gt;</a>&nbsp;&nbsp;&nbsp;BQ76940_ReadReg
<LI><a href="#[a1]">&gt;&gt;</a>&nbsp;&nbsp;&nbsp;BQ76940_WriteReg_CRC
</UL>
<BR>[Called By]<UL><LI><a href="#[77]">&gt;&gt;</a>&nbsp;&nbsp;&nbsp;BQ76940_AppHandleTempProtect
</UL>

<P><STRONG><a name="[82]"></a>BQ76940_UpdateAlarmState9</STRONG> (Thumb, 430 bytes, Stack size 32 bytes, bq76940_alarm.o(i.BQ76940_UpdateAlarmState9))
<BR><BR>[Stack]<UL><LI>Max Depth = 32<LI>Call Chain = BQ76940_UpdateAlarmState9
</UL>
<BR>[Called By]<UL><LI><a href="#[4f]">&gt;&gt;</a>&nbsp;&nbsp;&nbsp;BQ76940_AppRunCycle
</UL>

<P><STRONG><a name="[8b]"></a>BQ76940_UpdateLowTempAlarmTs1</STRONG> (Thumb, 46 bytes, Stack size 0 bytes, bq76940_alarm.o(i.BQ76940_UpdateLowTempAlarmTs1))
<BR><BR>[Called By]<UL><LI><a href="#[4f]">&gt;&gt;</a>&nbsp;&nbsp;&nbsp;BQ76940_AppRunCycle
</UL>

<P><STRONG><a name="[8a]"></a>BQ76940_UpdateTempAlarmTs1</STRONG> (Thumb, 46 bytes, Stack size 0 bytes, bq76940_alarm.o(i.BQ76940_UpdateTempAlarmTs1))
<BR><BR>[Called By]<UL><LI><a href="#[4f]">&gt;&gt;</a>&nbsp;&nbsp;&nbsp;BQ76940_AppRunCycle
</UL>

<P><STRONG><a name="[9f]"></a>BQ76940_WriteCellBalRegs</STRONG> (Thumb, 56 bytes, Stack size 8 bytes, bq76940_drv.o(i.BQ76940_WriteCellBalRegs))
<BR><BR>[Stack]<UL><LI>Max Depth = 100<LI>Call Chain = BQ76940_WriteCellBalRegs &rArr; BQ76940_WriteReg_CRC &rArr; SoftI2C1_WaitAck &rArr; SoftI2C1_Stop &rArr; SoftI2C1_SDA_Out &rArr; HAL_GPIO_Init
</UL>
<BR>[Calls]<UL><LI><a href="#[a1]">&gt;&gt;</a>&nbsp;&nbsp;&nbsp;BQ76940_WriteReg_CRC
</UL>
<BR>[Called By]<UL><LI><a href="#[70]">&gt;&gt;</a>&nbsp;&nbsp;&nbsp;BQ76940_AppStopBalance
<LI><a href="#[71]">&gt;&gt;</a>&nbsp;&nbsp;&nbsp;BQ76940_AppStartBalance
</UL>

<P><STRONG><a name="[a1]"></a>BQ76940_WriteReg_CRC</STRONG> (Thumb, 140 bytes, Stack size 16 bytes, bq76940_drv.o(i.BQ76940_WriteReg_CRC))
<BR><BR>[Stack]<UL><LI>Max Depth = 92<LI>Call Chain = BQ76940_WriteReg_CRC &rArr; SoftI2C1_WaitAck &rArr; SoftI2C1_Stop &rArr; SoftI2C1_SDA_Out &rArr; HAL_GPIO_Init
</UL>
<BR>[Calls]<UL><LI><a href="#[a3]">&gt;&gt;</a>&nbsp;&nbsp;&nbsp;delay_ms
<LI><a href="#[b9]">&gt;&gt;</a>&nbsp;&nbsp;&nbsp;BQ76940_CRC8
<LI><a href="#[bc]">&gt;&gt;</a>&nbsp;&nbsp;&nbsp;SoftI2C1_WaitAck
<LI><a href="#[bd]">&gt;&gt;</a>&nbsp;&nbsp;&nbsp;SoftI2C1_Stop
<LI><a href="#[ba]">&gt;&gt;</a>&nbsp;&nbsp;&nbsp;SoftI2C1_Start
<LI><a href="#[bb]">&gt;&gt;</a>&nbsp;&nbsp;&nbsp;SoftI2C1_SendByte
</UL>
<BR>[Called By]<UL><LI><a href="#[9f]">&gt;&gt;</a>&nbsp;&nbsp;&nbsp;BQ76940_WriteCellBalRegs
<LI><a href="#[78]">&gt;&gt;</a>&nbsp;&nbsp;&nbsp;BQ76940_SetFETState
<LI><a href="#[76]">&gt;&gt;</a>&nbsp;&nbsp;&nbsp;BQ76940_SetDSGState
<LI><a href="#[73]">&gt;&gt;</a>&nbsp;&nbsp;&nbsp;BQ76940_SetCHGState
<LI><a href="#[6c]">&gt;&gt;</a>&nbsp;&nbsp;&nbsp;BQ76940_ProtectLoadOcdScd
<LI><a href="#[83]">&gt;&gt;</a>&nbsp;&nbsp;&nbsp;BQ76940_CC_StartOneShot
<LI><a href="#[85]">&gt;&gt;</a>&nbsp;&nbsp;&nbsp;BQ76940_CC_ReadRaw
<LI><a href="#[ab]">&gt;&gt;</a>&nbsp;&nbsp;&nbsp;BQ76940_LoadProtectionParams
<LI><a href="#[aa]">&gt;&gt;</a>&nbsp;&nbsp;&nbsp;BQ76940_InitForBringUp
<LI><a href="#[a2]">&gt;&gt;</a>&nbsp;&nbsp;&nbsp;BQ76940_ClearSysStatBits
</UL>

<P><STRONG><a name="[be]"></a>BQ_WAKE_High</STRONG> (Thumb, 14 bytes, Stack size 8 bytes, io_ctrl.o(i.BQ_WAKE_High))
<BR><BR>[Stack]<UL><LI>Max Depth = 8<LI>Call Chain = BQ_WAKE_High
</UL>
<BR>[Calls]<UL><LI><a href="#[57]">&gt;&gt;</a>&nbsp;&nbsp;&nbsp;HAL_GPIO_WritePin
</UL>
<BR>[Called By]<UL><LI><a href="#[67]">&gt;&gt;</a>&nbsp;&nbsp;&nbsp;BQ_WAKE_Pulse
</UL>

<P><STRONG><a name="[bf]"></a>BQ_WAKE_Low</STRONG> (Thumb, 16 bytes, Stack size 8 bytes, io_ctrl.o(i.BQ_WAKE_Low))
<BR><BR>[Stack]<UL><LI>Max Depth = 8<LI>Call Chain = BQ_WAKE_Low
</UL>
<BR>[Calls]<UL><LI><a href="#[57]">&gt;&gt;</a>&nbsp;&nbsp;&nbsp;HAL_GPIO_WritePin
</UL>
<BR>[Called By]<UL><LI><a href="#[67]">&gt;&gt;</a>&nbsp;&nbsp;&nbsp;BQ_WAKE_Pulse
<LI><a href="#[dd]">&gt;&gt;</a>&nbsp;&nbsp;&nbsp;IO_CTRL_Init
</UL>

<P><STRONG><a name="[67]"></a>BQ_WAKE_Pulse</STRONG> (Thumb, 24 bytes, Stack size 8 bytes, io_ctrl.o(i.BQ_WAKE_Pulse))
<BR><BR>[Stack]<UL><LI>Max Depth = 80<LI>Call Chain = BQ_WAKE_Pulse &rArr; delay_ms &rArr; vTaskDelay &rArr; xTaskResumeAll &rArr; xTaskIncrementTick
</UL>
<BR>[Calls]<UL><LI><a href="#[a3]">&gt;&gt;</a>&nbsp;&nbsp;&nbsp;delay_ms
<LI><a href="#[bf]">&gt;&gt;</a>&nbsp;&nbsp;&nbsp;BQ_WAKE_Low
<LI><a href="#[be]">&gt;&gt;</a>&nbsp;&nbsp;&nbsp;BQ_WAKE_High
</UL>
<BR>[Called By]<UL><LI><a href="#[65]">&gt;&gt;</a>&nbsp;&nbsp;&nbsp;BQ76940_AppBringUpAndSelfTest
</UL>

<P><STRONG><a name="[4]"></a>BusFault_Handler</STRONG> (Thumb, 4 bytes, Stack size 0 bytes, stm32f1xx_it.o(i.BusFault_Handler))
<BR>[Address Reference Count : 1]<UL><LI> startup_stm32f103xb.o(RESET)
</UL>
<P><STRONG><a name="[c0]"></a>CAN_DrvInit</STRONG> (Thumb, 164 bytes, Stack size 48 bytes, can_drv.o(i.CAN_DrvInit))
<BR><BR>[Stack]<UL><LI>Max Depth = 132<LI>Call Chain = CAN_DrvInit &rArr; HAL_CAN_Init &rArr; HAL_CAN_MspInit &rArr; HAL_GPIO_Init
</UL>
<BR>[Calls]<UL><LI><a href="#[c3]">&gt;&gt;</a>&nbsp;&nbsp;&nbsp;HAL_CAN_Start
<LI><a href="#[c1]">&gt;&gt;</a>&nbsp;&nbsp;&nbsp;HAL_CAN_Init
<LI><a href="#[c2]">&gt;&gt;</a>&nbsp;&nbsp;&nbsp;HAL_CAN_ConfigFilter
<LI><a href="#[50]">&gt;&gt;</a>&nbsp;&nbsp;&nbsp;__2printf
</UL>
<BR>[Called By]<UL><LI><a href="#[35]">&gt;&gt;</a>&nbsp;&nbsp;&nbsp;main
</UL>

<P><STRONG><a name="[99]"></a>CAN_DrvIsReady</STRONG> (Thumb, 6 bytes, Stack size 0 bytes, can_drv.o(i.CAN_DrvIsReady))
<BR><BR>[Called By]<UL><LI><a href="#[98]">&gt;&gt;</a>&nbsp;&nbsp;&nbsp;BQ76940_AppSendCanTelemetry
</UL>

<P><STRONG><a name="[9a]"></a>CAN_DrvSendStd</STRONG> (Thumb, 116 bytes, Stack size 48 bytes, can_drv.o(i.CAN_DrvSendStd))
<BR><BR>[Stack]<UL><LI>Max Depth = 68<LI>Call Chain = CAN_DrvSendStd &rArr; HAL_CAN_AddTxMessage
</UL>
<BR>[Calls]<UL><LI><a href="#[c4]">&gt;&gt;</a>&nbsp;&nbsp;&nbsp;HAL_GetTick
<LI><a href="#[c5]">&gt;&gt;</a>&nbsp;&nbsp;&nbsp;HAL_CAN_GetTxMailboxesFreeLevel
<LI><a href="#[c6]">&gt;&gt;</a>&nbsp;&nbsp;&nbsp;HAL_CAN_AddTxMessage
</UL>
<BR>[Called By]<UL><LI><a href="#[98]">&gt;&gt;</a>&nbsp;&nbsp;&nbsp;BQ76940_AppSendCanTelemetry
</UL>

<P><STRONG><a name="[7]"></a>DebugMon_Handler</STRONG> (Thumb, 2 bytes, Stack size 0 bytes, stm32f1xx_it.o(i.DebugMon_Handler))
<BR>[Address Reference Count : 1]<UL><LI> startup_stm32f103xb.o(RESET)
</UL>
<P><STRONG><a name="[c6]"></a>HAL_CAN_AddTxMessage</STRONG> (Thumb, 330 bytes, Stack size 20 bytes, stm32f1xx_hal_can.o(i.HAL_CAN_AddTxMessage))
<BR><BR>[Stack]<UL><LI>Max Depth = 20<LI>Call Chain = HAL_CAN_AddTxMessage
</UL>
<BR>[Called By]<UL><LI><a href="#[9a]">&gt;&gt;</a>&nbsp;&nbsp;&nbsp;CAN_DrvSendStd
</UL>

<P><STRONG><a name="[c2]"></a>HAL_CAN_ConfigFilter</STRONG> (Thumb, 266 bytes, Stack size 20 bytes, stm32f1xx_hal_can.o(i.HAL_CAN_ConfigFilter))
<BR><BR>[Stack]<UL><LI>Max Depth = 20<LI>Call Chain = HAL_CAN_ConfigFilter
</UL>
<BR>[Called By]<UL><LI><a href="#[c0]">&gt;&gt;</a>&nbsp;&nbsp;&nbsp;CAN_DrvInit
</UL>

<P><STRONG><a name="[c5]"></a>HAL_CAN_GetTxMailboxesFreeLevel</STRONG> (Thumb, 54 bytes, Stack size 0 bytes, stm32f1xx_hal_can.o(i.HAL_CAN_GetTxMailboxesFreeLevel))
<BR><BR>[Called By]<UL><LI><a href="#[9a]">&gt;&gt;</a>&nbsp;&nbsp;&nbsp;CAN_DrvSendStd
</UL>

<P><STRONG><a name="[c1]"></a>HAL_CAN_Init</STRONG> (Thumb, 372 bytes, Stack size 16 bytes, stm32f1xx_hal_can.o(i.HAL_CAN_Init))
<BR><BR>[Stack]<UL><LI>Max Depth = 84<LI>Call Chain = HAL_CAN_Init &rArr; HAL_CAN_MspInit &rArr; HAL_GPIO_Init
</UL>
<BR>[Calls]<UL><LI><a href="#[c4]">&gt;&gt;</a>&nbsp;&nbsp;&nbsp;HAL_GetTick
<LI><a href="#[c7]">&gt;&gt;</a>&nbsp;&nbsp;&nbsp;HAL_CAN_MspInit
</UL>
<BR>[Called By]<UL><LI><a href="#[c0]">&gt;&gt;</a>&nbsp;&nbsp;&nbsp;CAN_DrvInit
</UL>

<P><STRONG><a name="[c7]"></a>HAL_CAN_MspInit</STRONG> (Thumb, 124 bytes, Stack size 32 bytes, can_drv.o(i.HAL_CAN_MspInit))
<BR><BR>[Stack]<UL><LI>Max Depth = 68<LI>Call Chain = HAL_CAN_MspInit &rArr; HAL_GPIO_Init
</UL>
<BR>[Calls]<UL><LI><a href="#[64]">&gt;&gt;</a>&nbsp;&nbsp;&nbsp;HAL_GPIO_Init
</UL>
<BR>[Called By]<UL><LI><a href="#[c1]">&gt;&gt;</a>&nbsp;&nbsp;&nbsp;HAL_CAN_Init
</UL>

<P><STRONG><a name="[c3]"></a>HAL_CAN_Start</STRONG> (Thumb, 94 bytes, Stack size 16 bytes, stm32f1xx_hal_can.o(i.HAL_CAN_Start))
<BR><BR>[Stack]<UL><LI>Max Depth = 16<LI>Call Chain = HAL_CAN_Start
</UL>
<BR>[Calls]<UL><LI><a href="#[c4]">&gt;&gt;</a>&nbsp;&nbsp;&nbsp;HAL_GetTick
</UL>
<BR>[Called By]<UL><LI><a href="#[c0]">&gt;&gt;</a>&nbsp;&nbsp;&nbsp;CAN_DrvInit
</UL>

<P><STRONG><a name="[64]"></a>HAL_GPIO_Init</STRONG> (Thumb, 766 bytes, Stack size 36 bytes, stm32f1xx_hal_gpio.o(i.HAL_GPIO_Init))
<BR><BR>[Stack]<UL><LI>Max Depth = 36<LI>Call Chain = HAL_GPIO_Init
</UL>
<BR>[Called By]<UL><LI><a href="#[5f]">&gt;&gt;</a>&nbsp;&nbsp;&nbsp;BQ76200_PortInit
<LI><a href="#[fc]">&gt;&gt;</a>&nbsp;&nbsp;&nbsp;led_init
<LI><a href="#[e5]">&gt;&gt;</a>&nbsp;&nbsp;&nbsp;SoftI2C1_Init
<LI><a href="#[dd]">&gt;&gt;</a>&nbsp;&nbsp;&nbsp;IO_CTRL_Init
<LI><a href="#[c7]">&gt;&gt;</a>&nbsp;&nbsp;&nbsp;HAL_CAN_MspInit
<LI><a href="#[e1]">&gt;&gt;</a>&nbsp;&nbsp;&nbsp;SoftI2C1_SDA_Out
<LI><a href="#[e9]">&gt;&gt;</a>&nbsp;&nbsp;&nbsp;SoftI2C1_SDA_In
<LI><a href="#[d8]">&gt;&gt;</a>&nbsp;&nbsp;&nbsp;HAL_UART_MspInit
</UL>

<P><STRONG><a name="[55]"></a>HAL_GPIO_ReadPin</STRONG> (Thumb, 16 bytes, Stack size 0 bytes, stm32f1xx_hal_gpio.o(i.HAL_GPIO_ReadPin))
<BR><BR>[Called By]<UL><LI><a href="#[62]">&gt;&gt;</a>&nbsp;&nbsp;&nbsp;BQ76200_PCHG_EN_ReadBack
<LI><a href="#[5a]">&gt;&gt;</a>&nbsp;&nbsp;&nbsp;BQ76200_DSG_EN_ReadBack
<LI><a href="#[58]">&gt;&gt;</a>&nbsp;&nbsp;&nbsp;BQ76200_CP_EN_ReadBack
<LI><a href="#[54]">&gt;&gt;</a>&nbsp;&nbsp;&nbsp;BQ76200_CHG_EN_ReadBack
<LI><a href="#[ea]">&gt;&gt;</a>&nbsp;&nbsp;&nbsp;SoftI2C1_ReadSDA
</UL>

<P><STRONG><a name="[fb]"></a>HAL_GPIO_TogglePin</STRONG> (Thumb, 20 bytes, Stack size 8 bytes, stm32f1xx_hal_gpio.o(i.HAL_GPIO_TogglePin))
<BR><BR>[Stack]<UL><LI>Max Depth = 8<LI>Call Chain = HAL_GPIO_TogglePin
</UL>
<BR>[Called By]<UL><LI><a href="#[de]">&gt;&gt;</a>&nbsp;&nbsp;&nbsp;led1_toggle
</UL>

<P><STRONG><a name="[57]"></a>HAL_GPIO_WritePin</STRONG> (Thumb, 12 bytes, Stack size 0 bytes, stm32f1xx_hal_gpio.o(i.HAL_GPIO_WritePin))
<BR><BR>[Called By]<UL><LI><a href="#[5f]">&gt;&gt;</a>&nbsp;&nbsp;&nbsp;BQ76200_PortInit
<LI><a href="#[5d]">&gt;&gt;</a>&nbsp;&nbsp;&nbsp;BQ76200_PCHG_EN_Write
<LI><a href="#[5b]">&gt;&gt;</a>&nbsp;&nbsp;&nbsp;BQ76200_DSG_EN_Write
<LI><a href="#[59]">&gt;&gt;</a>&nbsp;&nbsp;&nbsp;BQ76200_CP_EN_Write
<LI><a href="#[56]">&gt;&gt;</a>&nbsp;&nbsp;&nbsp;BQ76200_CHG_EN_Write
<LI><a href="#[fa]">&gt;&gt;</a>&nbsp;&nbsp;&nbsp;led1_on
<LI><a href="#[f9]">&gt;&gt;</a>&nbsp;&nbsp;&nbsp;led1_off
<LI><a href="#[e2]">&gt;&gt;</a>&nbsp;&nbsp;&nbsp;SoftI2C1_SDA_Low
<LI><a href="#[e6]">&gt;&gt;</a>&nbsp;&nbsp;&nbsp;SoftI2C1_SDA_High
<LI><a href="#[e0]">&gt;&gt;</a>&nbsp;&nbsp;&nbsp;SoftI2C1_SCL_Low
<LI><a href="#[e4]">&gt;&gt;</a>&nbsp;&nbsp;&nbsp;SoftI2C1_SCL_High
<LI><a href="#[bf]">&gt;&gt;</a>&nbsp;&nbsp;&nbsp;BQ_WAKE_Low
<LI><a href="#[be]">&gt;&gt;</a>&nbsp;&nbsp;&nbsp;BQ_WAKE_High
</UL>

<P><STRONG><a name="[c4]"></a>HAL_GetTick</STRONG> (Thumb, 6 bytes, Stack size 0 bytes, stm32f1xx_hal.o(i.HAL_GetTick))
<BR><BR>[Called By]<UL><LI><a href="#[9a]">&gt;&gt;</a>&nbsp;&nbsp;&nbsp;CAN_DrvSendStd
<LI><a href="#[d5]">&gt;&gt;</a>&nbsp;&nbsp;&nbsp;HAL_RCC_OscConfig
<LI><a href="#[d0]">&gt;&gt;</a>&nbsp;&nbsp;&nbsp;HAL_RCC_ClockConfig
<LI><a href="#[c3]">&gt;&gt;</a>&nbsp;&nbsp;&nbsp;HAL_CAN_Start
<LI><a href="#[c1]">&gt;&gt;</a>&nbsp;&nbsp;&nbsp;HAL_CAN_Init
<LI><a href="#[db]">&gt;&gt;</a>&nbsp;&nbsp;&nbsp;HAL_UART_Receive
<LI><a href="#[dc]">&gt;&gt;</a>&nbsp;&nbsp;&nbsp;UART_WaitOnFlagUntilTimeout
</UL>

<P><STRONG><a name="[eb]"></a>HAL_IncTick</STRONG> (Thumb, 16 bytes, Stack size 0 bytes, stm32f1xx_hal.o(i.HAL_IncTick))
<BR><BR>[Called By]<UL><LI><a href="#[9]">&gt;&gt;</a>&nbsp;&nbsp;&nbsp;SysTick_Handler
</UL>

<P><STRONG><a name="[c8]"></a>HAL_Init</STRONG> (Thumb, 34 bytes, Stack size 8 bytes, stm32f1xx_hal.o(i.HAL_Init))
<BR><BR>[Stack]<UL><LI>Max Depth = 72<LI>Call Chain = HAL_Init &rArr; HAL_InitTick &rArr; HAL_NVIC_SetPriority &rArr; __NVIC_SetPriority
</UL>
<BR>[Calls]<UL><LI><a href="#[cb]">&gt;&gt;</a>&nbsp;&nbsp;&nbsp;HAL_MspInit
<LI><a href="#[ca]">&gt;&gt;</a>&nbsp;&nbsp;&nbsp;HAL_InitTick
<LI><a href="#[c9]">&gt;&gt;</a>&nbsp;&nbsp;&nbsp;HAL_NVIC_SetPriorityGrouping
</UL>
<BR>[Called By]<UL><LI><a href="#[35]">&gt;&gt;</a>&nbsp;&nbsp;&nbsp;main
</UL>

<P><STRONG><a name="[ca]"></a>HAL_InitTick</STRONG> (Thumb, 64 bytes, Stack size 16 bytes, stm32f1xx_hal.o(i.HAL_InitTick))
<BR><BR>[Stack]<UL><LI>Max Depth = 64<LI>Call Chain = HAL_InitTick &rArr; HAL_NVIC_SetPriority &rArr; __NVIC_SetPriority
</UL>
<BR>[Calls]<UL><LI><a href="#[cc]">&gt;&gt;</a>&nbsp;&nbsp;&nbsp;HAL_SYSTICK_Config
<LI><a href="#[cd]">&gt;&gt;</a>&nbsp;&nbsp;&nbsp;HAL_NVIC_SetPriority
</UL>
<BR>[Called By]<UL><LI><a href="#[c8]">&gt;&gt;</a>&nbsp;&nbsp;&nbsp;HAL_Init
<LI><a href="#[d0]">&gt;&gt;</a>&nbsp;&nbsp;&nbsp;HAL_RCC_ClockConfig
</UL>

<P><STRONG><a name="[cb]"></a>HAL_MspInit</STRONG> (Thumb, 2 bytes, Stack size 0 bytes, stm32f1xx_hal.o(i.HAL_MspInit))
<BR><BR>[Called By]<UL><LI><a href="#[c8]">&gt;&gt;</a>&nbsp;&nbsp;&nbsp;HAL_Init
</UL>

<P><STRONG><a name="[da]"></a>HAL_NVIC_EnableIRQ</STRONG> (Thumb, 32 bytes, Stack size 0 bytes, stm32f1xx_hal_cortex.o(i.HAL_NVIC_EnableIRQ))
<BR><BR>[Called By]<UL><LI><a href="#[d8]">&gt;&gt;</a>&nbsp;&nbsp;&nbsp;HAL_UART_MspInit
</UL>

<P><STRONG><a name="[cd]"></a>HAL_NVIC_SetPriority</STRONG> (Thumb, 124 bytes, Stack size 40 bytes, stm32f1xx_hal_cortex.o(i.HAL_NVIC_SetPriority))
<BR><BR>[Stack]<UL><LI>Max Depth = 48<LI>Call Chain = HAL_NVIC_SetPriority &rArr; __NVIC_SetPriority
</UL>
<BR>[Calls]<UL><LI><a href="#[cf]">&gt;&gt;</a>&nbsp;&nbsp;&nbsp;__NVIC_SetPriority
<LI><a href="#[ce]">&gt;&gt;</a>&nbsp;&nbsp;&nbsp;__NVIC_GetPriorityGrouping
</UL>
<BR>[Called By]<UL><LI><a href="#[ca]">&gt;&gt;</a>&nbsp;&nbsp;&nbsp;HAL_InitTick
<LI><a href="#[d8]">&gt;&gt;</a>&nbsp;&nbsp;&nbsp;HAL_UART_MspInit
</UL>

<P><STRONG><a name="[c9]"></a>HAL_NVIC_SetPriorityGrouping</STRONG> (Thumb, 32 bytes, Stack size 0 bytes, stm32f1xx_hal_cortex.o(i.HAL_NVIC_SetPriorityGrouping))
<BR><BR>[Called By]<UL><LI><a href="#[c8]">&gt;&gt;</a>&nbsp;&nbsp;&nbsp;HAL_Init
</UL>

[...]
</UL>
<BR>[Calls]<UL><LI><a href="#[78]">&gt;&gt;</a>&nbsp;&nbsp;&nbsp;BQ76940_SetFETState
<LI><a href="#[50]">&gt;&gt;</a>&nbsp;&nbsp;&nbsp;__2printf
</UL>
<BR>[Called By]<UL><LI><a href="#[4f]">&gt;&gt;</a>&nbsp;&nbsp;&nbsp;BQ76940_AppRunCycle
</UL>

<P><STRONG><a name="[6f]"></a>BQ76940_AppIsBalanceAllowed</STRONG> (Thumb, 144 bytes, Stack size 0 bytes, bq76940_app.o(i.BQ76940_AppIsBalanceAllowed))
<BR><BR>[Called By]<UL><LI><a href="#[6e]">&gt;&gt;</a>&nbsp;&nbsp;&nbsp;BQ76940_AppHandleAutoBalance
</UL>

<P><STRONG><a name="[87]"></a>BQ76940_AppJudgeCurrentDir</STRONG> (Thumb, 26 bytes, Stack size 0 bytes, bq76940_app.o(i.BQ76940_AppJudgeCurrentDir))
<BR><BR>[Called By]<UL><LI><a href="#[4f]">&gt;&gt;</a>&nbsp;&nbsp;&nbsp;BQ76940_AppRunCycle
</UL>

<P><STRONG><a name="[7c]"></a>BQ76940_AppPackI32LE</STRONG> (Thumb, 20 bytes, Stack size 16 bytes, bq76940_app.o(i.BQ76940_AppPackI32LE))
<BR><BR>[Stack]<UL><LI>Max Depth = 24<LI>Call Chain = BQ76940_AppPackI32LE &rArr; BQ76940_AppPackU32LE
</UL>
<BR>[Calls]<UL><LI><a href="#[7d]">&gt;&gt;</a>&nbsp;&nbsp;&nbsp;BQ76940_AppPackU32LE
</UL>
<BR>[Called By]<UL><LI><a href="#[98]">&gt;&gt;</a>&nbsp;&nbsp;&nbsp;BQ76940_AppSendCanTelemetry
</UL>

<P><STRONG><a name="[9b]"></a>BQ76940_AppPackU16LE</STRONG> (Thumb, 12 bytes, Stack size 8 bytes, bq76940_app.o(i.BQ76940_AppPackU16LE))
<BR><BR>[Stack]<UL><LI>Max Depth = 8<LI>Call Chain = BQ76940_AppPackU16LE
</UL>
<BR>[Called By]<UL><LI><a href="#[98]">&gt;&gt;</a>&nbsp;&nbsp;&nbsp;BQ76940_AppSendCanTelemetry
</UL>

<P><STRONG><a name="[7d]"></a>BQ76940_AppPackU32LE</STRONG> (Thumb, 28 bytes, Stack size 8 bytes, bq76940_app.o(i.BQ76940_AppPackU32LE))
<BR><BR>[Stack]<UL><LI>Max Depth = 8<LI>Call Chain = BQ76940_AppPackU32LE
</UL>
<BR>[Called By]<UL><LI><a href="#[98]">&gt;&gt;</a>&nbsp;&nbsp;&nbsp;BQ76940_AppSendCanTelemetry
<LI><a href="#[7c]">&gt;&gt;</a>&nbsp;&nbsp;&nbsp;BQ76940_AppPackI32LE
</UL>

<P><STRONG><a name="[74]"></a>BQ76940_AppPrintSysCtrl2Readback</STRONG> (Thumb, 68 bytes, Stack size 16 bytes, bq76940_app.o(i.BQ76940_AppPrintSysCtrl2Readback))
<BR><BR>[Stack]<UL><LI>Max Depth = 132<LI>Call Chain = BQ76940_AppPrintSysCtrl2Readback &rArr; BQ76940_ReadReg &rArr; SoftI2C1_ReadReg &rArr; SoftI2C1_ReadByte &rArr; SoftI2C1_NAck &rArr; SoftI2C1_SDA_Out &rArr; HAL_GPIO_Init
</UL>
<BR>[Calls]<UL><LI><a href="#[7e]">&gt;&gt;</a>&nbsp;&nbsp;&nbsp;BQ76940_ReadReg
<LI><a href="#[50]">&gt;&gt;</a>&nbsp;&nbsp;&nbsp;__2printf
</UL>
<BR>[Called By]<UL><LI><a href="#[75]">&gt;&gt;</a>&nbsp;&nbsp;&nbsp;BQ76940_AppHandleOcdScdProtect
<LI><a href="#[72]">&gt;&gt;</a>&nbsp;&nbsp;&nbsp;BQ76940_AppHandleLowTempProtect
</UL>

<P><STRONG><a name="[98]"></a>BQ76940_AppSendCanTelemetry</STRONG> (Thumb, 244 bytes, Stack size 24 bytes, bq76940_app.o(i.BQ76940_AppSendCanTelemetry))
<BR><BR>[Stack]<UL><LI>Max Depth = 92<LI>Call Chain = BQ76940_AppSendCanTelemetry &rArr; CAN_DrvSendStd &rArr; HAL_CAN_AddTxMessage
</UL>
<BR>[Calls]<UL><LI><a href="#[9a]">&gt;&gt;</a>&nbsp;&nbsp;&nbsp;CAN_DrvSendStd
<LI><a href="#[99]">&gt;&gt;</a>&nbsp;&nbsp;&nbsp;CAN_DrvIsReady
<LI><a href="#[7d]">&gt;&gt;</a>&nbsp;&nbsp;&nbsp;BQ76940_AppPackU32LE
<LI><a href="#[9b]">&gt;&gt;</a>&nbsp;&nbsp;&nbsp;BQ76940_AppPackU16LE
<LI><a href="#[7c]">&gt;&gt;</a>&nbsp;&nbsp;&nbsp;BQ76940_AppPackI32LE
<LI><a href="#[9d]">&gt;&gt;</a>&nbsp;&nbsp;&nbsp;BQ76940_AppBuildProtectFlags
<LI><a href="#[9c]">&gt;&gt;</a>&nbsp;&nbsp;&nbsp;BQ76940_AppBuildAlarmFlags
</UL>
<BR>[Called By]<UL><LI><a href="#[4f]">&gt;&gt;</a>&nbsp;&nbsp;&nbsp;BQ76940_AppRunCycle
</UL>

<P><STRONG><a name="[71]"></a>BQ76940_AppStartBalance</STRONG> (Thumb, 102 bytes, Stack size 16 bytes, bq76940_app.o(i.BQ76940_AppStartBalance))
<BR><BR>[Stack]<UL><LI>Max Depth = 140<LI>Call Chain = BQ76940_AppStartBalance &rArr; BQ76940_ReadCellBalRegs &rArr; BQ76940_ReadReg &rArr; SoftI2C1_ReadReg &rArr; SoftI2C1_ReadByte &rArr; SoftI2C1_NAck &rArr; SoftI2C1_SDA_Out &rArr; HAL_GPIO_Init
</UL>
<BR>[Calls]<UL><LI><a href="#[9f]">&gt;&gt;</a>&nbsp;&nbsp;&nbsp;BQ76940_WriteCellBalRegs
<LI><a href="#[a0]">&gt;&gt;</a>&nbsp;&nbsp;&nbsp;BQ76940_ReadCellBalRegs
<LI><a href="#[9e]">&gt;&gt;</a>&nbsp;&nbsp;&nbsp;BQ76940_BuildSingleCellBalMask
<LI><a href="#[50]">&gt;&gt;</a>&nbsp;&nbsp;&nbsp;__2printf
</UL>
<BR>[Called By]<UL><LI><a href="#[6e]">&gt;&gt;</a>&nbsp;&nbsp;&nbsp;BQ76940_AppHandleAutoBalance
</UL>

<P><STRONG><a name="[70]"></a>BQ76940_AppStopBalance</STRONG> (Thumb, 92 bytes, Stack size 16 bytes, bq76940_app.o(i.BQ76940_AppStopBalance))
<BR><BR>[Stack]<UL><LI>Max Depth = 140<LI>Call Chain = BQ76940_AppStopBalance &rArr; BQ76940_ReadCellBalRegs &rArr; BQ76940_ReadReg &rArr; SoftI2C1_ReadReg &rArr; SoftI2C1_ReadByte &rArr; SoftI2C1_NAck &rArr; SoftI2C1_SDA_Out &rArr; HAL_GPIO_Init
</UL>
<BR>[Calls]<UL><LI><a href="#[9f]">&gt;&gt;</a>&nbsp;&nbsp;&nbsp;BQ76940_WriteCellBalRegs
<LI><a href="#[a0]">&gt;&gt;</a>&nbsp;&nbsp;&nbsp;BQ76940_ReadCellBalRegs
<LI><a href="#[7b]">&gt;&gt;</a>&nbsp;&nbsp;&nbsp;BQ76940_ClearCellBalRegs
<LI><a href="#[50]">&gt;&gt;</a>&nbsp;&nbsp;&nbsp;__2printf
</UL>
<BR>[Called By]<UL><LI><a href="#[6e]">&gt;&gt;</a>&nbsp;&nbsp;&nbsp;BQ76940_AppHandleAutoBalance
</UL>

<P><STRONG><a name="[38]"></a>BMS_CoreTask</STRONG> (Thumb, 42 bytes, Stack size 0 bytes, bms_tasks.o(i.BMS_CoreTask))
<BR><BR>[Stack]<UL><LI>Max Depth = 244<LI>Call Chain = BMS_CoreTask &rArr; BQ76940_AppRunCycle &rArr; BQ76940_ReadAllMappedCellVoltages9_mV &rArr; BQ76940_ReadMappedCellVoltage9_mV &rArr; BQ76940_ReadCellVoltageRaw &rArr; BQ76940_ReadReg &rArr; SoftI2C1_ReadReg &rArr; SoftI2C1_ReadByte &rArr; SoftI2C1_NAck &rArr; SoftI2C1_SDA_Out &rArr; HAL_GPIO_Init
</UL>
<BR>[Calls]<UL><LI><a href="#[51]">&gt;&gt;</a>&nbsp;&nbsp;&nbsp;vTaskDelay
<LI><a href="#[4f]">&gt;&gt;</a>&nbsp;&nbsp;&nbsp;BQ76940_AppRunCycle
<LI><a href="#[50]">&gt;&gt;</a>&nbsp;&nbsp;&nbsp;__2printf
</UL>
<BR>[Address Reference Count : 1]<UL><LI> bms_tasks.o(i.BMS_TasksCreate)
</UL>
<P><STRONG><a name="[39]"></a>LED_Task</STRONG> (Thumb, 16 bytes, Stack size 0 bytes, bms_tasks.o(i.LED_Task))
<BR><BR>[Stack]<UL><LI>Max Depth = 56<LI>Call Chain = LED_Task &rArr; vTaskDelay &rArr; xTaskResumeAll &rArr; xTaskIncrementTick
</UL>
<BR>[Calls]<UL><LI><a href="#[51]">&gt;&gt;</a>&nbsp;&nbsp;&nbsp;vTaskDelay
<LI><a href="#[de]">&gt;&gt;</a>&nbsp;&nbsp;&nbsp;led1_toggle
</UL>
<BR>[Address Reference Count : 1]<UL><LI> bms_tasks.o(i.BMS_TasksCreate)
</UL>
<P><STRONG><a name="[5c]"></a>BQ76200_ExecApplyState</STRONG> (Thumb, 204 bytes, Stack size 8 bytes, bq76200_exec.o(i.BQ76200_ExecApplyState))
<BR><BR>[Stack]<UL><LI>Max Depth = 16<LI>Call Chain = BQ76200_ExecApplyState &rArr; BQ76200_PCHG_EN_Write
</UL>
<BR>[Calls]<UL><LI><a href="#[5d]">&gt;&gt;</a>&nbsp;&nbsp;&nbsp;BQ76200_PCHG_EN_Write
<LI><a href="#[5b]">&gt;&gt;</a>&nbsp;&nbsp;&nbsp;BQ76200_DSG_EN_Write
<LI><a href="#[59]">&gt;&gt;</a>&nbsp;&nbsp;&nbsp;BQ76200_CP_EN_Write
<LI><a href="#[56]">&gt;&gt;</a>&nbsp;&nbsp;&nbsp;BQ76200_CHG_EN_Write
</UL>
<BR>[Called By]<UL><LI><a href="#[63]">&gt;&gt;</a>&nbsp;&nbsp;&nbsp;BQ76200_ExecUpdate
<LI><a href="#[5e]">&gt;&gt;</a>&nbsp;&nbsp;&nbsp;BQ76200_ExecInit
</UL>

<P><STRONG><a name="[ea]"></a>SoftI2C1_ReadSDA</STRONG> (Thumb, 14 bytes, Stack size 8 bytes, soft_i2c1.o(i.SoftI2C1_ReadSDA))
<BR><BR>[Stack]<UL><LI>Max Depth = 8<LI>Call Chain = SoftI2C1_ReadSDA
</UL>
<BR>[Calls]<UL><LI><a href="#[55]">&gt;&gt;</a>&nbsp;&nbsp;&nbsp;HAL_GPIO_ReadPin
</UL>
<BR>[Called By]<UL><LI><a href="#[bc]">&gt;&gt;</a>&nbsp;&nbsp;&nbsp;SoftI2C1_WaitAck
<LI><a href="#[e8]">&gt;&gt;</a>&nbsp;&nbsp;&nbsp;SoftI2C1_ReadByte
</UL>

<P><STRONG><a name="[e4]"></a>SoftI2C1_SCL_High</STRONG> (Thumb, 14 bytes, Stack size 8 bytes, soft_i2c1.o(i.SoftI2C1_SCL_High))
<BR><BR>[Stack]<UL><LI>Max Depth = 8<LI>Call Chain = SoftI2C1_SCL_High
</UL>
<BR>[Calls]<UL><LI><a href="#[57]">&gt;&gt;</a>&nbsp;&nbsp;&nbsp;HAL_GPIO_WritePin
</UL>
<BR>[Called By]<UL><LI><a href="#[e5]">&gt;&gt;</a>&nbsp;&nbsp;&nbsp;SoftI2C1_Init
<LI><a href="#[bc]">&gt;&gt;</a>&nbsp;&nbsp;&nbsp;SoftI2C1_WaitAck
<LI><a href="#[bd]">&gt;&gt;</a>&nbsp;&nbsp;&nbsp;SoftI2C1_Stop
<LI><a href="#[ba]">&gt;&gt;</a>&nbsp;&nbsp;&nbsp;SoftI2C1_Start
<LI><a href="#[bb]">&gt;&gt;</a>&nbsp;&nbsp;&nbsp;SoftI2C1_SendByte
<LI><a href="#[e8]">&gt;&gt;</a>&nbsp;&nbsp;&nbsp;SoftI2C1_ReadByte
<LI><a href="#[e7]">&gt;&gt;</a>&nbsp;&nbsp;&nbsp;SoftI2C1_NAck
<LI><a href="#[df]">&gt;&gt;</a>&nbsp;&nbsp;&nbsp;SoftI2C1_Ack
</UL>

<P><STRONG><a name="[e0]"></a>SoftI2C1_SCL_Low</STRONG> (Thumb, 16 bytes, Stack size 8 bytes, soft_i2c1.o(i.SoftI2C1_SCL_Low))
<BR><BR>[Stack]<UL><LI>Max Depth = 8<LI>Call Chain = SoftI2C1_SCL_Low
</UL>
<BR>[Calls]<UL><LI><a href="#[57]">&gt;&gt;</a>&nbsp;&nbsp;&nbsp;HAL_GPIO_WritePin
</UL>
<BR>[Called By]<UL><LI><a href="#[bc]">&gt;&gt;</a>&nbsp;&nbsp;&nbsp;SoftI2C1_WaitAck
<LI><a href="#[bd]">&gt;&gt;</a>&nbsp;&nbsp;&nbsp;SoftI2C1_Stop
<LI><a href="#[ba]">&gt;&gt;</a>&nbsp;&nbsp;&nbsp;SoftI2C1_Start
<LI><a href="#[bb]">&gt;&gt;</a>&nbsp;&nbsp;&nbsp;SoftI2C1_SendByte
<LI><a href="#[e8]">&gt;&gt;</a>&nbsp;&nbsp;&nbsp;SoftI2C1_ReadByte
<LI><a href="#[e7]">&gt;&gt;</a>&nbsp;&nbsp;&nbsp;SoftI2C1_NAck
<LI><a href="#[df]">&gt;&gt;</a>&nbsp;&nbsp;&nbsp;SoftI2C1_Ack
</UL>

<P><STRONG><a name="[e6]"></a>SoftI2C1_SDA_High</STRONG> (Thumb, 14 bytes, Stack size 8 bytes, soft_i2c1.o(i.SoftI2C1_SDA_High))
<BR><BR>[Stack]<UL><LI>Max Depth = 8<LI>Call Chain = SoftI2C1_SDA_High
</UL>
<BR>[Calls]<UL><LI><a href="#[57]">&gt;&gt;</a>&nbsp;&nbsp;&nbsp;HAL_GPIO_WritePin
</UL>
<BR>[Called By]<UL><LI><a href="#[e5]">&gt;&gt;</a>&nbsp;&nbsp;&nbsp;SoftI2C1_Init
<LI><a href="#[bc]">&gt;&gt;</a>&nbsp;&nbsp;&nbsp;SoftI2C1_WaitAck
<LI><a href="#[bd]">&gt;&gt;</a>&nbsp;&nbsp;&nbsp;SoftI2C1_Stop
<LI><a href="#[ba]">&gt;&gt;</a>&nbsp;&nbsp;&nbsp;SoftI2C1_Start
<LI><a href="#[bb]">&gt;&gt;</a>&nbsp;&nbsp;&nbsp;SoftI2C1_SendByte
<LI><a href="#[e7]">&gt;&gt;</a>&nbsp;&nbsp;&nbsp;SoftI2C1_NAck
</UL>

<P><STRONG><a name="[e9]"></a>SoftI2C1_SDA_In</STRONG> (Thumb, 36 bytes, Stack size 24 bytes, soft_i2c1.o(i.SoftI2C1_SDA_In))
<BR><BR>[Stack]<UL><LI>Max Depth = 60<LI>Call Chain = SoftI2C1_SDA_In &rArr; HAL_GPIO_Init
</UL>
<BR>[Calls]<UL><LI><a href="#[64]">&gt;&gt;</a>&nbsp;&nbsp;&nbsp;HAL_GPIO_Init
</UL>
<BR>[Called By]<UL><LI><a href="#[bc]">&gt;&gt;</a>&nbsp;&nbsp;&nbsp;SoftI2C1_WaitAck
<LI><a href="#[e8]">&gt;&gt;</a>&nbsp;&nbsp;&nbsp;SoftI2C1_ReadByte
</UL>

<P><STRONG><a name="[e2]"></a>SoftI2C1_SDA_Low</STRONG> (Thumb, 16 bytes, Stack size 8 bytes, soft_i2c1.o(i.SoftI2C1_SDA_Low))
<BR><BR>[Stack]<UL><LI>Max Depth = 8<LI>Call Chain = SoftI2C1_SDA_Low
</UL>
<BR>[Calls]<UL><LI><a href="#[57]">&gt;&gt;</a>&nbsp;&nbsp;&nbsp;HAL_GPIO_WritePin
</UL>
<BR>[Called By]<UL><LI><a href="#[bd]">&gt;&gt;</a>&nbsp;&nbsp;&nbsp;SoftI2C1_Stop
<LI><a href="#[ba]">&gt;&gt;</a>&nbsp;&nbsp;&nbsp;SoftI2C1_Start
<LI><a href="#[bb]">&gt;&gt;</a>&nbsp;&nbsp;&nbsp;SoftI2C1_SendByte
<LI><a href="#[df]">&gt;&gt;</a>&nbsp;&nbsp;&nbsp;SoftI2C1_Ack
</UL>

<P><STRONG><a name="[e1]"></a>SoftI2C1_SDA_Out</STRONG> (Thumb, 40 bytes, Stack size 24 bytes, soft_i2c1.o(i.SoftI2C1_SDA_Out))
<BR><BR>[Stack]<UL><LI>Max Depth = 60<LI>Call Chain = SoftI2C1_SDA_Out &rArr; HAL_GPIO_Init
</UL>
<BR>[Calls]<UL><LI><a href="#[64]">&gt;&gt;</a>&nbsp;&nbsp;&nbsp;HAL_GPIO_Init
</UL>
<BR>[Called By]<UL><LI><a href="#[bd]">&gt;&gt;</a>&nbsp;&nbsp;&nbsp;SoftI2C1_Stop
<LI><a href="#[ba]">&gt;&gt;</a>&nbsp;&nbsp;&nbsp;SoftI2C1_Start
<LI><a href="#[bb]">&gt;&gt;</a>&nbsp;&nbsp;&nbsp;SoftI2C1_SendByte
<LI><a href="#[e7]">&gt;&gt;</a>&nbsp;&nbsp;&nbsp;SoftI2C1_NAck
<LI><a href="#[df]">&gt;&gt;</a>&nbsp;&nbsp;&nbsp;SoftI2C1_Ack
</UL>

<P><STRONG><a name="[b9]"></a>BQ76940_CRC8</STRONG> (Thumb, 68 bytes, Stack size 16 bytes, bq76940_drv.o(i.BQ76940_CRC8))
<BR><BR>[Stack]<UL><LI>Max Depth = 16<LI>Call Chain = BQ76940_CRC8
</UL>
<BR>[Called By]<UL><LI><a href="#[a1]">&gt;&gt;</a>&nbsp;&nbsp;&nbsp;BQ76940_WriteReg_CRC
</UL>

<P><STRONG><a name="[ac]"></a>BQ76940_PrintRegBits</STRONG> (Thumb, 78 bytes, Stack size 24 bytes, bq76940_drv.o(i.BQ76940_PrintRegBits))
<BR><BR>[Stack]<UL><LI>Max Depth = 48<LI>Call Chain = BQ76940_PrintRegBits &rArr; __2printf
</UL>
<BR>[Calls]<UL><LI><a href="#[50]">&gt;&gt;</a>&nbsp;&nbsp;&nbsp;__2printf
</UL>
<BR>[Called By]<UL><LI><a href="#[ae]">&gt;&gt;</a>&nbsp;&nbsp;&nbsp;BQ76940_PrintSysStat
<LI><a href="#[ad]">&gt;&gt;</a>&nbsp;&nbsp;&nbsp;BQ76940_PrintSysCtrl2
</UL>

<P><STRONG><a name="[b5]"></a>BQ76940_ReadByteReg</STRONG> (Thumb, 22 bytes, Stack size 16 bytes, bq76940_drv.o(i.BQ76940_ReadByteReg))
<BR><BR>[Stack]<UL><LI>Max Depth = 132<LI>Call Chain = BQ76940_ReadByteReg &rArr; BQ76940_ReadReg &rArr; SoftI2C1_ReadReg &rArr; SoftI2C1_ReadByte &rArr; SoftI2C1_NAck &rArr; SoftI2C1_SDA_Out &rArr; HAL_GPIO_Init
</UL>
<BR>[Calls]<UL><LI><a href="#[7e]">&gt;&gt;</a>&nbsp;&nbsp;&nbsp;BQ76940_ReadReg
</UL>
<BR>[Called By]<UL><LI><a href="#[b2]">&gt;&gt;</a>&nbsp;&nbsp;&nbsp;BQ76940_ReadSysStat
<LI><a href="#[b3]">&gt;&gt;</a>&nbsp;&nbsp;&nbsp;BQ76940_ReadSysCtrl2
</UL>

<P><STRONG><a name="[f8]"></a>delay_dwt_init</STRONG> (Thumb, 50 bytes, Stack size 0 bytes, delay.o(i.delay_dwt_init))
<BR><BR>[Called By]<UL><LI><a href="#[e3]">&gt;&gt;</a>&nbsp;&nbsp;&nbsp;delay_us
</UL>

<P><STRONG><a name="[101]"></a>prvAddCurrentTaskToDelayedList</STRONG> (Thumb, 104 bytes, Stack size 24 bytes, tasks.o(i.prvAddCurrentTaskToDelayedList))
<BR><BR>[Stack]<UL><LI>Max Depth = 32<LI>Call Chain = prvAddCurrentTaskToDelayedList &rArr; vListInsert
</UL>
<BR>[Calls]<UL><LI><a href="#[103]">&gt;&gt;</a>&nbsp;&nbsp;&nbsp;vListInsert
<LI><a href="#[102]">&gt;&gt;</a>&nbsp;&nbsp;&nbsp;uxListRemove
</UL>
<BR>[Called By]<UL><LI><a href="#[51]">&gt;&gt;</a>&nbsp;&nbsp;&nbsp;vTaskDelay
</UL>

<P><STRONG><a name="[104]"></a>prvAddNewTaskToReadyList</STRONG> (Thumb, 150 bytes, Stack size 8 bytes, tasks.o(i.prvAddNewTaskToReadyList))
<BR><BR>[Stack]<UL><LI>Max Depth = 16<LI>Call Chain = prvAddNewTaskToReadyList &rArr; prvInitialiseTaskLists
</UL>
<BR>[Calls]<UL><LI><a href="#[108]">&gt;&gt;</a>&nbsp;&nbsp;&nbsp;vPortExitCritical
<LI><a href="#[105]">&gt;&gt;</a>&nbsp;&nbsp;&nbsp;vPortEnterCritical
<LI><a href="#[107]">&gt;&gt;</a>&nbsp;&nbsp;&nbsp;vListInsertEnd
<LI><a href="#[106]">&gt;&gt;</a>&nbsp;&nbsp;&nbsp;prvInitialiseTaskLists
</UL>
<BR>[Called By]<UL><LI><a href="#[53]">&gt;&gt;</a>&nbsp;&nbsp;&nbsp;xTaskCreate
</UL>

<P><STRONG><a name="[109]"></a>prvCheckTasksWaitingTermination</STRONG> (Thumb, 2 bytes, Stack size 0 bytes, tasks.o(i.prvCheckTasksWaitingTermination))
<BR><BR>[Called By]<UL><LI><a href="#[3c]">&gt;&gt;</a>&nbsp;&nbsp;&nbsp;prvIdleTask
</UL>

<P><STRONG><a name="[3c]"></a>prvIdleTask</STRONG> (Thumb, 32 bytes, Stack size 0 bytes, tasks.o(i.prvIdleTask))
<BR><BR>[Calls]<UL><LI><a href="#[109]">&gt;&gt;</a>&nbsp;&nbsp;&nbsp;prvCheckTasksWaitingTermination
</UL>
<BR>[Address Reference Count : 1]<UL><LI> tasks.o(i.vTaskStartScheduler)
</UL>
<P><STRONG><a name="[10a]"></a>prvInitialiseNewTask</STRONG> (Thumb, 182 bytes, Stack size 40 bytes, tasks.o(i.prvInitialiseNewTask))
<BR><BR>[Stack]<UL><LI>Max Depth = 40<LI>Call Chain = prvInitialiseNewTask
</UL>
<BR>[Calls]<UL><LI><a href="#[10b]">&gt;&gt;</a>&nbsp;&nbsp;&nbsp;vListInitialiseItem
<LI><a href="#[10c]">&gt;&gt;</a>&nbsp;&nbsp;&nbsp;pxPortInitialiseStack
<LI><a href="#[41]">&gt;&gt;</a>&nbsp;&nbsp;&nbsp;__aeabi_memset
</UL>
<BR>[Called By]<UL><LI><a href="#[53]">&gt;&gt;</a>&nbsp;&nbsp;&nbsp;xTaskCreate
</UL>

<P><STRONG><a name="[106]"></a>prvInitialiseTaskLists</STRONG> (Thumb, 58 bytes, Stack size 8 bytes, tasks.o(i.prvInitialiseTaskLists))
<BR><BR>[Stack]<UL><LI>Max Depth = 8<LI>Call Chain = prvInitialiseTaskLists
</UL>
<BR>[Calls]<UL><LI><a href="#[10d]">&gt;&gt;</a>&nbsp;&nbsp;&nbsp;vListInitialise
</UL>
<BR>[Called By]<UL><LI><a href="#[104]">&gt;&gt;</a>&nbsp;&nbsp;&nbsp;prvAddNewTaskToReadyList
</UL>

<P><STRONG><a name="[11a]"></a>prvResetNextTaskUnblockTime</STRONG> (Thumb, 42 bytes, Stack size 0 bytes, tasks.o(i.prvResetNextTaskUnblockTime))
<BR><BR>[Called By]<UL><LI><a href="#[112]">&gt;&gt;</a>&nbsp;&nbsp;&nbsp;xTaskResumeAll
<LI><a href="#[119]">&gt;&gt;</a>&nbsp;&nbsp;&nbsp;xTaskIncrementTick
</UL>

<P><STRONG><a name="[3b]"></a>prvTaskExitError</STRONG> (Thumb, 64 bytes, Stack size 0 bytes, port.o(i.prvTaskExitError))
<BR>[Address Reference Count : 1]<UL><LI> port.o(i.pxPortInitialiseStack)
</UL>
<P><STRONG><a name="[110]"></a>prvHeapInit</STRONG> (Thumb, 98 bytes, Stack size 12 bytes, heap_4.o(i.prvHeapInit))
<BR><BR>[Stack]<UL><LI>Max Depth = 12<LI>Call Chain = prvHeapInit
</UL>
<BR>[Called By]<UL><LI><a href="#[10e]">&gt;&gt;</a>&nbsp;&nbsp;&nbsp;pvPortMalloc
</UL>

<P><STRONG><a name="[111]"></a>prvInsertBlockIntoFreeList</STRONG> (Thumb, 96 bytes, Stack size 8 bytes, heap_4.o(i.prvInsertBlockIntoFreeList))
<BR><BR>[Stack]<UL><LI>Max Depth = 8<LI>Call Chain = prvInsertBlockIntoFreeList
</UL>
<BR>[Called By]<UL><LI><a href="#[115]">&gt;&gt;</a>&nbsp;&nbsp;&nbsp;vPortFree
<LI><a href="#[10e]">&gt;&gt;</a>&nbsp;&nbsp;&nbsp;pvPortMalloc
</UL>

<P><STRONG><a name="[ce]"></a>__NVIC_GetPriorityGrouping</STRONG> (Thumb, 10 bytes, Stack size 0 bytes, stm32f1xx_hal_cortex.o(i.__NVIC_GetPriorityGrouping))
<BR><BR>[Called By]<UL><LI><a href="#[cd]">&gt;&gt;</a>&nbsp;&nbsp;&nbsp;HAL_NVIC_SetPriority
</UL>

<P><STRONG><a name="[cf]"></a>__NVIC_SetPriority</STRONG> (Thumb, 32 bytes, Stack size 8 bytes, stm32f1xx_hal_cortex.o(i.__NVIC_SetPriority))
<BR><BR>[Stack]<UL><LI>Max Depth = 8<LI>Call Chain = __NVIC_SetPriority
</UL>
<BR>[Called By]<UL><LI><a href="#[cc]">&gt;&gt;</a>&nbsp;&nbsp;&nbsp;HAL_SYSTICK_Config
<LI><a href="#[cd]">&gt;&gt;</a>&nbsp;&nbsp;&nbsp;HAL_NVIC_SetPriority
</UL>

<P><STRONG><a name="[d9]"></a>UART_SetConfig</STRONG> (Thumb, 248 bytes, Stack size 16 bytes, stm32f1xx_hal_uart.o(i.UART_SetConfig))
<BR><BR>[Stack]<UL><LI>Max Depth = 20<LI>Call Chain = UART_SetConfig &rArr; HAL_RCC_GetPCLK2Freq
</UL>
<BR>[Calls]<UL><LI><a href="#[d4]">&gt;&gt;</a>&nbsp;&nbsp;&nbsp;HAL_RCC_GetPCLK2Freq
<LI><a href="#[d2]">&gt;&gt;</a>&nbsp;&nbsp;&nbsp;HAL_RCC_GetPCLK1Freq
</UL>
<BR>[Called By]<UL><LI><a href="#[d7]">&gt;&gt;</a>&nbsp;&nbsp;&nbsp;HAL_UART_Init
</UL>

<P><STRONG><a name="[dc]"></a>UART_WaitOnFlagUntilTimeout</STRONG> (Thumb, 146 bytes, Stack size 24 bytes, stm32f1xx_hal_uart.o(i.UART_WaitOnFlagUntilTimeout))
<BR><BR>[Stack]<UL><LI>Max Depth = 24<LI>Call Chain = UART_WaitOnFlagUntilTimeout
</UL>
<BR>[Calls]<UL><LI><a href="#[c4]">&gt;&gt;</a>&nbsp;&nbsp;&nbsp;HAL_GetTick
</UL>
<BR>[Called By]<UL><LI><a href="#[db]">&gt;&gt;</a>&nbsp;&nbsp;&nbsp;HAL_UART_Receive
</UL>

<P><STRONG><a name="[d6]"></a>RCC_Delay</STRONG> (Thumb, 36 bytes, Stack size 8 bytes, stm32f1xx_hal_rcc.o(i.RCC_Delay))
<BR><BR>[Stack]<UL><LI>Max Depth = 8<LI>Call Chain = RCC_Delay
</UL>
<BR>[Called By]<UL><LI><a href="#[d5]">&gt;&gt;</a>&nbsp;&nbsp;&nbsp;HAL_RCC_OscConfig
</UL>

<P><STRONG><a name="[f1]"></a>_printf_core</STRONG> (Thumb, 984 bytes, Stack size 104 bytes, printf8.o(i._printf_core), UNUSED)
<BR><BR>[Calls]<UL><LI><a href="#[4a]">&gt;&gt;</a>&nbsp;&nbsp;&nbsp;__aeabi_uldivmod
<LI><a href="#[f6]">&gt;&gt;</a>&nbsp;&nbsp;&nbsp;_printf_pre_padding
<LI><a href="#[f7]">&gt;&gt;</a>&nbsp;&nbsp;&nbsp;_printf_post_padding
</UL>
<BR>[Called By]<UL><LI><a href="#[f0]">&gt;&gt;</a>&nbsp;&nbsp;&nbsp;__0printf$8
</UL>

<P><STRONG><a name="[f7]"></a>_printf_post_padding</STRONG> (Thumb, 36 bytes, Stack size 24 bytes, printf8.o(i._printf_post_padding), UNUSED)
<BR><BR>[Called By]<UL><LI><a href="#[f1]">&gt;&gt;</a>&nbsp;&nbsp;&nbsp;_printf_core
</UL>

<P><STRONG><a name="[f6]"></a>_printf_pre_padding</STRONG> (Thumb, 46 bytes, Stack size 24 bytes, printf8.o(i._printf_pre_padding), UNUSED)
<BR><BR>[Called By]<UL><LI><a href="#[f1]">&gt;&gt;</a>&nbsp;&nbsp;&nbsp;_printf_core
</UL>
<P>
<H3>
Undefined Global Symbols
</H3><HR></body></html>
