Component: ARM Compiler 5.06 update 7 (build 960) Tool: armlink [4d3601]

==============================================================================

Section Cross References

    startup_stm32f103xb.o(RESET) refers to startup_stm32f103xb.o(STACK) for __initial_sp
    startup_stm32f103xb.o(RESET) refers to startup_stm32f103xb.o(.text) for Reset_Handler
    startup_stm32f103xb.o(RESET) refers to stm32f1xx_it.o(i.NMI_Handler) for NMI_Handler
    startup_stm32f103xb.o(RESET) refers to stm32f1xx_it.o(i.HardFault_Handler) for HardFault_Handler
    startup_stm32f103xb.o(RESET) refers to stm32f1xx_it.o(i.MemManage_Handler) for MemManage_Handler
    startup_stm32f103xb.o(RESET) refers to stm32f1xx_it.o(i.BusFault_Handler) for BusFault_Handler
    startup_stm32f103xb.o(RESET) refers to stm32f1xx_it.o(i.UsageFault_Handler) for UsageFault_Handler
    startup_stm32f103xb.o(RESET) refers to port.o(.emb_text) for SVC_Handler
    startup_stm32f103xb.o(RESET) refers to stm32f1xx_it.o(i.DebugMon_Handler) for DebugMon_Handler
    startup_stm32f103xb.o(RESET) refers to stm32f1xx_it.o(i.SysTick_Handler) for SysTick_Handler
    startup_stm32f103xb.o(RESET) refers to uart1.o(i.USART1_IRQHandler) for USART1_IRQHandler
    startup_stm32f103xb.o(.text) refers to system_stm32f1xx.o(i.SystemInit) for SystemInit
    startup_stm32f103xb.o(.text) refers to entry.o(.ARM.Collect$$$$00000000) for __main
    main.o(i.main) refers to stm32f1xx_hal.o(i.HAL_Init) for HAL_Init
    main.o(i.main) refers to sys.o(i.stm32_clock_init) for stm32_clock_init
    main.o(i.main) refers to led.o(i.led_init) for led_init
    main.o(i.main) refers to uart1.o(i.uart1_init) for uart1_init
    main.o(i.main) refers to io_ctrl.o(i.IO_CTRL_Init) for IO_CTRL_Init
    main.o(i.main) refers to soft_i2c1.o(i.SoftI2C1_Init) for SoftI2C1_Init
    main.o(i.main) refers to can_drv.o(i.CAN_DrvInit) for CAN_DrvInit
    main.o(i.main) refers to printf8.o(i.__0printf$8) for __2printf
    main.o(i.main) refers to bq76940_app.o(i.BQ76940_AppInitDefaultConfig) for BQ76940_AppInitDefaultConfig
    main.o(i.main) refers to bq76940_app.o(i.BQ76940_AppBringUpAndSelfTest) for BQ76940_AppBringUpAndSelfTest
    main.o(i.main) refers to led.o(i.led1_on) for led1_on
    main.o(i.main) refers to delay.o(i.delay_ms) for delay_ms
    main.o(i.main) refers to led.o(i.led1_off) for led1_off
    main.o(i.main) refers to bms_tasks.o(i.BMS_TasksCreate) for BMS_TasksCreate
    main.o(i.main) refers to tasks.o(i.vTaskStartScheduler) for vTaskStartScheduler
    main.o(i.main) refers to main.o(.bss) for app
    stm32f1xx_it.o(i.SysTick_Handler) refers to stm32f1xx_hal.o(i.HAL_IncTick) for HAL_IncTick
    stm32f1xx_it.o(i.SysTick_Handler) refers to tasks.o(i.xTaskGetSchedulerState) for xTaskGetSchedulerState
    stm32f1xx_it.o(i.SysTick_Handler) refers to port.o(i.xPortSysTickHandler) for xPortSysTickHandler
    system_stm32f1xx.o(i.SystemCoreClockUpdate) refers to system_stm32f1xx.o(.data) for SystemCoreClock
    system_stm32f1xx.o(i.SystemCoreClockUpdate) refers to system_stm32f1xx.o(.constdata) for AHBPrescTable
    bq76940_app.o(i.BQ76940_AppBringUpAndSelfTest) refers to bq76940_print.o(i.BQ76940_PrintAlarmThresholds9) for BQ76940_PrintAlarmThresholds9
    bq76940_app.o(i.BQ76940_AppBringUpAndSelfTest) refers to printf8.o(i.__0printf$8) for __2printf
    bq76940_app.o(i.BQ76940_AppBringUpAndSelfTest) refers to io_ctrl.o(i.BQ_WAKE_Pulse) for BQ_WAKE_Pulse
    bq76940_app.o(i.BQ76940_AppBringUpAndSelfTest) refers to bq76940_protect.o(i.BQ76940_ProtectBringUp) for BQ76940_ProtectBringUp
    bq76940_app.o(i.BQ76940_AppBringUpAndSelfTest) refers to bq76940_print.o(i.BQ76940_PrintBasicRegs) for BQ76940_PrintBasicRegs
    bq76940_app.o(i.BQ76940_AppBringUpAndSelfTest) refers to bq76940_protect.o(i.BQ76940_ProtectLoadConfig) for BQ76940_ProtectLoadConfig
    bq76940_app.o(i.BQ76940_AppBringUpAndSelfTest) refers to bq76940_protect.o(i.BQ76940_ProtectReadStatus) for BQ76940_ProtectReadStatus
    bq76940_app.o(i.BQ76940_AppBringUpAndSelfTest) refers to bq76940_protect.o(i.BQ76940_ProtectLoadOcdScd) for BQ76940_ProtectLoadOcdScd
    bq76940_app.o(i.BQ76940_AppBringUpAndSelfTest) refers to bq76940_protect.o(i.BQ76940_ProtectPrintStatus) for BQ76940_ProtectPrintStatus
    bq76940_app.o(i.BQ76940_AppHandleAutoBalance) refers to bq76940_app.o(i.BQ76940_AppIsBalanceAllowed) for BQ76940_AppIsBalanceAllowed
    bq76940_app.o(i.BQ76940_AppHandleAutoBalance) refers to printf8.o(i.__0printf$8) for __2printf
    bq76940_app.o(i.BQ76940_AppHandleAutoBalance) refers to bq76940_app.o(i.BQ76940_AppStopBalance) for BQ76940_AppStopBalance
    bq76940_app.o(i.BQ76940_AppHandleAutoBalance) refers to bq76940_app.o(i.BQ76940_AppStartBalance) for BQ76940_AppStartBalance
    bq76940_app.o(i.BQ76940_AppHandleLowTempProtect) refers to printf8.o(i.__0printf$8) for __2printf
    bq76940_app.o(i.BQ76940_AppHandleLowTempProtect) refers to bq76940_drv.o(i.BQ76940_SetCHGState) for BQ76940_SetCHGState
[...]
    i.BQ_WAKE_High                           0x080038ec   Section        0  io_ctrl.o(i.BQ_WAKE_High)
    i.BQ_WAKE_Low                            0x08003900   Section        0  io_ctrl.o(i.BQ_WAKE_Low)
    i.BQ_WAKE_Pulse                          0x08003914   Section        0  io_ctrl.o(i.BQ_WAKE_Pulse)
    i.BusFault_Handler                       0x0800392c   Section        0  stm32f1xx_it.o(i.BusFault_Handler)
    i.CAN_DrvInit                            0x08003930   Section        0  can_drv.o(i.CAN_DrvInit)
    i.CAN_DrvIsReady                         0x08003a5c   Section        0  can_drv.o(i.CAN_DrvIsReady)
    i.CAN_DrvSendStd                         0x08003a68   Section        0  can_drv.o(i.CAN_DrvSendStd)
    i.DebugMon_Handler                       0x08003ae4   Section        0  stm32f1xx_it.o(i.DebugMon_Handler)
    i.HAL_CAN_AddTxMessage                   0x08003ae6   Section        0  stm32f1xx_hal_can.o(i.HAL_CAN_AddTxMessage)
    i.HAL_CAN_ConfigFilter                   0x08003c30   Section        0  stm32f1xx_hal_can.o(i.HAL_CAN_ConfigFilter)
    i.HAL_CAN_GetTxMailboxesFreeLevel        0x08003d3a   Section        0  stm32f1xx_hal_can.o(i.HAL_CAN_GetTxMailboxesFreeLevel)
    i.HAL_CAN_Init                           0x08003d70   Section        0  stm32f1xx_hal_can.o(i.HAL_CAN_Init)
    i.HAL_CAN_MspInit                        0x08003ee4   Section        0  can_drv.o(i.HAL_CAN_MspInit)
    i.HAL_CAN_Start                          0x08003f6c   Section        0  stm32f1xx_hal_can.o(i.HAL_CAN_Start)
    i.HAL_GPIO_Init                          0x08003fcc   Section        0  stm32f1xx_hal_gpio.o(i.HAL_GPIO_Init)
    i.HAL_GPIO_ReadPin                       0x080042ec   Section        0  stm32f1xx_hal_gpio.o(i.HAL_GPIO_ReadPin)
    i.HAL_GPIO_TogglePin                     0x080042fc   Section        0  stm32f1xx_hal_gpio.o(i.HAL_GPIO_TogglePin)
    i.HAL_GPIO_WritePin                      0x08004310   Section        0  stm32f1xx_hal_gpio.o(i.HAL_GPIO_WritePin)
    i.HAL_GetTick                            0x0800431c   Section        0  stm32f1xx_hal.o(i.HAL_GetTick)
    i.HAL_IncTick                            0x08004328   Section        0  stm32f1xx_hal.o(i.HAL_IncTick)
    i.HAL_Init                               0x08004340   Section        0  stm32f1xx_hal.o(i.HAL_Init)
    i.HAL_InitTick                           0x08004368   Section        0  stm32f1xx_hal.o(i.HAL_InitTick)
    i.HAL_MspInit                            0x080043b4   Section        0  stm32f1xx_hal.o(i.HAL_MspInit)
    i.HAL_NVIC_EnableIRQ                     0x080043b6   Section        0  stm32f1xx_hal_cortex.o(i.HAL_NVIC_EnableIRQ)
    i.HAL_NVIC_SetPriority                   0x080043d6   Section        0  stm32f1xx_hal_cortex.o(i.HAL_NVIC_SetPriority)
    i.HAL_NVIC_SetPriorityGrouping           0x08004454   Section        0  stm32f1xx_hal_cortex.o(i.HAL_NVIC_SetPriorityGrouping)
    i.HAL_RCC_ClockConfig                    0x0800447c   Section        0  stm32f1xx_hal_rcc.o(i.HAL_RCC_ClockConfig)
    i.HAL_RCC_GetHCLKFreq                    0x08004608   Section        0  stm32f1xx_hal_rcc.o(i.HAL_RCC_GetHCLKFreq)
    i.HAL_RCC_GetPCLK1Freq                   0x08004614   Section        0  stm32f1xx_hal_rcc.o(i.HAL_RCC_GetPCLK1Freq)
    i.HAL_RCC_GetPCLK2Freq                   0x08004634   Section        0  stm32f1xx_hal_rcc.o(i.HAL_RCC_GetPCLK2Freq)
    i.HAL_RCC_GetSysClockFreq                0x08004654   Section        0  stm32f1xx_hal_rcc.o(i.HAL_RCC_GetSysClockFreq)
    i.HAL_RCC_OscConfig                      0x080046c4   Section        0  stm32f1xx_hal_rcc.o(i.HAL_RCC_OscConfig)
    i.HAL_SYSTICK_Config                     0x08004b28   Section        0  stm32f1xx_hal_cortex.o(i.HAL_SYSTICK_Config)
    i.HAL_UART_Init                          0x08004b5c   Section        0  stm32f1xx_hal_uart.o(i.HAL_UART_Init)
    i.HAL_UART_MspInit                       0x08004bd4   Section        0  uart1.o(i.HAL_UART_MspInit)
    i.HAL_UART_Receive                       0x08004c7c   Section        0  stm32f1xx_hal_uart.o(i.HAL_UART_Receive)
    i.HardFault_Handler                      0x08004d38   Section        0  stm32f1xx_it.o(i.HardFault_Handler)
    i.IO_CTRL_Init                           0x08004d3c   Section        0  io_ctrl.o(i.IO_CTRL_Init)
    i.LED_Task                               0x08004d90   Section        0  bms_tasks.o(i.LED_Task)
    LED_Task                                 0x08004d91   Thumb Code    16  bms_tasks.o(i.LED_Task)
    i.MemManage_Handler                      0x08004da0   Section        0  stm32f1xx_it.o(i.MemManage_Handler)
    i.NMI_Handler                            0x08004da4   Section        0  stm32f1xx_it.o(i.NMI_Handler)
    i.RCC_Delay                              0x08004da8   Section        0  stm32f1xx_hal_rcc.o(i.RCC_Delay)
    RCC_Delay                                0x08004da9   Thumb Code    36  stm32f1xx_hal_rcc.o(i.RCC_Delay)
    i.SoftI2C1_Ack                           0x08004dd0   Section        0  soft_i2c1.o(i.SoftI2C1_Ack)
    i.SoftI2C1_Init                          0x08004df4   Section        0  soft_i2c1.o(i.SoftI2C1_Init)
    i.SoftI2C1_NAck                          0x08004e64   Section        0  soft_i2c1.o(i.SoftI2C1_NAck)
    i.SoftI2C1_ReadByte                      0x08004e88   Section        0  soft_i2c1.o(i.SoftI2C1_ReadByte)
    i.SoftI2C1_ReadReg                       0x08004ed4   Section        0  soft_i2c1.o(i.SoftI2C1_ReadReg)
    i.SoftI2C1_ReadSDA                       0x08004f30   Section        0  soft_i2c1.o(i.SoftI2C1_ReadSDA)
    SoftI2C1_ReadSDA                         0x08004f31   Thumb Code    14  soft_i2c1.o(i.SoftI2C1_ReadSDA)
    i.SoftI2C1_SCL_High                      0x08004f44   Section        0  soft_i2c1.o(i.SoftI2C1_SCL_High)
    SoftI2C1_SCL_High                        0x08004f45   Thumb Code    14  soft_i2c1.o(i.SoftI2C1_SCL_High)
    i.SoftI2C1_SCL_Low                       0x08004f58   Section        0  soft_i2c1.o(i.SoftI2C1_SCL_Low)
    SoftI2C1_SCL_Low                         0x08004f59   Thumb Code    16  soft_i2c1.o(i.SoftI2C1_SCL_Low)
    i.SoftI2C1_SDA_High                      0x08004f6c   Section        0  soft_i2c1.o(i.SoftI2C1_SDA_High)
    SoftI2C1_SDA_High                        0x08004f6d   Thumb Code    14  soft_i2c1.o(i.SoftI2C1_SDA_High)
    i.SoftI2C1_SDA_In                        0x08004f80   Section        0  soft_i2c1.o(i.SoftI2C1_SDA_In)
    SoftI2C1_SDA_In                          0x08004f81   Thumb Code    36  soft_i2c1.o(i.SoftI2C1_SDA_In)
    i.SoftI2C1_SDA_Low                       0x08004fa8   Section        0  soft_i2c1.o(i.SoftI2C1_SDA_Low)
    SoftI2C1_SDA_Low                         0x08004fa9   Thumb Code    16  soft_i2c1.o(i.SoftI2C1_SDA_Low)
    i.SoftI2C1_SDA_Out                       0x08004fbc   Section        0  soft_i2c1.o(i.SoftI2C1_SDA_Out)
    SoftI2C1_SDA_Out                         0x08004fbd   Thumb Code    40  soft_i2c1.o(i.SoftI2C1_SDA_Out)
    i.SoftI2C1_SendByte                      0x08004fe8   Section        0  soft_i2c1.o(i.SoftI2C1_SendByte)
    i.SoftI2C1_Start                         0x08005030   Section        0  soft_i2c1.o(i.SoftI2C1_Start)
    i.SoftI2C1_Stop                          0x0800505a   Section        0  soft_i2c1.o(i.SoftI2C1_Stop)
    i.SoftI2C1_WaitAck                       0x08005084   Section        0  soft_i2c1.o(i.SoftI2C1_WaitAck)
    i.SysTick_Handler                        0x080050c8   Section        0  stm32f1xx_it.o(i.SysTick_Handler)
    i.SystemInit                             0x080050dc   Section        0  system_stm32f1xx.o(i.SystemInit)
    i.UART_SetConfig                         0x080050e0   Section        0  stm32f1xx_hal_uart.o(i.UART_SetConfig)
    UART_SetConfig                           0x080050e1   Thumb Code   248  stm32f1xx_hal_uart.o(i.UART_SetConfig)
    i.UART_WaitOnFlagUntilTimeout            0x080051dc   Section        0  stm32f1xx_hal_uart.o(i.UART_WaitOnFlagUntilTimeout)
    UART_WaitOnFlagUntilTimeout              0x080051dd   Thumb Code   146  stm32f1xx_hal_uart.o(i.UART_WaitOnFlagUntilTimeout)
    i.USART1_IRQHandler                      0x08005270   Section        0  uart1.o(i.USART1_IRQHandler)
    i.UsageFault_Handler                     0x080052f4   Section        0  stm32f1xx_it.o(i.UsageFault_Handler)
    i.__0printf$8                            0x080052f8   Section        0  printf8.o(i.__0printf$8)
    i.__NVIC_GetPriorityGrouping             0x08005318   Section        0  stm32f1xx_hal_cortex.o(i.__NVIC_GetPriorityGrouping)
    __NVIC_GetPriorityGrouping               0x08005319   Thumb Code    10  stm32f1xx_hal_cortex.o(i.__NVIC_GetPriorityGrouping)
    i.__NVIC_SetPriority                     0x08005328   Section        0  stm32f1xx_hal_cortex.o(i.__NVIC_SetPriority)
    __NVIC_SetPriority                       0x08005329   Thumb Code    32  stm32f1xx_hal_cortex.o(i.__NVIC_SetPriority)
    i.__mathlib_flt_divzero                  0x08005350   Section        0  funder.o(i.__mathlib_flt_divzero)
    i.__mathlib_flt_infnan                   0x0800535a   Section        0  funder.o(i.__mathlib_flt_infnan)
    i.__mathlib_flt_invalid                  0x08005360   Section        0  funder.o(i.__mathlib_flt_invalid)
    i.__scatterload_copy                     0x08005368   Section       14  handlers.o(i.__scatterload_copy)
    i.__scatterload_null                     0x08005376   Section        2  handlers.o(i.__scatterload_null)
    i.__scatterload_zeroinit                 0x08005378   Section       14  handlers.o(i.__scatterload_zeroinit)
    i.__set_errno                            0x08005388   Section        0  errno.o(i.__set_errno)
    i._printf_core                           0x08005394   Section        0  printf8.o(i._printf_core)
    _printf_core                             0x08005395   Thumb Code   984  printf8.o(i._printf_core)
    i._printf_post_padding                   0x08005798   Section        0  printf8.o(i._printf_post_padding)
    _printf_post_padding                     0x08005799   Thumb Code    36  printf8.o(i._printf_post_padding)
    i._printf_pre_padding                    0x080057bc   Section        0  printf8.o(i._printf_pre_padding)
    _printf_pre_padding                      0x080057bd   Thumb Code    46  printf8.o(i._printf_pre_padding)
    i.delay_dwt_init                         0x080057ec   Section        0  delay.o(i.delay_dwt_init)
    delay_dwt_init                           0x080057ed   Thumb Code    50  delay.o(i.delay_dwt_init)
    i.delay_ms                               0x08005828   Section        0  delay.o(i.delay_ms)
    i.delay_us                               0x0800586c   Section        0  delay.o(i.delay_us)
    i.fputc                                  0x080058a8   Section        0  uart1.o(i.fputc)
    i.led1_off                               0x080058c4   Section        0  led.o(i.led1_off)
    i.led1_on                                0x080058d8   Section        0  led.o(i.led1_on)
    i.led1_toggle                            0x080058ec   Section        0  led.o(i.led1_toggle)
    i.led_init                               0x08005900   Section        0  led.o(i.led_init)
    i.logf                                   0x08005978   Section        0  logf.o(i.logf)
    i.main                                   0x08005b08   Section        0  main.o(i.main)
    i.prvAddCurrentTaskToDelayedList         0x08005c20   Section        0  tasks.o(i.prvAddCurrentTaskToDelayedList)
    prvAddCurrentTaskToDelayedList           0x08005c21   Thumb Code   104  tasks.o(i.prvAddCurrentTaskToDelayedList)
    i.prvAddNewTaskToReadyList               0x08005ca0   Section        0  tasks.o(i.prvAddNewTaskToReadyList)
    prvAddNewTaskToReadyList                 0x08005ca1   Thumb Code   150  tasks.o(i.prvAddNewTaskToReadyList)
    i.prvCheckTasksWaitingTermination        0x08005d54   Section        0  tasks.o(i.prvCheckTasksWaitingTermination)
    prvCheckTasksWaitingTermination          0x08005d55   Thumb Code     2  tasks.o(i.prvCheckTasksWaitingTermination)
    i.prvHeapInit                            0x08005d58   Section        0  heap_4.o(i.prvHeapInit)
    prvHeapInit                              0x08005d59   Thumb Code    98  heap_4.o(i.prvHeapInit)
    i.prvIdleTask                            0x08005dd4   Section        0  tasks.o(i.prvIdleTask)
    prvIdleTask                              0x08005dd5   Thumb Code    32  tasks.o(i.prvIdleTask)
    i.prvInitialiseNewTask                   0x08005dfc   Section        0  tasks.o(i.prvInitialiseNewTask)
    prvInitialiseNewTask                     0x08005dfd   Thumb Code   182  tasks.o(i.prvInitialiseNewTask)
    i.prvInitialiseTaskLists                 0x08005eb4   Section        0  tasks.o(i.prvInitialiseTaskLists)
    prvInitialiseTaskLists                   0x08005eb5   Thumb Code    58  tasks.o(i.prvInitialiseTaskLists)
    i.prvInsertBlockIntoFreeList             0x08005f08   Section        0  heap_4.o(i.prvInsertBlockIntoFreeList)
    prvInsertBlockIntoFreeList               0x08005f09   Thumb Code    96  heap_4.o(i.prvInsertBlockIntoFreeList)
    i.prvResetNextTaskUnblockTime            0x08005f70   Section        0  tasks.o(i.prvResetNextTaskUnblockTime)
    prvResetNextTaskUnblockTime              0x08005f71   Thumb Code    42  tasks.o(i.prvResetNextTaskUnblockTime)
    i.prvTaskExitError                       0x08005fa4   Section        0  port.o(i.prvTaskExitError)
    prvTaskExitError                         0x08005fa5   Thumb Code    64  port.o(i.prvTaskExitError)
    i.pvPortMalloc                           0x08005fe8   Section        0  heap_4.o(i.pvPortMalloc)
    i.pxPortInitialiseStack                  0x0800613c   Section        0  port.o(i.pxPortInitialiseStack)
    i.stm32_clock_init                       0x08006160   Section        0  sys.o(i.stm32_clock_init)
    i.uart1_init                             0x080061c8   Section        0  uart1.o(i.uart1_init)
    i.uart1_print_hex                        0x080061f4   Section        0  uart1.o(i.uart1_print_hex)
    i.uart1_rx_clear                         0x08006224   Section        0  uart1.o(i.uart1_rx_clear)
    i.uxListRemove                           0x08006240   Section        0  list.o(i.uxListRemove)
    i.vApplicationMallocFailedHook           0x08006268   Section        0  bms_tasks.o(i.vApplicationMallocFailedHook)
    i.vApplicationStackOverflowHook          0x080062a0   Section        0  bms_tasks.o(i.vApplicationStackOverflowHook)
    i.vListInitialise                        0x080062f0   Section        0  list.o(i.vListInitialise)
    i.vListInitialiseItem                    0x0800630a   Section        0  list.o(i.vListInitialiseItem)
    i.vListInsert                            0x08006310   Section        0  list.o(i.vListInsert)
    i.vListInsertEnd                         0x08006344   Section        0  list.o(i.vListInsertEnd)
    i.vPortEnterCritical                     0x0800635c   Section        0  port.o(i.vPortEnterCritical)
    i.vPortExitCritical                      0x080063b4   Section        0  port.o(i.vPortExitCritical)
    i.vPortFree                              0x080063f4   Section        0  heap_4.o(i.vPortFree)
    i.vPortSetupTimerInterrupt               0x08006490   Section        0  port.o(i.vPortSetupTimerInterrupt)
    i.vTaskDelay                             0x080064b8   Section        0  tasks.o(i.vTaskDelay)
    i.vTaskStartScheduler                    0x08006518   Section        0  tasks.o(i.vTaskStartScheduler)
    i.vTaskSuspendAll                        0x080065a4   Section        0  tasks.o(i.vTaskSuspendAll)
    i.vTaskSwitchContext                     0x080065b4   Section        0  tasks.o(i.vTaskSwitchContext)
    i.xPortStartScheduler                    0x0800667c   Section        0  port.o(i.xPortStartScheduler)
    i.xPortSysTickHandler                    0x0800677c   Section        0  port.o(i.xPortSysTickHandler)
    i.xTaskCreate                            0x080067b0   Section        0  tasks.o(i.xTaskCreate)
    i.xTaskGetSchedulerState                 0x08006810   Section        0  tasks.o(i.xTaskGetSchedulerState)
    i.xTaskIncrementTick                     0x08006830   Section        0  tasks.o(i.xTaskIncrementTick)
    i.xTaskResumeAll                         0x0800697c   Section        0  tasks.o(i.xTaskResumeAll)
    .constdata                               0x08006a84   Section       24  system_stm32f1xx.o(.constdata)
    .constdata                               0x08006a9c   Section      143  bq76940_drv.o(.constdata)
    g_bq76940_sys_stat_desc                  0x08006a9c   Data          56  bq76940_drv.o(.constdata)
    g_bq76940_sys_ctrl2_desc                 0x08006ad4   Data          40  bq76940_drv.o(.constdata)
    reg_table                                0x08006afc   Data          10  bq76940_drv.o(.constdata)
    data_table                               0x08006b06   Data          10  bq76940_drv.o(.constdata)
    cell_hi_reg                              0x08006b10   Data           9  bq76940_drv.o(.constdata)
    cell_lo_reg                              0x08006b19   Data           9  bq76940_drv.o(.constdata)
    cell_label                               0x08006b22   Data           9  bq76940_drv.o(.constdata)
    .constdata                               0x08006b2b   Section        9  bq76940_print.o(.constdata)
    cell_label                               0x08006b2b   Data           9  bq76940_print.o(.constdata)
    .constdata                               0x08006b34   Section        9  bq76940_alarm.o(.constdata)
    cell_label                               0x08006b34   Data           9  bq76940_alarm.o(.constdata)
    .constdata                               0x08006b3d   Section       18  stm32f1xx_hal_rcc.o(.constdata)
    aPLLMULFactorTable                       0x08006b3d   Data          16  stm32f1xx_hal_rcc.o(.constdata)
    aPredivFactorTable                       0x08006b4d   Data           2  stm32f1xx_hal_rcc.o(.constdata)
    .constdata                               0x08006b50   Section       64  logf.o(.constdata)
    logahi                                   0x08006b50   Data          32  logf.o(.constdata)
    logalo                                   0x08006b70   Data          32  logf.o(.constdata)
    .conststring                             0x08006b90   Section       93  bq76940_drv.o(.conststring)
    .conststring                             0x08006bf0   Section       65  bq76940_print.o(.conststring)
    .data                                    0x20000000   Section        4  system_stm32f1xx.o(.data)
    .data                                    0x20000004   Section        1  can_drv.o(.data)
    can_ready                                0x20000004   Data           1  can_drv.o(.data)
    .data                                    0x20000006   Section        6  uart1.o(.data)
    .data                                    0x2000000c   Section       56  tasks.o(.data)
    pxDelayedTaskList                        0x20000010   Data           4  tasks.o(.data)
    pxOverflowDelayedTaskList                0x20000014   Data           4  tasks.o(.data)
    uxCurrentNumberOfTasks                   0x20000018   Data           4  tasks.o(.data)
    xTickCount                               0x2000001c   Data           4  tasks.o(.data)
    uxTopReadyPriority                       0x20000020   Data           4  tasks.o(.data)
    xSchedulerRunning                        0x20000024   Data           4  tasks.o(.data)
    uxPendedTicks                            0x20000028   Data           4  tasks.o(.data)
    xYieldPending                            0x2000002c   Data           4  tasks.o(.data)
    xNumOfOverflows                          0x20000030   Data           4  tasks.o(.data)
    uxTaskNumber                             0x20000034   Data           4  tasks.o(.data)
    xNextTaskUnblockTime                     0x20000038   Data           4  tasks.o(.data)
    xIdleTaskHandle                          0x2000003c   Data           4  tasks.o(.data)
    uxSchedulerSuspended                     0x20000040   Data           4  tasks.o(.data)
    .data                                    0x20000044   Section       12  port.o(.data)
    uxCriticalNesting                        0x20000044   Data           4  port.o(.data)
    ucMaxSysCallPriority                     0x20000048   Data           1  port.o(.data)
    ulMaxPRIGROUPValue                       0x2000004c   Data           4  port.o(.data)
    .data                                    0x20000050   Section       24  heap_4.o(.data)
    xStart                                   0x20000050   Data           8  heap_4.o(.data)
    pxEnd                                    0x20000058   Data           4  heap_4.o(.data)
    xFreeBytesRemaining                      0x2000005c   Data           4  heap_4.o(.data)
    xMinimumEverFreeBytesRemaining           0x20000060   Data           4  heap_4.o(.data)
    xBlockAllocatedBit                       0x20000064   Data           4  heap_4.o(.data)
    .data                                    0x20000068   Section        9  stm32f1xx_hal.o(.data)
    .data                                    0x20000074   Section        4  stdout.o(.data)
    .data                                    0x20000078   Section        4  errno.o(.data)
    _errno                                   0x20000078   Data           4  errno.o(.data)
    .bss                                     0x2000007c   Section      168  main.o(.bss)
    app                                      0x2000007c   Data         168  main.o(.bss)
    .bss                                     0x20000124   Section       40  can_drv.o(.bss)
    hcan                                     0x20000124   Data          40  can_drv.o(.bss)
    .bss                                     0x2000014c   Section      200  uart1.o(.bss)
    .bss                                     0x20000214   Section      160  tasks.o(.bss)
    pxReadyTasksLists                        0x20000214   Data         100  tasks.o(.bss)
    xDelayedTaskList1                        0x20000278   Data          20  tasks.o(.bss)
    xDelayedTaskList2                        0x2000028c   Data          20  tasks.o(.bss)
    xPendingReadyList                        0x200002a0   Data          20  tasks.o(.bss)
    .bss                                     0x200002b4   Section     8192  heap_4.o(.bss)
    ucHeap                                   0x200002b4   Data        8192  heap_4.o(.bss)
    STACK                                    0x200022b8   Section     1024  startup_stm32f103xb.o(STACK)

    Global Symbols

    Symbol Name                              Value     Ov Type        Size  Object(Section)

    BuildAttributes$$THM_ISAv4$P$D$K$B$S$PE$A:L22UL41UL21$X:L11$S22US41US21$IEEE1$IW$USESV6$~STKCKD$USESV7$~SHL$OTIME$ROPI$IEEEX$EBA8$MICROLIB$REQ8$PRES8$EABIv2 0x00000000   Number         0  anon$$obj.o ABSOLUTE
    __ARM_use_no_argv                        0x00000000   Number         0  main.o ABSOLUTE
    _printf_a                                0x00000000   Number         0  stubs.o ABSOLUTE
    _printf_c                                0x00000000   Number         0  stubs.o ABSOLUTE
    _printf_charcount                        0x00000000   Number         0  stubs.o ABSOLUTE
    _printf_d                                0x00000000   Number         0  stubs.o ABSOLUTE
    _printf_e                                0x00000000   Number         0  stubs.o ABSOLUTE
    _printf_f                                0x00000000   Number         0  stubs.o ABSOLUTE
    _printf_flags                            0x00000000   Number         0  stubs.o ABSOLUTE
    _printf_fp_dec                           0x00000000   Number         0  stubs.o ABSOLUTE
    _printf_fp_hex                           0x00000000   Number         0  stubs.o ABSOLUTE
    _printf_g                                0x00000000   Number         0  stubs.o ABSOLUTE
    _printf_i                                0x00000000   Number         0  stubs.o ABSOLUTE
    _printf_int_dec                          0x00000000   Number         0  stubs.o ABSOLUTE
    _printf_l                                0x00000000   Number         0  stubs.o ABSOLUTE
    _printf_lc                               0x00000000   Number         0  stubs.o ABSOLUTE
    _printf_ll                               0x00000000   Number         0  stubs.o ABSOLUTE
    _printf_lld                              0x00000000   Number         0  stubs.o ABSOLUTE
    _printf_lli                              0x00000000   Number         0  stubs.o ABSOLUTE
    _printf_llo                              0x00000000   Number         0  stubs.o ABSOLUTE
    _printf_llu                              0x00000000   Number         0  stubs.o ABSOLUTE
    _printf_llx                              0x00000000   Number         0  stubs.o ABSOLUTE
    _printf_longlong_dec                     0x00000000   Number         0  stubs.o ABSOLUTE
    _printf_longlong_hex                     0x00000000   Number         0  stubs.o ABSOLUTE
    _printf_longlong_oct                     0x00000000   Number         0  stubs.o ABSOLUTE
    _printf_ls                               0x00000000   Number         0  stubs.o ABSOLUTE
    _printf_mbtowc                           0x00000000   Number         0  stubs.o ABSOLUTE
    _printf_n                                0x00000000   Number         0  stubs.o ABSOLUTE
    _printf_o                                0x00000000   Number         0  stubs.o ABSOLUTE
    _printf_p                                0x00000000   Number         0  stubs.o ABSOLUTE
    _printf_percent                          0x00000000   Number         0  stubs.o ABSOLUTE
    _printf_pre_padding                      0x00000000   Number         0  stubs.o ABSOLUTE
    _printf_return_value                     0x00000000   Number         0  stubs.o ABSOLUTE
    _printf_s                                0x00000000   Number         0  stubs.o ABSOLUTE
    _printf_sizespec                         0x00000000   Number         0  stubs.o ABSOLUTE
    _printf_str                              0x00000000   Number         0  stubs.o ABSOLUTE
    _printf_truncate_signed                  0x00000000   Number         0  stubs.o ABSOLUTE
    _printf_truncate_unsigned                0x00000000   Number         0  stubs.o ABSOLUTE
    _printf_u                                0x00000000   Number         0  stubs.o ABSOLUTE
    _printf_wc                               0x00000000   Number         0  stubs.o ABSOLUTE
    _printf_wctomb                           0x00000000   Number         0  stubs.o ABSOLUTE
    _printf_widthprec                        0x00000000   Number         0  stubs.o ABSOLUTE
    _printf_x                                0x00000000   Number         0  stubs.o ABSOLUTE
    __arm_fini_                               - Undefined Weak Reference
    __cpp_initialize__aeabi_                  - Undefined Weak Reference
    __cxa_finalize                            - Undefined Weak Reference
    __decompress                              - Undefined Weak Reference
    _clock_init                               - Undefined Weak Reference
    _microlib_exit                            - Undefined Weak Reference
    __Vectors_Size                           0x000000ec   Number         0  startup_stm32f103xb.o ABSOLUTE
    __Vectors                                0x08000000   Data           4  startup_stm32f103xb.o(RESET)
    __Vectors_End                            0x080000ec   Data           0  startup_stm32f103xb.o(RESET)
    __main                                   0x080000ed   Thumb Code     0  entry.o(.ARM.Collect$$$$00000000)
    _main_stk                                0x080000ed   Thumb Code     0  entry2.o(.ARM.Collect$$$$00000001)
    _main_scatterload                        0x080000f1   Thumb Code     0  entry5.o(.ARM.Collect$$$$00000004)
    __main_after_scatterload                 0x080000f5   Thumb Code     0  entry5.o(.ARM.Collect$$$$00000004)
    _main_clock                              0x080000f5   Thumb Code     0  entry7b.o(.ARM.Collect$$$$00000008)
    _main_cpp_init                           0x080000f5   Thumb Code     0  entry8b.o(.ARM.Collect$$$$0000000A)
    _main_init                               0x080000f5   Thumb Code     0  entry9a.o(.ARM.Collect$$$$0000000B)
    __rt_lib_shutdown_fini                   0x080000fd   Thumb Code     0  entry12b.o(.ARM.Collect$$$$0000000E)
    __rt_final_cpp                           0x08000101   Thumb Code     0  entry10a.o(.ARM.Collect$$$$0000000F)
    __rt_final_exit                          0x08000101   Thumb Code     0  entry11a.o(.ARM.Collect$$$$00000011)
    SVC_Handler                              0x08000105   Thumb Code    32  port.o(.emb_text)
    __asm___6_port_c_39a90d8d__prvStartFirstTask 0x08000129   Thumb Code    28  port.o(.emb_text)
    PendSV_Handler                           0x08000149   Thumb Code    72  port.o(.emb_text)
    vPortGetIPSR                             0x08000195   Thumb Code     6  port.o(.emb_text)
    Reset_Handler                            0x0800019d   Thumb Code     8  startup_stm32f103xb.o(.text)
    ADC1_2_IRQHandler                        0x080001b7   Thumb Code     0  startup_stm32f103xb.o(.text)
    CAN1_RX1_IRQHandler                      0x080001b7   Thumb Code     0  startup_stm32f103xb.o(.text)
    CAN1_SCE_IRQHandler                      0x080001b7   Thumb Code     0  startup_stm32f103xb.o(.text)
    DMA1_Channel1_IRQHandler                 0x080001b7   Thumb Code     0  startup_stm32f103xb.o(.text)
    DMA1_Channel2_IRQHandler                 0x080001b7   Thumb Code     0  startup_stm32f103xb.o(.text)
    DMA1_Channel3_IRQHandler                 0x080001b7   Thumb Code     0  startup_stm32f103xb.o(.text)
    DMA1_Channel4_IRQHandler                 0x080001b7   Thumb Code     0  startup_stm32f103xb.o(.text)
    DMA1_Channel5_IRQHandler                 0x080001b7   Thumb Code     0  startup_stm32f103xb.o(.text)
    DMA1_Channel6_IRQHandler                 0x080001b7   Thumb Code     0  startup_stm32f103xb.o(.text)
    DMA1_Channel7_IRQHandler                 0x080001b7   Thumb Code     0  startup_stm32f103xb.o(.text)
    EXTI0_IRQHandler                         0x080001b7   Thumb Code     0  startup_stm32f103xb.o(.text)
    EXTI15_10_IRQHandler                     0x080001b7   Thumb Code     0  startup_stm32f103xb.o(.text)
    EXTI1_IRQHandler                         0x080001b7   Thumb Code     0  startup_stm32f103xb.o(.text)
    EXTI2_IRQHandler                         0x080001b7   Thumb Code     0  startup_stm32f103xb.o(.text)
    EXTI3_IRQHandler                         0x080001b7   Thumb Code     0  startup_stm32f103xb.o(.text)
    EXTI4_IRQHandler                         0x080001b7   Thumb Code     0  startup_stm32f103xb.o(.text)
    EXTI9_5_IRQHandler                       0x080001b7   Thumb Code     0  startup_stm32f103xb.o(.text)
    FLASH_IRQHandler                         0x080001b7   Thumb Code     0  startup_stm32f103xb.o(.text)
    I2C1_ER_IRQHandler                       0x080001b7   Thumb Code     0  startup_stm32f103xb.o(.text)
    I2C1_EV_IRQHandler                       0x080001b7   Thumb Code     0  startup_stm32f103xb.o(.text)
    I2C2_ER_IRQHandler                       0x080001b7   Thumb Code     0  startup_stm32f103xb.o(.text)
    I2C2_EV_IRQHandler                       0x080001b7   Thumb Code     0  startup_stm32f103xb.o(.text)
    PVD_IRQHandler                           0x080001b7   Thumb Code     0  startup_stm32f103xb.o(.text)
    RCC_IRQHandler                           0x080001b7   Thumb Code     0  startup_stm32f103xb.o(.text)
    RTC_Alarm_IRQHandler                     0x080001b7   Thumb Code     0  startup_stm32f103xb.o(.text)
    RTC_IRQHandler                           0x080001b7   Thumb Code     0  startup_stm32f103xb.o(.text)
    SPI1_IRQHandler                          0x080001b7   Thumb Code     0  startup_stm32f103xb.o(.text)
    SPI2_IRQHandler                          0x080001b7   Thumb Code     0  startup_stm32f103xb.o(.text)
    TAMPER_IRQHandler                        0x080001b7   Thumb Code     0  startup_stm32f103xb.o(.text)
    TIM1_BRK_IRQHandler                      0x080001b7   Thumb Code     0  startup_stm32f103xb.o(.text)
    TIM1_CC_IRQHandler                       0x080001b7   Thumb Code     0  startup_stm32f103xb.o(.text)
    TIM1_TRG_COM_IRQHandler                  0x080001b7   Thumb Code     0  startup_stm32f103xb.o(.text)
    TIM1_UP_IRQHandler                       0x080001b7   Thumb Code     0  startup_stm32f103xb.o(.text)
    TIM2_IRQHandler                          0x080001b7   Thumb Code     0  startup_stm32f103xb.o(.text)
    TIM3_IRQHandler                          0x080001b7   Thumb Code     0  startup_stm32f103xb.o(.text)
    TIM4_IRQHandler                          0x080001b7   Thumb Code     0  startup_stm32f103xb.o(.text)
    USART2_IRQHandler                        0x080001b7   Thumb Code     0  startup_stm32f103xb.o(.text)
    USART3_IRQHandler                        0x080001b7   Thumb Code     0  startup_stm32f103xb.o(.text)
    USBWakeUp_IRQHandler                     0x080001b7   Thumb Code     0  startup_stm32f103xb.o(.text)
    USB_HP_CAN1_TX_IRQHandler                0x080001b7   Thumb Code     0  startup_stm32f103xb.o(.text)
    USB_LP_CAN1_RX0_IRQHandler               0x080001b7   Thumb Code     0  startup_stm32f103xb.o(.text)
    WWDG_IRQHandler                          0x080001b7   Thumb Code     0  startup_stm32f103xb.o(.text)
    __aeabi_memset                           0x080001c1   Thumb Code    14  memseta.o(.text)
    __aeabi_memset4                          0x080001c1   Thumb Code     0  memseta.o(.text)
    __aeabi_memset8                          0x080001c1   Thumb Code     0  memseta.o(.text)
    __aeabi_memclr                           0x080001cf   Thumb Code     4  memseta.o(.text)
    __aeabi_memclr4                          0x080001cf   Thumb Code     0  memseta.o(.text)
    __aeabi_memclr8                          0x080001cf   Thumb Code     0  memseta.o(.text)
    _memset$wrapper                          0x080001d3   Thumb Code    18  memseta.o(.text)
    __aeabi_fadd                             0x080001e5   Thumb Code   164  fadd.o(.text)
    __aeabi_fsub                             0x08000289   Thumb Code     6  fadd.o(.text)
    __aeabi_frsub                            0x0800028f   Thumb Code     6  fadd.o(.text)
    __aeabi_fmul                             0x08000295   Thumb Code   100  fmul.o(.text)
    __aeabi_fdiv                             0x080002f9   Thumb Code   124  fdiv.o(.text)
    __aeabi_ui2f                             0x08000375   Thumb Code    10  ffltui.o(.text)
    __aeabi_f2iz                             0x0800037f   Thumb Code    50  ffixi.o(.text)
    __aeabi_cfcmpeq                          0x080003b1   Thumb Code     0  cfcmple.o(.text)
    __aeabi_cfcmple                          0x080003b1   Thumb Code    20  cfcmple.o(.text)
    __aeabi_cfrcmple                         0x080003c5   Thumb Code    20  cfrcmple.o(.text)
    __aeabi_uldivmod                         0x080003d9   Thumb Code    98  uldiv.o(.text)
    __I$use$fp                               0x0800043b   Thumb Code     0  iusefp.o(.text)
    _float_round                             0x0800043b   Thumb Code    18  fepilogue.o(.text)
    _float_epilogue                          0x0800044d   Thumb Code    92  fepilogue.o(.text)
    __ARM_scalbnf                            0x080004a9   Thumb Code    24  fscalb.o(.text)
    scalbnf                                  0x080004a9   Thumb Code     0  fscalb.o(.text)
    __aeabi_i2f                              0x080004c1   Thumb Code    18  fflti.o(.text)
    __scatterload                            0x080004d5   Thumb Code    28  init.o(.text)
    __scatterload_rt2                        0x080004d5   Thumb Code     0  init.o(.text)
    __aeabi_llsl                             0x080004f9   Thumb Code    30  llshl.o(.text)
    _ll_shift_l                              0x080004f9   Thumb Code     0  llshl.o(.text)
    __aeabi_llsr                             0x08000517   Thumb Code    32  llushr.o(.text)
    _ll_ushift_r                             0x08000517   Thumb Code     0  llushr.o(.text)
    BMS_TasksCreate                          0x0800058d   Thumb Code    60  bms_tasks.o(i.BMS_TasksCreate)
    BQ76200_CHG_EN_ReadBack                  0x080005e1   Thumb Code    22  bq76200_exec_port.o(i.BQ76200_CHG_EN_ReadBack)
    BQ76200_CHG_EN_Write                     0x080005fd   Thumb Code    26  bq76200_exec_port.o(i.BQ76200_CHG_EN_Write)
    BQ76200_CP_EN_ReadBack                   0x0800061d   Thumb Code    22  bq76200_exec_port.o(i.BQ76200_CP_EN_ReadBack)
    BQ76200_CP_EN_Write                      0x08000639   Thumb Code    26  bq76200_exec_port.o(i.BQ76200_CP_EN_Write)
    BQ76200_DSG_EN_ReadBack                  0x08000659   Thumb Code    22  bq76200_exec_port.o(i.BQ76200_DSG_EN_ReadBack)
    BQ76200_DSG_EN_Write                     0x08000675   Thumb Code    26  bq76200_exec_port.o(i.BQ76200_DSG_EN_Write)
    BQ76200_ExecInit                         0x08000761   Thumb Code    28  bq76200_exec.o(i.BQ76200_ExecInit)
    BQ76200_ExecPrintState                   0x0800077d   Thumb Code   106  bq76200_exec.o(i.BQ76200_ExecPrintState)
    BQ76200_ExecStateToString                0x08000875   Thumb Code    44  bq76200_exec.o(i.BQ76200_ExecStateToString)
    BQ76200_ExecUpdate                       0x080008ed   Thumb Code    74  bq76200_exec.o(i.BQ76200_ExecUpdate)
    BQ76200_PCHG_EN_ReadBack                 0x08000939   Thumb Code    22  bq76200_exec_port.o(i.BQ76200_PCHG_EN_ReadBack)
    BQ76200_PCHG_EN_Write                    0x08000955   Thumb Code    26  bq76200_exec_port.o(i.BQ76200_PCHG_EN_Write)
    BQ76200_PortInit                         0x08000975   Thumb Code   120  bq76200_exec_port.o(i.BQ76200_PortInit)
    BQ76940_AnalyzeCellVoltages9             0x080009f5   Thumb Code    92  bq76940_drv.o(i.BQ76940_AnalyzeCellVoltages9)
    BQ76940_AppBringUpAndSelfTest            0x08000a55   Thumb Code   210  bq76940_app.o(i.BQ76940_AppBringUpAndSelfTest)
    BQ76940_AppInitDefaultConfig             0x08001441   Thumb Code   266  bq76940_app.o(i.BQ76940_AppInitDefaultConfig)
    BQ76940_AppRunCycle                      0x080016bd   Thumb Code   686  bq76940_app.o(i.BQ76940_AppRunCycle)
    BQ76940_BuildSingleCellBalMask           0x08001e71   Thumb Code    80  bq76940_drv.o(i.BQ76940_BuildSingleCellBalMask)
    BQ76940_CC_ConvertToCurrent_mA           0x08001ec1   Thumb Code    28  bq76940_drv.o(i.BQ76940_CC_ConvertToCurrent_mA)
    BQ76940_CC_ReadRaw                       0x08001edd   Thumb Code   112  bq76940_drv.o(i.BQ76940_CC_ReadRaw)
    BQ76940_CC_StartOneShot                  0x08001f95   Thumb Code   112  bq76940_drv.o(i.BQ76940_CC_StartOneShot)
    BQ76940_CC_WaitReady                     0x08002005   Thumb Code    56  bq76940_drv.o(i.BQ76940_CC_WaitReady)
    BQ76940_CalcOvTripFrommV                 0x08002081   Thumb Code    22  bq76940_protect.o(i.BQ76940_CalcOvTripFrommV)
    BQ76940_CalcPackVoltage9_mV              0x08002097   Thumb Code    32  bq76940_drv.o(i.BQ76940_CalcPackVoltage9_mV)
    BQ76940_CalcUvTripFrommV                 0x080020b7   Thumb Code    22  bq76940_protect.o(i.BQ76940_CalcUvTripFrommV)
    BQ76940_ClearCellBalRegs                 0x080020cd   Thumb Code    16  bq76940_drv.o(i.BQ76940_ClearCellBalRegs)
    BQ76940_ClearSysStatBits                 0x080020dd   Thumb Code    14  bq76940_drv.o(i.BQ76940_ClearSysStatBits)
    BQ76940_ConvertCellVoltage_mV            0x080020eb   Thumb Code    58  bq76940_drv.o(i.BQ76940_ConvertCellVoltage_mV)
    BQ76940_ConvertTS1Temp_dC                0x08002125   Thumb Code   230  bq76940_drv.o(i.BQ76940_ConvertTS1Temp_dC)
    BQ76940_GetAdcCalib                      0x08002231   Thumb Code    98  bq76940_drv.o(i.BQ76940_GetAdcCalib)
    BQ76940_InitForBringUp                   0x08002295   Thumb Code    44  bq76940_drv.o(i.BQ76940_InitForBringUp)
    BQ76940_LoadProtectionParams             0x080022c9   Thumb Code   162  bq76940_protect.o(i.BQ76940_LoadProtectionParams)
    BQ76940_PrintAlarmFlags9                 0x0800236d   Thumb Code    98  bq76940_print.o(i.BQ76940_PrintAlarmFlags9)
    BQ76940_PrintAlarmThresholds9            0x080024b9   Thumb Code    60  bq76940_print.o(i.BQ76940_PrintAlarmThresholds9)
    BQ76940_PrintAllMappedCellVoltages9      0x0800258d   Thumb Code    58  bq76940_print.o(i.BQ76940_PrintAllMappedCellVoltages9)
    BQ76940_PrintBalanceAutoState            0x08002625   Thumb Code    62  bq76940_print.o(i.BQ76940_PrintBalanceAutoState)
    BQ76940_PrintBasicRegs                   0x080026fd   Thumb Code    84  bq76940_print.o(i.BQ76940_PrintBasicRegs)
    BQ76940_PrintCellStats9                  0x08002841   Thumb Code    62  bq76940_print.o(i.BQ76940_PrintCellStats9)
    BQ76940_PrintCycleSummary9               0x08002935   Thumb Code   314  bq76940_print.o(i.BQ76940_PrintCycleSummary9)
    BQ76940_PrintLowTempAlarmTs1             0x08002b6d   Thumb Code    98  bq76940_print.o(i.BQ76940_PrintLowTempAlarmTs1)
    BQ76940_PrintPackCurrent                 0x08002c25   Thumb Code   174  bq76940_print.o(i.BQ76940_PrintPackCurrent)
    BQ76940_PrintSysCtrl2                    0x08002e4d   Thumb Code    18  bq76940_drv.o(i.BQ76940_PrintSysCtrl2)
    BQ76940_PrintSysStat                     0x08002e71   Thumb Code    18  bq76940_drv.o(i.BQ76940_PrintSysStat)
    BQ76940_PrintTS1Temp                     0x08002e95   Thumb Code    98  bq76940_print.o(i.BQ76940_PrintTS1Temp)
    BQ76940_PrintTempAlarmTs1                0x08002f45   Thumb Code    98  bq76940_print.o(i.BQ76940_PrintTempAlarmTs1)
    BQ76940_ProtectBringUp                   0x08002ff9   Thumb Code    58  bq76940_protect.o(i.BQ76940_ProtectBringUp)
    BQ76940_ProtectGetActiveFaultMask        0x08003033   Thumb Code    18  bq76940_protect.o(i.BQ76940_ProtectGetActiveFaultMask)
    BQ76940_ProtectLoadConfig                0x08003045   Thumb Code   130  bq76940_protect.o(i.BQ76940_ProtectLoadConfig)
    BQ76940_ProtectLoadOcdScd                0x08003185   Thumb Code    78  bq76940_protect.o(i.BQ76940_ProtectLoadOcdScd)
    BQ76940_ProtectPrintFaultStatus          0x080031d5   Thumb Code    60  bq76940_protect.o(i.BQ76940_ProtectPrintFaultStatus)
    BQ76940_ProtectPrintStatus               0x08003279   Thumb Code    20  bq76940_protect.o(i.BQ76940_ProtectPrintStatus)
    BQ76940_ProtectReadFaultStatus           0x0800328d   Thumb Code    28  bq76940_protect.o(i.BQ76940_ProtectReadFaultStatus)
    BQ76940_ProtectReadStatus                0x080032a9   Thumb Code    46  bq76940_protect.o(i.BQ76940_ProtectReadStatus)
    BQ76940_ReadAllMappedCellVoltages9_mV    0x080032d7   Thumb Code    76  bq76940_drv.o(i.BQ76940_ReadAllMappedCellVoltages9_mV)
    BQ76940_ReadBasicRegs                    0x08003323   Thumb Code   142  bq76940_drv.o(i.BQ76940_ReadBasicRegs)
    BQ76940_ReadCellBalRegs                  0x080033c7   Thumb Code    56  bq76940_drv.o(i.BQ76940_ReadCellBalRegs)
    BQ76940_ReadCellVoltageRaw               0x080033ff   Thumb Code    66  bq76940_drv.o(i.BQ76940_ReadCellVoltageRaw)
    BQ76940_ReadMappedCellVoltage9_mV        0x08003441   Thumb Code   106  bq76940_drv.o(i.BQ76940_ReadMappedCellVoltage9_mV)
    BQ76940_ReadReg                          0x080034b5   Thumb Code    24  bq76940_drv.o(i.BQ76940_ReadReg)
    BQ76940_ReadSysCtrl2                     0x080034cd   Thumb Code    14  bq76940_drv.o(i.BQ76940_ReadSysCtrl2)
    BQ76940_ReadSysStat                      0x080034db   Thumb Code    14  bq76940_drv.o(i.BQ76940_ReadSysStat)
    BQ76940_ReadTS1Raw                       0x080034e9   Thumb Code    62  bq76940_drv.o(i.BQ76940_ReadTS1Raw)
    BQ76940_SetCHGState                      0x08003527   Thumb Code    70  bq76940_drv.o(i.BQ76940_SetCHGState)
    BQ76940_SetDSGState                      0x0800356d   Thumb Code    70  bq76940_drv.o(i.BQ76940_SetDSGState)
    BQ76940_SetFETState                      0x080035b3   Thumb Code   100  bq76940_drv.o(i.BQ76940_SetFETState)
    BQ76940_UpdateAlarmState9                0x08003619   Thumb Code   430  bq76940_alarm.o(i.BQ76940_UpdateAlarmState9)
    BQ76940_UpdateLowTempAlarmTs1            0x080037cd   Thumb Code    46  bq76940_alarm.o(i.BQ76940_UpdateLowTempAlarmTs1)
    BQ76940_UpdateTempAlarmTs1               0x080037fb   Thumb Code    46  bq76940_alarm.o(i.BQ76940_UpdateTempAlarmTs1)
    BQ76940_WriteCellBalRegs                 0x08003829   Thumb Code    56  bq76940_drv.o(i.BQ76940_WriteCellBalRegs)
    BQ76940_WriteReg_CRC                     0x08003861   Thumb Code   140  bq76940_drv.o(i.BQ76940_WriteReg_CRC)
    BQ_WAKE_High                             0x080038ed   Thumb Code    14  io_ctrl.o(i.BQ_WAKE_High)
    BQ_WAKE_Low                              0x08003901   Thumb Code    16  io_ctrl.o(i.BQ_WAKE_Low)
    BQ_WAKE_Pulse                            0x08003915   Thumb Code    24  io_ctrl.o(i.BQ_WAKE_Pulse)
    BusFault_Handler                         0x0800392d   Thumb Code     4  stm32f1xx_it.o(i.BusFault_Handler)
    CAN_DrvInit                              0x08003931   Thumb Code   164  can_drv.o(i.CAN_DrvInit)
    CAN_DrvIsReady                           0x08003a5d   Thumb Code     6  can_drv.o(i.CAN_DrvIsReady)
    CAN_DrvSendStd                           0x08003a69   Thumb Code   116  can_drv.o(i.CAN_DrvSendStd)
    DebugMon_Handler                         0x08003ae5   Thumb Code     2  stm32f1xx_it.o(i.DebugMon_Handler)
    HAL_CAN_AddTxMessage                     0x08003ae7   Thumb Code   330  stm32f1xx_hal_can.o(i.HAL_CAN_AddTxMessage)
    HAL_CAN_ConfigFilter                     0x08003c31   Thumb Code   266  stm32f1xx_hal_can.o(i.HAL_CAN_ConfigFilter)
    HAL_CAN_GetTxMailboxesFreeLevel          0x08003d3b   Thumb Code    54  stm32f1xx_hal_can.o(i.HAL_CAN_GetTxMailboxesFreeLevel)
    HAL_CAN_Init                             0x08003d71   Thumb Code   372  stm32f1xx_hal_can.o(i.HAL_CAN_Init)
    HAL_CAN_MspInit                          0x08003ee5   Thumb Code   124  can_drv.o(i.HAL_CAN_MspInit)
    HAL_CAN_Start                            0x08003f6d   Thumb Code    94  stm32f1xx_hal_can.o(i.HAL_CAN_Start)
    HAL_GPIO_Init                            0x08003fcd   Thumb Code   766  stm32f1xx_hal_gpio.o(i.HAL_GPIO_Init)
    HAL_GPIO_ReadPin                         0x080042ed   Thumb Code    16  stm32f1xx_hal_gpio.o(i.HAL_GPIO_ReadPin)
    HAL_GPIO_TogglePin                       0x080042fd   Thumb Code    20  stm32f1xx_hal_gpio.o(i.HAL_GPIO_TogglePin)
    HAL_GPIO_WritePin                        0x08004311   Thumb Code    12  stm32f1xx_hal_gpio.o(i.HAL_GPIO_WritePin)
    HAL_GetTick                              0x0800431d   Thumb Code     6  stm32f1xx_hal.o(i.HAL_GetTick)
    HAL_IncTick                              0x08004329   Thumb Code    16  stm32f1xx_hal.o(i.HAL_IncTick)
    HAL_Init                                 0x08004341   Thumb Code    34  stm32f1xx_hal.o(i.HAL_Init)
    HAL_InitTick                             0x08004369   Thumb Code    64  stm32f1xx_hal.o(i.HAL_InitTick)
    HAL_MspInit                              0x080043b5   Thumb Code     2  stm32f1xx_hal.o(i.HAL_MspInit)
    HAL_NVIC_EnableIRQ                       0x080043b7   Thumb Code    32  stm32f1xx_hal_cortex.o(i.HAL_NVIC_EnableIRQ)
    HAL_NVIC_SetPriority                     0x080043d7   Thumb Code   124  stm32f1xx_hal_cortex.o(i.HAL_NVIC_SetPriority)
    HAL_NVIC_SetPriorityGrouping             0x08004455   Thumb Code    32  stm32f1xx_hal_cortex.o(i.HAL_NVIC_SetPriorityGrouping)
    HAL_RCC_ClockConfig                      0x0800447d   Thumb Code   376  stm32f1xx_hal_rcc.o(i.HAL_RCC_ClockConfig)
    HAL_RCC_GetHCLKFreq                      0x08004609   Thumb Code     6  stm32f1xx_hal_rcc.o(i.HAL_RCC_GetHCLKFreq)
    HAL_RCC_GetPCLK1Freq                     0x08004615   Thumb Code    22  stm32f1xx_hal_rcc.o(i.HAL_RCC_GetPCLK1Freq)
    HAL_RCC_GetPCLK2Freq                     0x08004635   Thumb Code    22  stm32f1xx_hal_rcc.o(i.HAL_RCC_GetPCLK2Freq)
    HAL_RCC_GetSysClockFreq                  0x08004655   Thumb Code    92  stm32f1xx_hal_rcc.o(i.HAL_RCC_GetSysClockFreq)
    HAL_RCC_OscConfig                        0x080046c5   Thumb Code  1114  stm32f1xx_hal_rcc.o(i.HAL_RCC_OscConfig)
    HAL_SYSTICK_Config                       0x08004b29   Thumb Code    52  stm32f1xx_hal_cortex.o(i.HAL_SYSTICK_Config)
    HAL_UART_Init                            0x08004b5d   Thumb Code   118  stm32f1xx_hal_uart.o(i.HAL_UART_Init)
    HAL_UART_MspInit                         0x08004bd5   Thumb Code   156  uart1.o(i.HAL_UART_MspInit)
    HAL_UART_Receive                         0x08004c7d   Thumb Code   188  stm32f1xx_hal_uart.o(i.HAL_UART_Receive)
    HardFault_Handler                        0x08004d39   Thumb Code     4  stm32f1xx_it.o(i.HardFault_Handler)
    IO_CTRL_Init                             0x08004d3d   Thumb Code    74  io_ctrl.o(i.IO_CTRL_Init)
    MemManage_Handler                        0x08004da1   Thumb Code     4  stm32f1xx_it.o(i.MemManage_Handler)
    NMI_Handler                              0x08004da5   Thumb Code     2  stm32f1xx_it.o(i.NMI_Handler)
    SoftI2C1_Ack                             0x08004dd1   Thumb Code    36  soft_i2c1.o(i.SoftI2C1_Ack)
    SoftI2C1_Init                            0x08004df5   Thumb Code   104  soft_i2c1.o(i.SoftI2C1_Init)
    SoftI2C1_NAck                            0x08004e65   Thumb Code    36  soft_i2c1.o(i.SoftI2C1_NAck)
    SoftI2C1_ReadByte                        0x08004e89   Thumb Code    76  soft_i2c1.o(i.SoftI2C1_ReadByte)
    SoftI2C1_ReadReg                         0x08004ed5   Thumb Code    92  soft_i2c1.o(i.SoftI2C1_ReadReg)
    SoftI2C1_SendByte                        0x08004fe9   Thumb Code    72  soft_i2c1.o(i.SoftI2C1_SendByte)
    SoftI2C1_Start                           0x08005031   Thumb Code    42  soft_i2c1.o(i.SoftI2C1_Start)
    SoftI2C1_Stop                            0x0800505b   Thumb Code    42  soft_i2c1.o(i.SoftI2C1_Stop)
    SoftI2C1_WaitAck                         0x08005085   Thumb Code    68  soft_i2c1.o(i.SoftI2C1_WaitAck)
    SysTick_Handler                          0x080050c9   Thumb Code    20  stm32f1xx_it.o(i.SysTick_Handler)
    SystemInit                               0x080050dd   Thumb Code     2  system_stm32f1xx.o(i.SystemInit)
    USART1_IRQHandler                        0x08005271   Thumb Code   120  uart1.o(i.USART1_IRQHandler)
    UsageFault_Handler                       0x080052f5   Thumb Code     4  stm32f1xx_it.o(i.UsageFault_Handler)
    __0printf$8                              0x080052f9   Thumb Code    22  printf8.o(i.__0printf$8)
    __1printf$8                              0x080052f9   Thumb Code     0  printf8.o(i.__0printf$8)
    __2printf                                0x080052f9   Thumb Code     0  printf8.o(i.__0printf$8)
    __mathlib_flt_divzero                    0x08005351   Thumb Code    10  funder.o(i.__mathlib_flt_divzero)
    __mathlib_flt_infnan                     0x0800535b   Thumb Code     6  funder.o(i.__mathlib_flt_infnan)
    __mathlib_flt_invalid                    0x08005361   Thumb Code     8  funder.o(i.__mathlib_flt_invalid)
    __scatterload_copy                       0x08005369   Thumb Code    14  handlers.o(i.__scatterload_copy)
    __scatterload_null                       0x08005377   Thumb Code     2  handlers.o(i.__scatterload_null)
    __scatterload_zeroinit                   0x08005379   Thumb Code    14  handlers.o(i.__scatterload_zeroinit)
    __set_errno                              0x08005389   Thumb Code     6  errno.o(i.__set_errno)
    delay_ms                                 0x08005829   Thumb Code    68  delay.o(i.delay_ms)
    delay_us                                 0x0800586d   Thumb Code    46  delay.o(i.delay_us)
    fputc                                    0x080058a9   Thumb Code    24  uart1.o(i.fputc)
    led1_off                                 0x080058c5   Thumb Code    14  led.o(i.led1_off)
    led1_on                                  0x080058d9   Thumb Code    16  led.o(i.led1_on)
    led1_toggle                              0x080058ed   Thumb Code    14  led.o(i.led1_toggle)
    led_init                                 0x08005901   Thumb Code   108  led.o(i.led_init)
    __mathlib_logf                           0x08005979   Thumb Code     0  logf.o(i.logf)
    logf                                     0x08005979   Thumb Code   362  logf.o(i.logf)
    main                                     0x08005b09   Thumb Code   134  main.o(i.main)
    pvPortMalloc                             0x08005fe9   Thumb Code   318  heap_4.o(i.pvPortMalloc)
    pxPortInitialiseStack                    0x0800613d   Thumb Code    30  port.o(i.pxPortInitialiseStack)
    stm32_clock_init                         0x08006161   Thumb Code   102  sys.o(i.stm32_clock_init)
    uart1_init                               0x080061c9   Thumb Code    34  uart1.o(i.uart1_init)
    uart1_print_hex                          0x080061f5   Thumb Code    34  uart1.o(i.uart1_print_hex)
    uart1_rx_clear                           0x08006225   Thumb Code    18  uart1.o(i.uart1_rx_clear)
    uxListRemove                             0x08006241   Thumb Code    40  list.o(i.uxListRemove)
    vApplicationMallocFailedHook             0x08006269   Thumb Code    28  bms_tasks.o(i.vApplicationMallocFailedHook)
    vApplicationStackOverflowHook            0x080062a1   Thumb Code    40  bms_tasks.o(i.vApplicationStackOverflowHook)
    vListInitialise                          0x080062f1   Thumb Code    26  list.o(i.vListInitialise)
    vListInitialiseItem                      0x0800630b   Thumb Code     6  list.o(i.vListInitialiseItem)
    vListInsert                              0x08006311   Thumb Code    52  list.o(i.vListInsert)
    vListInsertEnd                           0x08006345   Thumb Code    24  list.o(i.vListInsertEnd)
    vPortEnterCritical                       0x0800635d   Thumb Code    80  port.o(i.vPortEnterCritical)
    vPortExitCritical                        0x080063b5   Thumb Code    60  port.o(i.vPortExitCritical)
    vPortFree                                0x080063f5   Thumb Code   148  heap_4.o(i.vPortFree)
    vPortSetupTimerInterrupt                 0x08006491   Thumb Code    36  port.o(i.vPortSetupTimerInterrupt)
    vTaskDelay                               0x080064b9   Thumb Code    86  tasks.o(i.vTaskDelay)
    vTaskStartScheduler                      0x08006519   Thumb Code   112  tasks.o(i.vTaskStartScheduler)
    vTaskSuspendAll                          0x080065a5   Thumb Code    12  tasks.o(i.vTaskSuspendAll)
    vTaskSwitchContext                       0x080065b5   Thumb Code   178  tasks.o(i.vTaskSwitchContext)
    xPortStartScheduler                      0x0800667d   Thumb Code   236  port.o(i.xPortStartScheduler)
    xPortSysTickHandler                      0x0800677d   Thumb Code    46  port.o(i.xPortSysTickHandler)
    xTaskCreate                              0x080067b1   Thumb Code    96  tasks.o(i.xTaskCreate)
    xTaskGetSchedulerState                   0x08006811   Thumb Code    24  tasks.o(i.xTaskGetSchedulerState)
    xTaskIncrementTick                       0x08006831   Thumb Code   286  tasks.o(i.xTaskIncrementTick)
    xTaskResumeAll                           0x0800697d   Thumb Code   228  tasks.o(i.xTaskResumeAll)
    AHBPrescTable                            0x08006a84   Data          16  system_stm32f1xx.o(.constdata)
    APBPrescTable                            0x08006a94   Data           8  system_stm32f1xx.o(.constdata)
    Region$$Table$$Base                      0x08006c34   Number         0  anon$$obj.o(Region$$Table)
    Region$$Table$$Limit                     0x08006c54   Number         0  anon$$obj.o(Region$$Table)
    SystemCoreClock                          0x20000000   Data           4  system_stm32f1xx.o(.data)
    uart1_rx_len                             0x20000006   Data           2  uart1.o(.data)
    uart1_cnt                                0x20000008   Data           2  uart1.o(.data)
    uart1_cntPre                             0x2000000a   Data           2  uart1.o(.data)
    pxCurrentTCB                             0x2000000c   Data           4  tasks.o(.data)
    uwTick                                   0x20000068   Data           4  stm32f1xx_hal.o(.data)
    uwTickPrio                               0x2000006c   Data           4  stm32f1xx_hal.o(.data)
    uwTickFreq                               0x20000070   Data           1  stm32f1xx_hal.o(.data)
    __stdout                                 0x20000074   Data           4  stdout.o(.data)
    uart1_rx_buf                             0x2000014c   Data         128  uart1.o(.bss)
    uart1_handle                             0x200001cc   Data          72  uart1.o(.bss)
    __initial_sp                             0x200026b8   Data           0  startup_stm32f103xb.o(STACK)



==============================================================================

Memory Map of the image

  Image Entry point : 0x080000ed

  Load Region LR_IROM1 (Base: 0x08000000, Size: 0x00006cd0, Max: 0x00010000, ABSOLUTE)

    Execution Region ER_IROM1 (Exec base: 0x08000000, Load base: 0x08000000, Size: 0x00006c54, Max: 0x00010000, ABSOLUTE)

    Exec Addr    Load Addr    Size         Type   Attr      Idx    E Section Name        Object

    0x08000000   0x08000000   0x000000ec   Data   RO            3    RESET               startup_stm32f103xb.o
    0x080000ec   0x080000ec   0x00000000   Code   RO         3598  * .ARM.Collect$$$$00000000  mc_w.l(entry.o)
    0x080000ec   0x080000ec   0x00000004   Code   RO         3896    .ARM.Collect$$$$00000001  mc_w.l(entry2.o)
    0x080000f0   0x080000f0   0x00000004   Code   RO         3899    .ARM.Collect$$$$00000004  mc_w.l(entry5.o)
    0x080000f4   0x080000f4   0x00000000   Code   RO         3901    .ARM.Collect$$$$00000008  mc_w.l(entry7b.o)
    0x080000f4   0x080000f4   0x00000000   Code   RO         3903    .ARM.Collect$$$$0000000A  mc_w.l(entry8b.o)
    0x080000f4   0x080000f4   0x00000008   Code   RO         3904    .ARM.Collect$$$$0000000B  mc_w.l(entry9a.o)
    0x080000fc   0x080000fc   0x00000004   Code   RO         3911    .ARM.Collect$$$$0000000E  mc_w.l(entry12b.o)
    0x08000100   0x08000100   0x00000000   Code   RO         3906    .ARM.Collect$$$$0000000F  mc_w.l(entry10a.o)
    0x08000100   0x08000100   0x00000000   Code   RO         3908    .ARM.Collect$$$$00000011  mc_w.l(entry11a.o)
    0x08000100   0x08000100   0x00000004   Code   RO         3897    .ARM.Collect$$$$00002712  mc_w.l(entry2.o)
    0x08000104   0x08000104   0x00000096   Code   RO         1948    .emb_text           port.o
    0x0800019a   0x0800019a   0x00000002   PAD
    0x0800019c   0x0800019c   0x00000024   Code   RO            4    .text               startup_stm32f103xb.o
    0x080001c0   0x080001c0   0x00000024   Code   RO         3603    .text               mc_w.l(memseta.o)
    0x080001e4   0x080001e4   0x000000b0   Code   RO         3868    .text               mf_w.l(fadd.o)
    0x08000294   0x08000294   0x00000064   Code   RO         3870    .text               mf_w.l(fmul.o)
    0x080002f8   0x080002f8   0x0000007c   Code   RO         3872    .text               mf_w.l(fdiv.o)
    0x08000374   0x08000374   0x0000000a   Code   RO         3874    .text               mf_w.l(ffltui.o)
    0x0800037e   0x0800037e   0x00000032   Code   RO         3876    .text               mf_w.l(ffixi.o)
    0x080003b0   0x080003b0   0x00000014   Code   RO         3878    .text               mf_w.l(cfcmple.o)
    0x080003c4   0x080003c4   0x00000014   Code   RO         3880    .text               mf_w.l(cfrcmple.o)
    0x080003d8   0x080003d8   0x00000062   Code   RO         3915    .text               mc_w.l(uldiv.o)
    0x0800043a   0x0800043a   0x00000000   Code   RO         3924    .text               mc_w.l(iusefp.o)
    0x0800043a   0x0800043a   0x0000006e   Code   RO         3925    .text               mf_w.l(fepilogue.o)
    0x080004a8   0x080004a8   0x00000018   Code   RO         3927    .text               mf_w.l(fscalb.o)
    0x080004c0   0x080004c0   0x00000012   Code   RO         3935    .text               mf_w.l(fflti.o)
    0x080004d2   0x080004d2   0x00000002   PAD
    0x080004d4   0x080004d4   0x00000024   Code   RO         3941    .text               mc_w.l(init.o)
    0x080004f8   0x080004f8   0x0000001e   Code   RO         3943    .text               mc_w.l(llshl.o)
    0x08000516   0x08000516   0x00000020   Code   RO         3945    .text               mc_w.l(llushr.o)
    0x08000536   0x08000536   0x00000002   PAD
    0x08000538   0x08000538   0x00000054   Code   RO          494    i.BMS_CoreTask      bms_tasks.o
    0x0800058c   0x0800058c   0x00000054   Code   RO          495    i.BMS_TasksCreate   bms_tasks.o
    0x080005e0   0x080005e0   0x0000001c   Code   RO         1318    i.BQ76200_CHG_EN_ReadBack  bq76200_exec_port.o
    0x080005fc   0x080005fc   0x00000020   Code   RO         1319    i.BQ76200_CHG_EN_Write  bq76200_exec_port.o
    0x0800061c   0x0800061c   0x0000001c   Code   RO         1320    i.BQ76200_CP_EN_ReadBack  bq76200_exec_port.o
    0x08000638   0x08000638   0x00000020   Code   RO         1321    i.BQ76200_CP_EN_Write  bq76200_exec_port.o
    0x08000658   0x08000658   0x0000001c   Code   RO         1322    i.BQ76200_DSG_EN_ReadBack  bq76200_exec_port.o
    0x08000674   0x08000674   0x00000020   Code   RO         1323    i.BQ76200_DSG_EN_Write  bq76200_exec_port.o
    0x08000694   0x08000694   0x000000cc   Code   RO          563    i.BQ76200_ExecApplyState  bq76200_exec.o
    0x08000760   0x08000760   0x0000001c   Code   RO          565    i.BQ76200_ExecInit  bq76200_exec.o
    0x0800077c   0x0800077c   0x000000f8   Code   RO          566    i.BQ76200_ExecPrintState  bq76200_exec.o
    0x08000874   0x08000874   0x00000078   Code   RO          567    i.BQ76200_ExecStateToString  bq76200_exec.o
    0x080008ec   0x080008ec   0x0000004a   Code   RO          568    i.BQ76200_ExecUpdate  bq76200_exec.o
    0x08000936   0x08000936   0x00000002   PAD
    0x08000938   0x08000938   0x0000001c   Code   RO         1324    i.BQ76200_PCHG_EN_ReadBack  bq76200_exec_port.o
    0x08000954   0x08000954   0x00000020   Code   RO         1325    i.BQ76200_PCHG_EN_Write  bq76200_exec_port.o
    0x08000974   0x08000974   0x00000080   Code   RO         1326    i.BQ76200_PortInit  bq76200_exec_port.o
    0x080009f4   0x080009f4   0x00000060   Code   RO          816    i.BQ76940_AnalyzeCellVoltages9  bq76940_drv.o
    0x08000a54   0x08000a54   0x00000220   Code   RO          374    i.BQ76940_AppBringUpAndSelfTest  bq76940_app.o
    0x08000c74   0x08000c74   0x00000038   Code   RO          375    i.BQ76940_AppBuildAlarmFlags  bq76940_app.o
    0x08000cac   0x08000cac   0x00000042   Code   RO          376    i.BQ76940_AppBuildProtectFlags  bq76940_app.o
    0x08000cee   0x08000cee   0x00000002   PAD
    0x08000cf0   0x08000cf0   0x0000016c   Code   RO          377    i.BQ76940_AppHandleAutoBalance  bq76940_app.o
    0x08000e5c   0x08000e5c   0x000001e8   Code   RO          378    i.BQ76940_AppHandleLowTempProtect  bq76940_app.o
    0x08001044   0x08001044   0x000002ac   Code   RO          379    i.BQ76940_AppHandleOcdScdProtect  bq76940_app.o
    0x080012f0   0x080012f0   0x00000150   Code   RO          380    i.BQ76940_AppHandleTempProtect  bq76940_app.o
    0x08001440   0x08001440   0x0000010a   Code   RO          381    i.BQ76940_AppInitDefaultConfig  bq76940_app.o
    0x0800154a   0x0800154a   0x00000090   Code   RO          382    i.BQ76940_AppIsBalanceAllowed  bq76940_app.o
    0x080015da   0x080015da   0x0000001a   Code   RO          383    i.BQ76940_AppJudgeCurrentDir  bq76940_app.o
    0x080015f4   0x080015f4   0x00000014   Code   RO          384    i.BQ76940_AppPackI32LE  bq76940_app.o
    0x08001608   0x08001608   0x0000000c   Code   RO          385    i.BQ76940_AppPackU16LE  bq76940_app.o
    0x08001614   0x08001614   0x0000001c   Code   RO          386    i.BQ76940_AppPackU32LE  bq76940_app.o
    0x08001630   0x08001630   0x0000008c   Code   RO          387    i.BQ76940_AppPrintSysCtrl2Readback  bq76940_app.o
    0x080016bc   0x080016bc   0x0000052c   Code   RO          388    i.BQ76940_AppRunCycle  bq76940_app.o
    0x08001be8   0x08001be8   0x000000f4   Code   RO          389    i.BQ76940_AppSendCanTelemetry  bq76940_app.o
    0x08001cdc   0x08001cdc   0x000000d0   Code   RO          390    i.BQ76940_AppStartBalance  bq76940_app.o
    0x08001dac   0x08001dac   0x000000c4   Code   RO          391    i.BQ76940_AppStopBalance  bq76940_app.o
    0x08001e70   0x08001e70   0x00000050   Code   RO          817    i.BQ76940_BuildSingleCellBalMask  bq76940_drv.o
    0x08001ec0   0x08001ec0   0x0000001c   Code   RO          818    i.BQ76940_CC_ConvertToCurrent_mA  bq76940_drv.o
    0x08001edc   0x08001edc   0x000000b8   Code   RO          819    i.BQ76940_CC_ReadRaw  bq76940_drv.o
    0x08001f94   0x08001f94   0x00000070   Code   RO          820    i.BQ76940_CC_StartOneShot  bq76940_drv.o
    0x08002004   0x08002004   0x00000038   Code   RO          821    i.BQ76940_CC_WaitReady  bq76940_drv.o
    0x0800203c   0x0800203c   0x00000044   Code   RO          822    i.BQ76940_CRC8      bq76940_drv.o
    0x08002080   0x08002080   0x00000016   Code   RO         1140    i.BQ76940_CalcOvTripFrommV  bq76940_protect.o
    0x08002096   0x08002096   0x00000020   Code   RO          823    i.BQ76940_CalcPackVoltage9_mV  bq76940_drv.o
    0x080020b6   0x080020b6   0x00000016   Code   RO         1141    i.BQ76940_CalcUvTripFrommV  bq76940_protect.o
    0x080020cc   0x080020cc   0x00000010   Code   RO          824    i.BQ76940_ClearCellBalRegs  bq76940_drv.o
    0x080020dc   0x080020dc   0x0000000e   Code   RO          825    i.BQ76940_ClearSysStatBits  bq76940_drv.o
    0x080020ea   0x080020ea   0x0000003a   Code   RO          826    i.BQ76940_ConvertCellVoltage_mV  bq76940_drv.o
    0x08002124   0x08002124   0x0000010c   Code   RO          827    i.BQ76940_ConvertTS1Temp_dC  bq76940_drv.o
    0x08002230   0x08002230   0x00000062   Code   RO          828    i.BQ76940_GetAdcCalib  bq76940_drv.o
    0x08002292   0x08002292   0x00000002   PAD
    0x08002294   0x08002294   0x00000034   Code   RO          829    i.BQ76940_InitForBringUp  bq76940_drv.o
    0x080022c8   0x080022c8   0x000000a2   Code   RO         1142    i.BQ76940_LoadProtectionParams  bq76940_protect.o
    0x0800236a   0x0800236a   0x00000002   PAD
    0x0800236c   0x0800236c   0x0000014c   Code   RO         1048    i.BQ76940_PrintAlarmFlags9  bq76940_print.o
    0x080024b8   0x080024b8   0x000000d4   Code   RO         1049    i.BQ76940_PrintAlarmThresholds9  bq76940_print.o
    0x0800258c   0x0800258c   0x00000098   Code   RO         1050    i.BQ76940_PrintAllMappedCellVoltages9  bq76940_print.o
    0x08002624   0x08002624   0x000000d8   Code   RO         1051    i.BQ76940_PrintBalanceAutoState  bq76940_print.o
    0x080026fc   0x080026fc   0x00000144   Code   RO         1052    i.BQ76940_PrintBasicRegs  bq76940_print.o
    0x08002840   0x08002840   0x000000f4   Code   RO         1054    i.BQ76940_PrintCellStats9  bq76940_print.o
    0x08002934   0x08002934   0x00000238   Code   RO         1055    i.BQ76940_PrintCycleSummary9  bq76940_print.o
    0x08002b6c   0x08002b6c   0x000000b8   Code   RO         1056    i.BQ76940_PrintLowTempAlarmTs1  bq76940_print.o
    0x08002c24   0x08002c24   0x000001b0   Code   RO         1057    i.BQ76940_PrintPackCurrent  bq76940_print.o
    0x08002dd4   0x08002dd4   0x00000078   Code   RO          830    i.BQ76940_PrintRegBits  bq76940_drv.o
    0x08002e4c   0x08002e4c   0x00000024   Code   RO          831    i.BQ76940_PrintSysCtrl2  bq76940_drv.o
    0x08002e70   0x08002e70   0x00000024   Code   RO          832    i.BQ76940_PrintSysStat  bq76940_drv.o
    0x08002e94   0x08002e94   0x000000b0   Code   RO         1058    i.BQ76940_PrintTS1Temp  bq76940_print.o
    0x08002f44   0x08002f44   0x000000b4   Code   RO         1059    i.BQ76940_PrintTempAlarmTs1  bq76940_print.o
    0x08002ff8   0x08002ff8   0x0000003a   Code   RO         1143    i.BQ76940_ProtectBringUp  bq76940_protect.o
    0x08003032   0x08003032   0x00000012   Code   RO         1145    i.BQ76940_ProtectGetActiveFaultMask  bq76940_protect.o
    0x08003044   0x08003044   0x00000140   Code   RO         1146    i.BQ76940_ProtectLoadConfig  bq76940_protect.o
    0x08003184   0x08003184   0x0000004e   Code   RO         1147    i.BQ76940_ProtectLoadOcdScd  bq76940_protect.o
    0x080031d2   0x080031d2   0x00000002   PAD
    0x080031d4   0x080031d4   0x000000a4   Code   RO         1149    i.BQ76940_ProtectPrintFaultStatus  bq76940_protect.o
    0x08003278   0x08003278   0x00000014   Code   RO         1150    i.BQ76940_ProtectPrintStatus  bq76940_protect.o
    0x0800328c   0x0800328c   0x0000001c   Code   RO         1151    i.BQ76940_ProtectReadFaultStatus  bq76940_protect.o
    0x080032a8   0x080032a8   0x0000002e   Code   RO         1152    i.BQ76940_ProtectReadStatus  bq76940_protect.o
    0x080032d6   0x080032d6   0x0000004c   Code   RO          833    i.BQ76940_ReadAllMappedCellVoltages9_mV  bq76940_drv.o
    0x08003322   0x08003322   0x0000008e   Code   RO          834    i.BQ76940_ReadBasicRegs  bq76940_drv.o
    0x080033b0   0x080033b0   0x00000016   Code   RO          835    i.BQ76940_ReadByteReg  bq76940_drv.o
    0x080033c6   0x080033c6   0x00000038   Code   RO          837    i.BQ76940_ReadCellBalRegs  bq76940_drv.o
    0x080033fe   0x080033fe   0x00000042   Code   RO          838    i.BQ76940_ReadCellVoltageRaw  bq76940_drv.o
    0x08003440   0x08003440   0x00000074   Code   RO          839    i.BQ76940_ReadMappedCellVoltage9_mV  bq76940_drv.o
    0x080034b4   0x080034b4   0x00000018   Code   RO          840    i.BQ76940_ReadReg   bq76940_drv.o
    0x080034cc   0x080034cc   0x0000000e   Code   RO          842    i.BQ76940_ReadSysCtrl2  bq76940_drv.o
    0x080034da   0x080034da   0x0000000e   Code   RO          843    i.BQ76940_ReadSysStat  bq76940_drv.o
    0x080034e8   0x080034e8   0x0000003e   Code   RO          844    i.BQ76940_ReadTS1Raw  bq76940_drv.o
    0x08003526   0x08003526   0x00000046   Code   RO          845    i.BQ76940_SetCHGState  bq76940_drv.o
    0x0800356c   0x0800356c   0x00000046   Code   RO          846    i.BQ76940_SetDSGState  bq76940_drv.o
    0x080035b2   0x080035b2   0x00000064   Code   RO          847    i.BQ76940_SetFETState  bq76940_drv.o
    0x08003616   0x08003616   0x00000002   PAD
    0x08003618   0x08003618   0x000001b4   Code   RO         1236    i.BQ76940_UpdateAlarmState9  bq76940_alarm.o
    0x080037cc   0x080037cc   0x0000002e   Code   RO         1237    i.BQ76940_UpdateLowTempAlarmTs1  bq76940_alarm.o
    0x080037fa   0x080037fa   0x0000002e   Code   RO         1238    i.BQ76940_UpdateTempAlarmTs1  bq76940_alarm.o
    0x08003828   0x08003828   0x00000038   Code   RO          848    i.BQ76940_WriteCellBalRegs  bq76940_drv.o
    0x08003860   0x08003860   0x0000008c   Code   RO          850    i.BQ76940_WriteReg_CRC  bq76940_drv.o
    0x080038ec   0x080038ec   0x00000014   Code   RO          661    i.BQ_WAKE_High      io_ctrl.o
    0x08003900   0x08003900   0x00000014   Code   RO          662    i.BQ_WAKE_Low       io_ctrl.o
    0x08003914   0x08003914   0x00000018   Code   RO          663    i.BQ_WAKE_Pulse     io_ctrl.o
    0x0800392c   0x0800392c   0x00000004   Code   RO          274    i.BusFault_Handler  stm32f1xx_it.o
    0x08003930   0x08003930   0x0000012c   Code   RO         1273    i.CAN_DrvInit       can_drv.o
    0x08003a5c   0x08003a5c   0x0000000c   Code   RO         1274    i.CAN_DrvIsReady    can_drv.o
    0x08003a68   0x08003a68   0x0000007c   Code   RO         1275    i.CAN_DrvSendStd    can_drv.o
    0x08003ae4   0x08003ae4   0x00000002   Code   RO          275    i.DebugMon_Handler  stm32f1xx_it.o
    0x08003ae6   0x08003ae6   0x0000014a   Code   RO         2575    i.HAL_CAN_AddTxMessage  stm32f1xx_hal_can.o
    0x08003c30   0x08003c30   0x0000010a   Code   RO         2576    i.HAL_CAN_ConfigFilter  stm32f1xx_hal_can.o
    0x08003d3a   0x08003d3a   0x00000036   Code   RO         2584    i.HAL_CAN_GetTxMailboxesFreeLevel  stm32f1xx_hal_can.o
    0x08003d70   0x08003d70   0x00000174   Code   RO         2587    i.HAL_CAN_Init      stm32f1xx_hal_can.o
    0x08003ee4   0x08003ee4   0x00000088   Code   RO         1276    i.HAL_CAN_MspInit   can_drv.o
    0x08003f6c   0x08003f6c   0x0000005e   Code   RO         2599    i.HAL_CAN_Start     stm32f1xx_hal_can.o
    0x08003fca   0x08003fca   0x00000002   PAD
    0x08003fcc   0x08003fcc   0x00000320   Code   RO         2474    i.HAL_GPIO_Init     stm32f1xx_hal_gpio.o
    0x080042ec   0x080042ec   0x00000010   Code   RO         2476    i.HAL_GPIO_ReadPin  stm32f1xx_hal_gpio.o
    0x080042fc   0x080042fc   0x00000014   Code   RO         2477    i.HAL_GPIO_TogglePin  stm32f1xx_hal_gpio.o
    0x08004310   0x08004310   0x0000000c   Code   RO         2478    i.HAL_GPIO_WritePin  stm32f1xx_hal_gpio.o
    0x0800431c   0x0800431c   0x0000000c   Code   RO         2091    i.HAL_GetTick       stm32f1xx_hal.o
    0x08004328   0x08004328   0x00000018   Code   RO         2097    i.HAL_IncTick       stm32f1xx_hal.o
    0x08004340   0x08004340   0x00000028   Code   RO         2098    i.HAL_Init          stm32f1xx_hal.o
    0x08004368   0x08004368   0x0000004c   Code   RO         2099    i.HAL_InitTick      stm32f1xx_hal.o
    0x080043b4   0x080043b4   0x00000002   Code   RO         2101    i.HAL_MspInit       stm32f1xx_hal.o
    0x080043b6   0x080043b6   0x00000020   Code   RO         2256    i.HAL_NVIC_EnableIRQ  stm32f1xx_hal_cortex.o
    0x080043d6   0x080043d6   0x0000007c   Code   RO         2262    i.HAL_NVIC_SetPriority  stm32f1xx_hal_cortex.o
    0x08004452   0x08004452   0x00000002   PAD
    0x08004454   0x08004454   0x00000028   Code   RO         2263    i.HAL_NVIC_SetPriorityGrouping  stm32f1xx_hal_cortex.o
    0x0800447c   0x0800447c   0x0000018c   Code   RO         3447    i.HAL_RCC_ClockConfig  stm32f1xx_hal_rcc.o
    0x08004608   0x08004608   0x0000000c   Code   RO         3452    i.HAL_RCC_GetHCLKFreq  stm32f1xx_hal_rcc.o
    0x08004614   0x08004614   0x00000020   Code   RO         3454    i.HAL_RCC_GetPCLK1Freq  stm32f1xx_hal_rcc.o
    0x08004634   0x08004634   0x00000020   Code   RO         3455    i.HAL_RCC_GetPCLK2Freq  stm32f1xx_hal_rcc.o
    0x08004654   0x08004654   0x00000070   Code   RO         3456    i.HAL_RCC_GetSysClockFreq  stm32f1xx_hal_rcc.o
    0x080046c4   0x080046c4   0x00000464   Code   RO         3459    i.HAL_RCC_OscConfig  stm32f1xx_hal_rcc.o
    0x08004b28   0x08004b28   0x00000034   Code   RO         2267    i.HAL_SYSTICK_Config  stm32f1xx_hal_cortex.o
    0x08004b5c   0x08004b5c   0x00000076   Code   RO         2837    i.HAL_UART_Init     stm32f1xx_hal_uart.o
    0x08004bd2   0x08004bd2   0x00000002   PAD
    0x08004bd4   0x08004bd4   0x000000a8   Code   RO         1464    i.HAL_UART_MspInit  uart1.o
    0x08004c7c   0x08004c7c   0x000000bc   Code   RO         2840    i.HAL_UART_Receive  stm32f1xx_hal_uart.o
    0x08004d38   0x08004d38   0x00000004   Code   RO          276    i.HardFault_Handler  stm32f1xx_it.o
    0x08004d3c   0x08004d3c   0x00000054   Code   RO          664    i.IO_CTRL_Init      io_ctrl.o
    0x08004d90   0x08004d90   0x00000010   Code   RO          496    i.LED_Task          bms_tasks.o
    0x08004da0   0x08004da0   0x00000004   Code   RO          277    i.MemManage_Handler  stm32f1xx_it.o
    0x08004da4   0x08004da4   0x00000002   Code   RO          278    i.NMI_Handler       stm32f1xx_it.o
    0x08004da6   0x08004da6   0x00000002   PAD
    0x08004da8   0x08004da8   0x00000028   Code   RO         3460    i.RCC_Delay         stm32f1xx_hal_rcc.o
    0x08004dd0   0x08004dd0   0x00000024   Code   RO          703    i.SoftI2C1_Ack      soft_i2c1.o
    0x08004df4   0x08004df4   0x00000070   Code   RO          704    i.SoftI2C1_Init     soft_i2c1.o
    0x08004e64   0x08004e64   0x00000024   Code   RO          705    i.SoftI2C1_NAck     soft_i2c1.o
    0x08004e88   0x08004e88   0x0000004c   Code   RO          706    i.SoftI2C1_ReadByte  soft_i2c1.o
    0x08004ed4   0x08004ed4   0x0000005c   Code   RO          707    i.SoftI2C1_ReadReg  soft_i2c1.o
    0x08004f30   0x08004f30   0x00000014   Code   RO          708    i.SoftI2C1_ReadSDA  soft_i2c1.o
    0x08004f44   0x08004f44   0x00000014   Code   RO          709    i.SoftI2C1_SCL_High  soft_i2c1.o
    0x08004f58   0x08004f58   0x00000014   Code   RO          710    i.SoftI2C1_SCL_Low  soft_i2c1.o
    0x08004f6c   0x08004f6c   0x00000014   Code   RO          711    i.SoftI2C1_SDA_High  soft_i2c1.o
    0x08004f80   0x08004f80   0x00000028   Code   RO          712    i.SoftI2C1_SDA_In   soft_i2c1.o
    0x08004fa8   0x08004fa8   0x00000014   Code   RO          713    i.SoftI2C1_SDA_Low  soft_i2c1.o
    0x08004fbc   0x08004fbc   0x0000002c   Code   RO          714    i.SoftI2C1_SDA_Out  soft_i2c1.o
    0x08004fe8   0x08004fe8   0x00000048   Code   RO          715    i.SoftI2C1_SendByte  soft_i2c1.o
    0x08005030   0x08005030   0x0000002a   Code   RO          716    i.SoftI2C1_Start    soft_i2c1.o
    0x0800505a   0x0800505a   0x0000002a   Code   RO          717    i.SoftI2C1_Stop     soft_i2c1.o
    0x08005084   0x08005084   0x00000044   Code   RO          718    i.SoftI2C1_WaitAck  soft_i2c1.o
    0x080050c8   0x080050c8   0x00000014   Code   RO          279    i.SysTick_Handler   stm32f1xx_it.o
    0x080050dc   0x080050dc   0x00000002   Code   RO          338    i.SystemInit        system_stm32f1xx.o
    0x080050de   0x080050de   0x00000002   PAD
    0x080050e0   0x080050e0   0x000000fc   Code   RO         2864    i.UART_SetConfig    stm32f1xx_hal_uart.o
    0x080051dc   0x080051dc   0x00000092   Code   RO         2868    i.UART_WaitOnFlagUntilTimeout  stm32f1xx_hal_uart.o
    0x0800526e   0x0800526e   0x00000002   PAD
    0x08005270   0x08005270   0x00000084   Code   RO         1465    i.USART1_IRQHandler  uart1.o
    0x080052f4   0x080052f4   0x00000004   Code   RO          280    i.UsageFault_Handler  stm32f1xx_it.o
    0x080052f8   0x080052f8   0x00000020   Code   RO         3814    i.__0printf$8       mc_w.l(printf8.o)
    0x08005318   0x08005318   0x00000010   Code   RO         2269    i.__NVIC_GetPriorityGrouping  stm32f1xx_hal_cortex.o
    0x08005328   0x08005328   0x00000028   Code   RO         2270    i.__NVIC_SetPriority  stm32f1xx_hal_cortex.o
    0x08005350   0x08005350   0x0000000a   Code   RO         3882    i.__mathlib_flt_divzero  m_ws.l(funder.o)
    0x0800535a   0x0800535a   0x00000006   Code   RO         3883    i.__mathlib_flt_infnan  m_ws.l(funder.o)
    0x08005360   0x08005360   0x00000008   Code   RO         3885    i.__mathlib_flt_invalid  m_ws.l(funder.o)
    0x08005368   0x08005368   0x0000000e   Code   RO         3953    i.__scatterload_copy  mc_w.l(handlers.o)
    0x08005376   0x08005376   0x00000002   Code   RO         3954    i.__scatterload_null  mc_w.l(handlers.o)
    0x08005378   0x08005378   0x0000000e   Code   RO         3955    i.__scatterload_zeroinit  mc_w.l(handlers.o)
    0x08005386   0x08005386   0x00000002   PAD
    0x08005388   0x08005388   0x0000000c   Code   RO         3919    i.__set_errno       mc_w.l(errno.o)
    0x08005394   0x08005394   0x00000404   Code   RO         3821    i._printf_core      mc_w.l(printf8.o)
    0x08005798   0x08005798   0x00000024   Code   RO         3822    i._printf_post_padding  mc_w.l(printf8.o)
    0x080057bc   0x080057bc   0x0000002e   Code   RO         3823    i._printf_pre_padding  mc_w.l(printf8.o)
    0x080057ea   0x080057ea   0x00000002   PAD
    0x080057ec   0x080057ec   0x0000003c   Code   RO         1391    i.delay_dwt_init    delay.o
    0x08005828   0x08005828   0x00000044   Code   RO         1392    i.delay_ms          delay.o
    0x0800586c   0x0800586c   0x0000003c   Code   RO         1394    i.delay_us          delay.o
    0x080058a8   0x080058a8   0x0000001c   Code   RO         1466    i.fputc             uart1.o
    0x080058c4   0x080058c4   0x00000014   Code   RO          619    i.led1_off          led.o
    0x080058d8   0x080058d8   0x00000014   Code   RO          620    i.led1_on           led.o
    0x080058ec   0x080058ec   0x00000014   Code   RO          621    i.led1_toggle       led.o
    0x08005900   0x08005900   0x00000078   Code   RO          622    i.led_init          led.o
    0x08005978   0x08005978   0x00000190   Code   RO         3589    i.logf              m_ws.l(logf.o)
    0x08005b08   0x08005b08   0x00000118   Code   RO           13    i.main              main.o
    0x08005c20   0x08005c20   0x00000080   Code   RO         1532    i.prvAddCurrentTaskToDelayedList  tasks.o
    0x08005ca0   0x08005ca0   0x000000b4   Code   RO         1533    i.prvAddNewTaskToReadyList  tasks.o
    0x08005d54   0x08005d54   0x00000002   Code   RO         1534    i.prvCheckTasksWaitingTermination  tasks.o
    0x08005d56   0x08005d56   0x00000002   PAD
    0x08005d58   0x08005d58   0x0000007c   Code   RO         2025    i.prvHeapInit       heap_4.o
    0x08005dd4   0x08005dd4   0x00000028   Code   RO         1535    i.prvIdleTask       tasks.o
    0x08005dfc   0x08005dfc   0x000000b6   Code   RO         1536    i.prvInitialiseNewTask  tasks.o
    0x08005eb2   0x08005eb2   0x00000002   PAD
    0x08005eb4   0x08005eb4   0x00000054   Code   RO         1537    i.prvInitialiseTaskLists  tasks.o
    0x08005f08   0x08005f08   0x00000068   Code   RO         2026    i.prvInsertBlockIntoFreeList  heap_4.o
    0x08005f70   0x08005f70   0x00000034   Code   RO         1538    i.prvResetNextTaskUnblockTime  tasks.o
    0x08005fa4   0x08005fa4   0x00000044   Code   RO         1949    i.prvTaskExitError  port.o
    0x08005fe8   0x08005fe8   0x00000154   Code   RO         2027    i.pvPortMalloc      heap_4.o
    0x0800613c   0x0800613c   0x00000024   Code   RO         1950    i.pxPortInitialiseStack  port.o
    0x08006160   0x08006160   0x00000066   Code   RO         1440    i.stm32_clock_init  sys.o
    0x080061c6   0x080061c6   0x00000002   PAD
    0x080061c8   0x080061c8   0x0000002c   Code   RO         1467    i.uart1_init        uart1.o
    0x080061f4   0x080061f4   0x00000030   Code   RO         1468    i.uart1_print_hex   uart1.o
    0x08006224   0x08006224   0x0000001c   Code   RO         1470    i.uart1_rx_clear    uart1.o
    0x08006240   0x08006240   0x00000028   Code   RO         1909    i.uxListRemove      list.o
    0x08006268   0x08006268   0x00000038   Code   RO          497    i.vApplicationMallocFailedHook  bms_tasks.o
    0x080062a0   0x080062a0   0x00000050   Code   RO          498    i.vApplicationStackOverflowHook  bms_tasks.o
    0x080062f0   0x080062f0   0x0000001a   Code   RO         1910    i.vListInitialise   list.o
    0x0800630a   0x0800630a   0x00000006   Code   RO         1911    i.vListInitialiseItem  list.o
    0x08006310   0x08006310   0x00000034   Code   RO         1912    i.vListInsert       list.o
    0x08006344   0x08006344   0x00000018   Code   RO         1913    i.vListInsertEnd    list.o
    0x0800635c   0x0800635c   0x00000058   Code   RO         1952    i.vPortEnterCritical  port.o
    0x080063b4   0x080063b4   0x00000040   Code   RO         1953    i.vPortExitCritical  port.o
    0x080063f4   0x080063f4   0x0000009c   Code   RO         2028    i.vPortFree         heap_4.o
    0x08006490   0x08006490   0x00000028   Code   RO         1954    i.vPortSetupTimerInterrupt  port.o
    0x080064b8   0x080064b8   0x00000060   Code   RO         1542    i.vTaskDelay        tasks.o
    0x08006518   0x08006518   0x0000008c   Code   RO         1551    i.vTaskStartScheduler  tasks.o
    0x080065a4   0x080065a4   0x00000010   Code   RO         1552    i.vTaskSuspendAll   tasks.o
    0x080065b4   0x080065b4   0x000000c8   Code   RO         1553    i.vTaskSwitchContext  tasks.o
    0x0800667c   0x0800667c   0x00000100   Code   RO         1956    i.xPortStartScheduler  port.o
    0x0800677c   0x0800677c   0x00000034   Code   RO         1957    i.xPortSysTickHandler  port.o
    0x080067b0   0x080067b0   0x00000060   Code   RO         1555    i.xTaskCreate       tasks.o
    0x08006810   0x08006810   0x00000020   Code   RO         1558    i.xTaskGetSchedulerState  tasks.o
    0x08006830   0x08006830   0x0000014c   Code   RO         1561    i.xTaskIncrementTick  tasks.o
    0x0800697c   0x0800697c   0x00000108   Code   RO         1565    i.xTaskResumeAll    tasks.o
    0x08006a84   0x08006a84   0x00000018   Data   RO          339    .constdata          system_stm32f1xx.o
    0x08006a9c   0x08006a9c   0x0000008f   Data   RO          851    .constdata          bq76940_drv.o
    0x08006b2b   0x08006b2b   0x00000009   Data   RO         1060    .constdata          bq76940_print.o
    0x08006b34   0x08006b34   0x00000009   Data   RO         1239    .constdata          bq76940_alarm.o
    0x08006b3d   0x08006b3d   0x00000012   Data   RO         3461    .constdata          stm32f1xx_hal_rcc.o
    0x08006b4f   0x08006b4f   0x00000001   PAD
    0x08006b50   0x08006b50   0x00000040   Data   RO         3590    .constdata          m_ws.l(logf.o)
    0x08006b90   0x08006b90   0x0000005d   Data   RO          852    .conststring        bq76940_drv.o
    0x08006bed   0x08006bed   0x00000003   PAD
    0x08006bf0   0x08006bf0   0x00000041   Data   RO         1061    .conststring        bq76940_print.o
    0x08006c31   0x08006c31   0x00000003   PAD
    0x08006c34   0x08006c34   0x00000020   Data   RO         3951    Region$$Table       anon$$obj.o


    Execution Region RW_IRAM1 (Exec base: 0x20000000, Load base: 0x08006c54, Size: 0x000026b8, Max: 0x00005000, ABSOLUTE)

    Exec Addr    Load Addr    Size         Type   Attr      Idx    E Section Name        Object

    0x20000000   0x08006c54   0x00000004   Data   RW          340    .data               system_stm32f1xx.o
    0x20000004   0x08006c58   0x00000001   Data   RW         1278    .data               can_drv.o
    0x20000005   0x08006c59   0x00000001   PAD
    0x20000006   0x08006c5a   0x00000006   Data   RW         1473    .data               uart1.o
    0x2000000c   0x08006c60   0x00000038   Data   RW         1567    .data               tasks.o
    0x20000044   0x08006c98   0x0000000c   Data   RW         1958    .data               port.o
    0x20000050   0x08006ca4   0x00000018   Data   RW         2033    .data               heap_4.o
    0x20000068   0x08006cbc   0x00000009   Data   RW         2105    .data               stm32f1xx_hal.o
    0x20000071   0x08006cc5   0x00000003   PAD
    0x20000074   0x08006cc8   0x00000004   Data   RW         3912    .data               mc_w.l(stdout.o)
    0x20000078   0x08006ccc   0x00000004   Data   RW         3920    .data               mc_w.l(errno.o)
    0x2000007c        -       0x000000a8   Zero   RW           14    .bss                main.o
    0x20000124        -       0x00000028   Zero   RW         1277    .bss                can_drv.o
    0x2000014c        -       0x000000c8   Zero   RW         1472    .bss                uart1.o
    0x20000214        -       0x000000a0   Zero   RW         1566    .bss                tasks.o
    0x200002b4        -       0x00002000   Zero   RW         2032    .bss                heap_4.o
    0x200022b4   0x08006cd0   0x00000004   PAD
    0x200022b8        -       0x00000400   Zero   RW            1    STACK               startup_stm32f103xb.o


==============================================================================

Image component sizes


      Code (inc. data)   RO Data    RW Data    ZI Data      Debug   Object Name

       320        134          0          0          0      10637   bms_tasks.o
       674        230          0          0          0       3797   bq76200_exec.o
       368         56          0          0          0       5743   bq76200_exec_port.o
       528          6          9          0          0       3421   bq76940_alarm.o
      5146       2290          0          0          0      14589   bq76940_app.o
      2382        210        236          0          0      23816   bq76940_drv.o
      3020       1814         74          0          0       8598   bq76940_print.o
       938        294          0          0          0       8690   bq76940_protect.o
       572        162          0          1         40       3374   can_drv.o
       188         24          0          0          0       5270   delay.o
       724         64          0         24       8192       4747   heap_4.o
       148         20          0          0          0       2512   io_ctrl.o
       180         28          0          0          0       2358   led.o
       148          0          0          0          0       3478   list.o
       280        146          0          0        168     421207   main.o
       754         64          0         12          0      10580   port.o
       760         42          0          0          0       9258   soft_i2c1.o
        36          8        236          0       1024        932   startup_stm32f103xb.o
       154         32          0          9          0       5831   stm32f1xx_hal.o
      1116          0          0          0          0       4767   stm32f1xx_hal_can.o
       304         22          0          0          0      29499   stm32f1xx_hal_cortex.o
       848         34          0          0          0       3984   stm32f1xx_hal_gpio.o
      1748         98         18          0          0       6060   stm32f1xx_hal_rcc.o
       704          4          0          0          0       3831   stm32f1xx_hal_uart.o
        40          0          0          0          0       3107   stm32f1xx_it.o
       102          0          0          0          0        707   sys.o
         2          0         24          4          0       1355   system_stm32f1xx.o
      1844        252          0         56        160      24854   tasks.o
       448         62          0          6        200       4403   uart1.o

    ----------------------------------------------------------------------
     24508       6096        636        116       9788     631405   Object Totals
         0          0         32          0          0          0   (incl. Generated)
        32          0          7          4          4          0   (incl. Padding)

    ----------------------------------------------------------------------

      Code (inc. data)   RO Data    RW Data    ZI Data      Debug   Library Member Name

        24          0          0          0          0        204   funder.o
       400         38         64          0          0        132   logf.o
         0          0          0          0          0          0   entry.o
         0          0          0          0          0          0   entry10a.o
         0          0          0          0          0          0   entry11a.o
         4          0          0          0          0          0   entry12b.o
         8          4          0          0          0          0   entry2.o
         4          0          0          0          0          0   entry5.o
         0          0          0          0          0          0   entry7b.o
         0          0          0          0          0          0   entry8b.o
         8          4          0          0          0          0   entry9a.o
        12          6          0          4          0         68   errno.o
        30          0          0          0          0          0   handlers.o
        36          8          0          0          0         68   init.o
         0          0          0          0          0          0   iusefp.o
        30          0          0          0          0         68   llshl.o
        32          0          0          0          0         68   llushr.o
        36          0          0          0          0        108   memseta.o
      1142         54          0          0          0        352   printf8.o
         0          0          0          4          0          0   stdout.o
        98          0          0          0          0         92   uldiv.o
        20          0          0          0          0         68   cfcmple.o
        20          0          0          0          0         68   cfrcmple.o
       176          0          0          0          0        140   fadd.o
       124          0          0          0          0         88   fdiv.o
       110          0          0          0          0        168   fepilogue.o
        50          0          0          0          0         68   ffixi.o
        18          0          0          0          0         68   fflti.o
        10          0          0          0          0         68   ffltui.o
       100          0          0          0          0         76   fmul.o
        24          0          0          0          0         68   fscalb.o

    ----------------------------------------------------------------------
      2524        114         64          8          0       2040   Library Totals
         8          0          0          0          0          0   (incl. Padding)

    ----------------------------------------------------------------------

      Code (inc. data)   RO Data    RW Data    ZI Data      Debug   Library Name

       424         38         64          0          0        336   m_ws.l
      1440         76          0          8          0        824   mc_w.l
       652          0          0          0          0        880   mf_w.l

    ----------------------------------------------------------------------
      2524        114         64          8          0       2040   Library Totals

    ----------------------------------------------------------------------

==============================================================================


      Code (inc. data)   RO Data    RW Data    ZI Data      Debug   

     27032       6210        700        124       9788     622157   Grand Totals
     27032       6210        700        124       9788     622157   ELF Image Totals
     27032       6210        700        124          0          0   ROM Totals

==============================================================================

    Total RO  Size (Code + RO Data)                27732 (  27.08kB)
    Total RW  Size (RW Data + ZI Data)              9912 (   9.68kB)
    Total ROM Size (Code + RO Data + RW Data)      27856 (  27.20kB)

==============================================================================

